CRITICAL - 2023-02-02 00:00:56 --> Call to undefined method App\Models\UserModel::get_webhook_id
in SYSTEMPATH/Model.php on line 774.
 1 APPPATH/Controllers/AppUninstallController.php(29): CodeIgniter\Model->__call()
 2 SYSTEMPATH/CodeIgniter.php(927): App\Controllers\AppUninstallController->uninstall_app()
 3 SYSTEMPATH/CodeIgniter.php(482): CodeIgniter\CodeIgniter->runController()
 4 SYSTEMPATH/CodeIgniter.php(351): CodeIgniter\CodeIgniter->handleRequest()
 5 FCPATH/index.php(67): CodeIgniter\CodeIgniter->run()
CRITICAL - 2023-02-02 00:04:00 --> Call to undefined method App\Models\UserModel::get_webhook_id
in SYSTEMPATH/Model.php on line 774.
 1 APPPATH/Controllers/AppUninstallController.php(29): CodeIgniter\Model->__call()
 2 SYSTEMPATH/CodeIgniter.php(927): App\Controllers\AppUninstallController->uninstall_app()
 3 SYSTEMPATH/CodeIgniter.php(482): CodeIgniter\CodeIgniter->runController()
 4 SYSTEMPATH/CodeIgniter.php(351): CodeIgniter\CodeIgniter->handleRequest()
 5 FCPATH/index.php(67): CodeIgniter\CodeIgniter->run()
CRITICAL - 2023-02-02 04:00:58 --> Call to undefined method App\Models\UserModel::get_webhook_id
in SYSTEMPATH/Model.php on line 774.
 1 APPPATH/Controllers/AppUninstallController.php(29): CodeIgniter\Model->__call()
 2 SYSTEMPATH/CodeIgniter.php(927): App\Controllers\AppUninstallController->uninstall_app()
 3 SYSTEMPATH/CodeIgniter.php(482): CodeIgniter\CodeIgniter->runController()
 4 SYSTEMPATH/CodeIgniter.php(351): CodeIgniter\CodeIgniter->handleRequest()
 5 FCPATH/index.php(67): CodeIgniter\CodeIgniter->run()
CRITICAL - 2023-02-02 04:04:02 --> Call to undefined method App\Models\UserModel::get_webhook_id
in SYSTEMPATH/Model.php on line 774.
 1 APPPATH/Controllers/AppUninstallController.php(29): CodeIgniter\Model->__call()
 2 SYSTEMPATH/CodeIgniter.php(927): App\Controllers\AppUninstallController->uninstall_app()
 3 SYSTEMPATH/CodeIgniter.php(482): CodeIgniter\CodeIgniter->runController()
 4 SYSTEMPATH/CodeIgniter.php(351): CodeIgniter\CodeIgniter->handleRequest()
 5 FCPATH/index.php(67): CodeIgniter\CodeIgniter->run()
CRITICAL - 2023-02-02 08:01:00 --> Call to undefined method App\Models\UserModel::get_webhook_id
in SYSTEMPATH/Model.php on line 774.
 1 APPPATH/Controllers/AppUninstallController.php(29): CodeIgniter\Model->__call()
 2 SYSTEMPATH/CodeIgniter.php(927): App\Controllers\AppUninstallController->uninstall_app()
 3 SYSTEMPATH/CodeIgniter.php(482): CodeIgniter\CodeIgniter->runController()
 4 SYSTEMPATH/CodeIgniter.php(351): CodeIgniter\CodeIgniter->handleRequest()
 5 FCPATH/index.php(67): CodeIgniter\CodeIgniter->run()
CRITICAL - 2023-02-02 08:04:04 --> Call to undefined method App\Models\UserModel::get_webhook_id
in SYSTEMPATH/Model.php on line 774.
 1 APPPATH/Controllers/AppUninstallController.php(29): CodeIgniter\Model->__call()
 2 SYSTEMPATH/CodeIgniter.php(927): App\Controllers\AppUninstallController->uninstall_app()
 3 SYSTEMPATH/CodeIgniter.php(482): CodeIgniter\CodeIgniter->runController()
 4 SYSTEMPATH/CodeIgniter.php(351): CodeIgniter\CodeIgniter->handleRequest()
 5 FCPATH/index.php(67): CodeIgniter\CodeIgniter->run()
ERROR - 2023-02-02 09:46:18 --> mysqli_sql_exception: Unknown column 'created_on' in 'field list' in /home/877186.cloudwaysapps.com/yvuxeuwabq/public_html/system/Database/MySQLi/Connection.php:292
Stack trace:
#0 /home/877186.cloudwaysapps.com/yvuxeuwabq/public_html/system/Database/MySQLi/Connection.php(292): mysqli->query()
#1 /home/877186.cloudwaysapps.com/yvuxeuwabq/public_html/system/Database/BaseConnection.php(666): CodeIgniter\Database\MySQLi\Connection->execute()
#2 /home/877186.cloudwaysapps.com/yvuxeuwabq/public_html/system/Database/BaseConnection.php(593): CodeIgniter\Database\BaseConnection->simpleQuery()
#3 /home/877186.cloudwaysapps.com/yvuxeuwabq/public_html/system/Database/BaseBuilder.php(1916): CodeIgniter\Database\BaseConnection->query()
#4 /home/877186.cloudwaysapps.com/yvuxeuwabq/public_html/app/Models/UserModel.php(372): CodeIgniter\Database\BaseBuilder->insert()
#5 /home/877186.cloudwaysapps.com/yvuxeuwabq/public_html/app/Controllers/Home.php(726): App\Models\UserModel->shiprocket_config()
#6 /home/877186.cloudwaysapps.com/yvuxeuwabq/public_html/system/CodeIgniter.php(927): App\Controllers\Home->shiprocket_config()
#7 /home/877186.cloudwaysapps.com/yvuxeuwabq/public_html/system/CodeIgniter.php(482): CodeIgniter\CodeIgniter->runController()
#8 /home/877186.cloudwaysapps.com/yvuxeuwabq/public_html/system/CodeIgniter.php(351): CodeIgniter\CodeIgniter->handleRequest()
#9 /home/877186.cloudwaysapps.com/yvuxeuwabq/public_html/public/index.php(67): CodeIgniter\CodeIgniter->run()
#10 {main}
CRITICAL - 2023-02-02 09:50:37 --> Call to a member function get() on null
in APPPATH/Views/shiprocket_config.php on line 6.
 1 SYSTEMPATH/View/View.php(213): include()
 2 SYSTEMPATH/View/View.php(216): CodeIgniter\View\View->CodeIgniter\View\{closure}()
 3 SYSTEMPATH/Common.php(1134): CodeIgniter\View\View->render()
 4 APPPATH/Controllers/Home.php(738): view()
 5 SYSTEMPATH/CodeIgniter.php(927): App\Controllers\Home->shiprocket_config()
 6 SYSTEMPATH/CodeIgniter.php(482): CodeIgniter\CodeIgniter->runController()
 7 SYSTEMPATH/CodeIgniter.php(351): CodeIgniter\CodeIgniter->handleRequest()
 8 FCPATH/index.php(67): CodeIgniter\CodeIgniter->run()
CRITICAL - 2023-02-02 09:53:02 --> Call to a member function has() on null
in APPPATH/Views/shiprocket_config.php on line 6.
 1 SYSTEMPATH/View/View.php(213): include()
 2 SYSTEMPATH/View/View.php(216): CodeIgniter\View\View->CodeIgniter\View\{closure}()
 3 SYSTEMPATH/Common.php(1134): CodeIgniter\View\View->render()
 4 APPPATH/Controllers/Home.php(737): view()
 5 SYSTEMPATH/CodeIgniter.php(927): App\Controllers\Home->shiprocket_config()
 6 SYSTEMPATH/CodeIgniter.php(482): CodeIgniter\CodeIgniter->runController()
 7 SYSTEMPATH/CodeIgniter.php(351): CodeIgniter\CodeIgniter->handleRequest()
 8 FCPATH/index.php(67): CodeIgniter\CodeIgniter->run()
ERROR - 2023-02-02 09:56:27 --> mysqli_sql_exception: Unknown column 'created_on' in 'field list' in /home/877186.cloudwaysapps.com/yvuxeuwabq/public_html/system/Database/MySQLi/Connection.php:292
Stack trace:
#0 /home/877186.cloudwaysapps.com/yvuxeuwabq/public_html/system/Database/MySQLi/Connection.php(292): mysqli->query()
#1 /home/877186.cloudwaysapps.com/yvuxeuwabq/public_html/system/Database/BaseConnection.php(666): CodeIgniter\Database\MySQLi\Connection->execute()
#2 /home/877186.cloudwaysapps.com/yvuxeuwabq/public_html/system/Database/BaseConnection.php(593): CodeIgniter\Database\BaseConnection->simpleQuery()
#3 /home/877186.cloudwaysapps.com/yvuxeuwabq/public_html/system/Database/BaseBuilder.php(1916): CodeIgniter\Database\BaseConnection->query()
#4 /home/877186.cloudwaysapps.com/yvuxeuwabq/public_html/app/Models/UserModel.php(372): CodeIgniter\Database\BaseBuilder->insert()
#5 /home/877186.cloudwaysapps.com/yvuxeuwabq/public_html/app/Controllers/Home.php(728): App\Models\UserModel->shiprocket_config()
#6 /home/877186.cloudwaysapps.com/yvuxeuwabq/public_html/system/CodeIgniter.php(927): App\Controllers\Home->shiprocket_config()
#7 /home/877186.cloudwaysapps.com/yvuxeuwabq/public_html/system/CodeIgniter.php(482): CodeIgniter\CodeIgniter->runController()
#8 /home/877186.cloudwaysapps.com/yvuxeuwabq/public_html/system/CodeIgniter.php(351): CodeIgniter\CodeIgniter->handleRequest()
#9 /home/877186.cloudwaysapps.com/yvuxeuwabq/public_html/public/index.php(67): CodeIgniter\CodeIgniter->run()
#10 {main}
ERROR - 2023-02-02 10:05:58 --> mysqli_sql_exception: Unknown column 'created_on' in 'field list' in /home/877186.cloudwaysapps.com/yvuxeuwabq/public_html/system/Database/MySQLi/Connection.php:292
Stack trace:
#0 /home/877186.cloudwaysapps.com/yvuxeuwabq/public_html/system/Database/MySQLi/Connection.php(292): mysqli->query()
#1 /home/877186.cloudwaysapps.com/yvuxeuwabq/public_html/system/Database/BaseConnection.php(666): CodeIgniter\Database\MySQLi\Connection->execute()
#2 /home/877186.cloudwaysapps.com/yvuxeuwabq/public_html/system/Database/BaseConnection.php(593): CodeIgniter\Database\BaseConnection->simpleQuery()
#3 /home/877186.cloudwaysapps.com/yvuxeuwabq/public_html/system/Database/BaseBuilder.php(1916): CodeIgniter\Database\BaseConnection->query()
#4 /home/877186.cloudwaysapps.com/yvuxeuwabq/public_html/app/Models/UserModel.php(372): CodeIgniter\Database\BaseBuilder->insert()
#5 /home/877186.cloudwaysapps.com/yvuxeuwabq/public_html/app/Controllers/Home.php(725): App\Models\UserModel->shiprocket_config()
#6 /home/877186.cloudwaysapps.com/yvuxeuwabq/public_html/system/CodeIgniter.php(927): App\Controllers\Home->shiprocket_config()
#7 /home/877186.cloudwaysapps.com/yvuxeuwabq/public_html/system/CodeIgniter.php(482): CodeIgniter\CodeIgniter->runController()
#8 /home/877186.cloudwaysapps.com/yvuxeuwabq/public_html/system/CodeIgniter.php(351): CodeIgniter\CodeIgniter->handleRequest()
#9 /home/877186.cloudwaysapps.com/yvuxeuwabq/public_html/public/index.php(67): CodeIgniter\CodeIgniter->run()
#10 {main}
ERROR - 2023-02-02 10:07:23 --> mysqli_sql_exception: Unknown column 'created_on' in 'field list' in /home/877186.cloudwaysapps.com/yvuxeuwabq/public_html/system/Database/MySQLi/Connection.php:292
Stack trace:
#0 /home/877186.cloudwaysapps.com/yvuxeuwabq/public_html/system/Database/MySQLi/Connection.php(292): mysqli->query()
#1 /home/877186.cloudwaysapps.com/yvuxeuwabq/public_html/system/Database/BaseConnection.php(666): CodeIgniter\Database\MySQLi\Connection->execute()
#2 /home/877186.cloudwaysapps.com/yvuxeuwabq/public_html/system/Database/BaseConnection.php(593): CodeIgniter\Database\BaseConnection->simpleQuery()
#3 /home/877186.cloudwaysapps.com/yvuxeuwabq/public_html/system/Database/BaseBuilder.php(1916): CodeIgniter\Database\BaseConnection->query()
#4 /home/877186.cloudwaysapps.com/yvuxeuwabq/public_html/app/Models/UserModel.php(372): CodeIgniter\Database\BaseBuilder->insert()
#5 /home/877186.cloudwaysapps.com/yvuxeuwabq/public_html/app/Controllers/Home.php(728): App\Models\UserModel->shiprocket_config()
#6 /home/877186.cloudwaysapps.com/yvuxeuwabq/public_html/system/CodeIgniter.php(927): App\Controllers\Home->shiprocket_config()
#7 /home/877186.cloudwaysapps.com/yvuxeuwabq/public_html/system/CodeIgniter.php(482): CodeIgniter\CodeIgniter->runController()
#8 /home/877186.cloudwaysapps.com/yvuxeuwabq/public_html/system/CodeIgniter.php(351): CodeIgniter\CodeIgniter->handleRequest()
#9 /home/877186.cloudwaysapps.com/yvuxeuwabq/public_html/public/index.php(67): CodeIgniter\CodeIgniter->run()
#10 {main}
ERROR - 2023-02-02 10:14:53 --> mysqli_sql_exception: Unknown column 'created_on' in 'field list' in /home/877186.cloudwaysapps.com/yvuxeuwabq/public_html/system/Database/MySQLi/Connection.php:292
Stack trace:
#0 /home/877186.cloudwaysapps.com/yvuxeuwabq/public_html/system/Database/MySQLi/Connection.php(292): mysqli->query()
#1 /home/877186.cloudwaysapps.com/yvuxeuwabq/public_html/system/Database/BaseConnection.php(666): CodeIgniter\Database\MySQLi\Connection->execute()
#2 /home/877186.cloudwaysapps.com/yvuxeuwabq/public_html/system/Database/BaseConnection.php(593): CodeIgniter\Database\BaseConnection->simpleQuery()
#3 /home/877186.cloudwaysapps.com/yvuxeuwabq/public_html/system/Database/BaseBuilder.php(1916): CodeIgniter\Database\BaseConnection->query()
#4 /home/877186.cloudwaysapps.com/yvuxeuwabq/public_html/app/Models/UserModel.php(372): CodeIgniter\Database\BaseBuilder->insert()
#5 /home/877186.cloudwaysapps.com/yvuxeuwabq/public_html/app/Controllers/Home.php(732): App\Models\UserModel->shiprocket_config()
#6 /home/877186.cloudwaysapps.com/yvuxeuwabq/public_html/system/CodeIgniter.php(927): App\Controllers\Home->shiprocket_config()
#7 /home/877186.cloudwaysapps.com/yvuxeuwabq/public_html/system/CodeIgniter.php(482): CodeIgniter\CodeIgniter->runController()
#8 /home/877186.cloudwaysapps.com/yvuxeuwabq/public_html/system/CodeIgniter.php(351): CodeIgniter\CodeIgniter->handleRequest()
#9 /home/877186.cloudwaysapps.com/yvuxeuwabq/public_html/public/index.php(67): CodeIgniter\CodeIgniter->run()
#10 {main}
ERROR - 2023-02-02 10:17:02 --> mysqli_sql_exception: Unknown column 'created_on' in 'field list' in /home/877186.cloudwaysapps.com/yvuxeuwabq/public_html/system/Database/MySQLi/Connection.php:292
Stack trace:
#0 /home/877186.cloudwaysapps.com/yvuxeuwabq/public_html/system/Database/MySQLi/Connection.php(292): mysqli->query()
#1 /home/877186.cloudwaysapps.com/yvuxeuwabq/public_html/system/Database/BaseConnection.php(666): CodeIgniter\Database\MySQLi\Connection->execute()
#2 /home/877186.cloudwaysapps.com/yvuxeuwabq/public_html/system/Database/BaseConnection.php(593): CodeIgniter\Database\BaseConnection->simpleQuery()
#3 /home/877186.cloudwaysapps.com/yvuxeuwabq/public_html/system/Database/BaseBuilder.php(1916): CodeIgniter\Database\BaseConnection->query()
#4 /home/877186.cloudwaysapps.com/yvuxeuwabq/public_html/app/Models/UserModel.php(372): CodeIgniter\Database\BaseBuilder->insert()
#5 /home/877186.cloudwaysapps.com/yvuxeuwabq/public_html/app/Controllers/Home.php(732): App\Models\UserModel->shiprocket_config()
#6 /home/877186.cloudwaysapps.com/yvuxeuwabq/public_html/system/CodeIgniter.php(927): App\Controllers\Home->shiprocket_config()
#7 /home/877186.cloudwaysapps.com/yvuxeuwabq/public_html/system/CodeIgniter.php(482): CodeIgniter\CodeIgniter->runController()
#8 /home/877186.cloudwaysapps.com/yvuxeuwabq/public_html/system/CodeIgniter.php(351): CodeIgniter\CodeIgniter->handleRequest()
#9 /home/877186.cloudwaysapps.com/yvuxeuwabq/public_html/public/index.php(67): CodeIgniter\CodeIgniter->run()
#10 {main}
ERROR - 2023-02-02 10:17:51 --> mysqli_sql_exception: Unknown column 'created_on' in 'field list' in /home/877186.cloudwaysapps.com/yvuxeuwabq/public_html/system/Database/MySQLi/Connection.php:292
Stack trace:
#0 /home/877186.cloudwaysapps.com/yvuxeuwabq/public_html/system/Database/MySQLi/Connection.php(292): mysqli->query()
#1 /home/877186.cloudwaysapps.com/yvuxeuwabq/public_html/system/Database/BaseConnection.php(666): CodeIgniter\Database\MySQLi\Connection->execute()
#2 /home/877186.cloudwaysapps.com/yvuxeuwabq/public_html/system/Database/BaseConnection.php(593): CodeIgniter\Database\BaseConnection->simpleQuery()
#3 /home/877186.cloudwaysapps.com/yvuxeuwabq/public_html/system/Database/BaseBuilder.php(1916): CodeIgniter\Database\BaseConnection->query()
#4 /home/877186.cloudwaysapps.com/yvuxeuwabq/public_html/app/Models/UserModel.php(372): CodeIgniter\Database\BaseBuilder->insert()
#5 /home/877186.cloudwaysapps.com/yvuxeuwabq/public_html/app/Controllers/Home.php(732): App\Models\UserModel->shiprocket_config()
#6 /home/877186.cloudwaysapps.com/yvuxeuwabq/public_html/system/CodeIgniter.php(927): App\Controllers\Home->shiprocket_config()
#7 /home/877186.cloudwaysapps.com/yvuxeuwabq/public_html/system/CodeIgniter.php(482): CodeIgniter\CodeIgniter->runController()
#8 /home/877186.cloudwaysapps.com/yvuxeuwabq/public_html/system/CodeIgniter.php(351): CodeIgniter\CodeIgniter->handleRequest()
#9 /home/877186.cloudwaysapps.com/yvuxeuwabq/public_html/public/index.php(67): CodeIgniter\CodeIgniter->run()
#10 {main}
ERROR - 2023-02-02 11:22:32 --> mysqli_sql_exception: Unknown column 'created_on' in 'field list' in /home/877186.cloudwaysapps.com/yvuxeuwabq/public_html/system/Database/MySQLi/Connection.php:292
Stack trace:
#0 /home/877186.cloudwaysapps.com/yvuxeuwabq/public_html/system/Database/MySQLi/Connection.php(292): mysqli->query()
#1 /home/877186.cloudwaysapps.com/yvuxeuwabq/public_html/system/Database/BaseConnection.php(666): CodeIgniter\Database\MySQLi\Connection->execute()
#2 /home/877186.cloudwaysapps.com/yvuxeuwabq/public_html/system/Database/BaseConnection.php(593): CodeIgniter\Database\BaseConnection->simpleQuery()
#3 /home/877186.cloudwaysapps.com/yvuxeuwabq/public_html/system/Database/BaseBuilder.php(1916): CodeIgniter\Database\BaseConnection->query()
#4 /home/877186.cloudwaysapps.com/yvuxeuwabq/public_html/app/Models/UserModel.php(372): CodeIgniter\Database\BaseBuilder->insert()
#5 /home/877186.cloudwaysapps.com/yvuxeuwabq/public_html/app/Controllers/Home.php(732): App\Models\UserModel->shiprocket_config()
#6 /home/877186.cloudwaysapps.com/yvuxeuwabq/public_html/system/CodeIgniter.php(927): App\Controllers\Home->shiprocket_config()
#7 /home/877186.cloudwaysapps.com/yvuxeuwabq/public_html/system/CodeIgniter.php(482): CodeIgniter\CodeIgniter->runController()
#8 /home/877186.cloudwaysapps.com/yvuxeuwabq/public_html/system/CodeIgniter.php(351): CodeIgniter\CodeIgniter->handleRequest()
#9 /home/877186.cloudwaysapps.com/yvuxeuwabq/public_html/public/index.php(67): CodeIgniter\CodeIgniter->run()
#10 {main}
ERROR - 2023-02-02 11:30:49 --> mysqli_sql_exception: Unknown column 'created_on' in 'field list' in /home/877186.cloudwaysapps.com/yvuxeuwabq/public_html/system/Database/MySQLi/Connection.php:292
Stack trace:
#0 /home/877186.cloudwaysapps.com/yvuxeuwabq/public_html/system/Database/MySQLi/Connection.php(292): mysqli->query()
#1 /home/877186.cloudwaysapps.com/yvuxeuwabq/public_html/system/Database/BaseConnection.php(666): CodeIgniter\Database\MySQLi\Connection->execute()
#2 /home/877186.cloudwaysapps.com/yvuxeuwabq/public_html/system/Database/BaseConnection.php(593): CodeIgniter\Database\BaseConnection->simpleQuery()
#3 /home/877186.cloudwaysapps.com/yvuxeuwabq/public_html/system/Database/BaseBuilder.php(1916): CodeIgniter\Database\BaseConnection->query()
#4 /home/877186.cloudwaysapps.com/yvuxeuwabq/public_html/app/Models/UserModel.php(372): CodeIgniter\Database\BaseBuilder->insert()
#5 /home/877186.cloudwaysapps.com/yvuxeuwabq/public_html/app/Controllers/Home.php(732): App\Models\UserModel->shiprocket_config()
#6 /home/877186.cloudwaysapps.com/yvuxeuwabq/public_html/system/CodeIgniter.php(927): App\Controllers\Home->shiprocket_config()
#7 /home/877186.cloudwaysapps.com/yvuxeuwabq/public_html/system/CodeIgniter.php(482): CodeIgniter\CodeIgniter->runController()
#8 /home/877186.cloudwaysapps.com/yvuxeuwabq/public_html/system/CodeIgniter.php(351): CodeIgniter\CodeIgniter->handleRequest()
#9 /home/877186.cloudwaysapps.com/yvuxeuwabq/public_html/public/index.php(67): CodeIgniter\CodeIgniter->run()
#10 {main}
CRITICAL - 2023-02-02 11:35:14 --> Illegal string offset 'shop_url'
in APPPATH/Models/UserModel.php on line 364.
 1 APPPATH/Models/UserModel.php(364): CodeIgniter\Debug\Exceptions->errorHandler()
 2 APPPATH/Controllers/Home.php(740): App\Models\UserModel->shiprocket_config()
 3 SYSTEMPATH/CodeIgniter.php(927): App\Controllers\Home->shiprocket_config()
 4 SYSTEMPATH/CodeIgniter.php(482): CodeIgniter\CodeIgniter->runController()
 5 SYSTEMPATH/CodeIgniter.php(351): CodeIgniter\CodeIgniter->handleRequest()
 6 FCPATH/index.php(67): CodeIgniter\CodeIgniter->run()
