CRITICAL - 2023-05-23 07:39:34 --> Illegal string offset 'body'
in APPPATH/Controllers/AppwhookController.php on line 125.
 1 APPPATH/Controllers/AppwhookController.php(125): CodeIgniter\Debug\Exceptions->errorHandler(2, 'Illegal string offset \'body\'', 'APPPATH/Controllers/AppwhookController.php', 125, [...])
 2 SYSTEMPATH/CodeIgniter.php(927): App\Controllers\AppwhookController->auto_ordersync()
 3 SYSTEMPATH/CodeIgniter.php(482): CodeIgniter\CodeIgniter->runController(Object(App\Controllers\AppwhookController))
 4 SYSTEMPATH/CodeIgniter.php(351): CodeIgniter\CodeIgniter->handleRequest(null, Object(Config\Cache), false)
 5 FCPATH/index.php(67): CodeIgniter\CodeIgniter->run()
CRITICAL - 2023-05-23 07:40:37 --> Illegal string offset 'body'
in APPPATH/Controllers/AppwhookController.php on line 125.
 1 APPPATH/Controllers/AppwhookController.php(125): CodeIgniter\Debug\Exceptions->errorHandler(2, 'Illegal string offset \'body\'', 'APPPATH/Controllers/AppwhookController.php', 125, [...])
 2 SYSTEMPATH/CodeIgniter.php(927): App\Controllers\AppwhookController->auto_ordersync()
 3 SYSTEMPATH/CodeIgniter.php(482): CodeIgniter\CodeIgniter->runController(Object(App\Controllers\AppwhookController))
 4 SYSTEMPATH/CodeIgniter.php(351): CodeIgniter\CodeIgniter->handleRequest(null, Object(Config\Cache), false)
 5 FCPATH/index.php(67): CodeIgniter\CodeIgniter->run()
CRITICAL - 2023-05-23 07:42:40 --> Illegal string offset 'body'
in APPPATH/Controllers/AppwhookController.php on line 125.
 1 APPPATH/Controllers/AppwhookController.php(125): CodeIgniter\Debug\Exceptions->errorHandler(2, 'Illegal string offset \'body\'', 'APPPATH/Controllers/AppwhookController.php', 125, [...])
 2 SYSTEMPATH/CodeIgniter.php(927): App\Controllers\AppwhookController->auto_ordersync()
 3 SYSTEMPATH/CodeIgniter.php(482): CodeIgniter\CodeIgniter->runController(Object(App\Controllers\AppwhookController))
 4 SYSTEMPATH/CodeIgniter.php(351): CodeIgniter\CodeIgniter->handleRequest(null, Object(Config\Cache), false)
 5 FCPATH/index.php(67): CodeIgniter\CodeIgniter->run()
CRITICAL - 2023-05-23 07:44:43 --> Illegal string offset 'body'
in APPPATH/Controllers/AppwhookController.php on line 125.
 1 APPPATH/Controllers/AppwhookController.php(125): CodeIgniter\Debug\Exceptions->errorHandler(2, 'Illegal string offset \'body\'', 'APPPATH/Controllers/AppwhookController.php', 125, [...])
 2 SYSTEMPATH/CodeIgniter.php(927): App\Controllers\AppwhookController->auto_ordersync()
 3 SYSTEMPATH/CodeIgniter.php(482): CodeIgniter\CodeIgniter->runController(Object(App\Controllers\AppwhookController))
 4 SYSTEMPATH/CodeIgniter.php(351): CodeIgniter\CodeIgniter->handleRequest(null, Object(Config\Cache), false)
 5 FCPATH/index.php(67): CodeIgniter\CodeIgniter->run()
CRITICAL - 2023-05-23 07:49:46 --> Illegal string offset 'body'
in APPPATH/Controllers/AppwhookController.php on line 125.
 1 APPPATH/Controllers/AppwhookController.php(125): CodeIgniter\Debug\Exceptions->errorHandler(2, 'Illegal string offset \'body\'', 'APPPATH/Controllers/AppwhookController.php', 125, [...])
 2 SYSTEMPATH/CodeIgniter.php(927): App\Controllers\AppwhookController->auto_ordersync()
 3 SYSTEMPATH/CodeIgniter.php(482): CodeIgniter\CodeIgniter->runController(Object(App\Controllers\AppwhookController))
 4 SYSTEMPATH/CodeIgniter.php(351): CodeIgniter\CodeIgniter->handleRequest(null, Object(Config\Cache), false)
 5 FCPATH/index.php(67): CodeIgniter\CodeIgniter->run()
CRITICAL - 2023-05-23 07:57:36 --> Illegal string offset 'body'
in APPPATH/Controllers/AppwhookController.php on line 125.
 1 APPPATH/Controllers/AppwhookController.php(125): CodeIgniter\Debug\Exceptions->errorHandler(2, 'Illegal string offset \'body\'', 'APPPATH/Controllers/AppwhookController.php', 125, [...])
 2 SYSTEMPATH/CodeIgniter.php(927): App\Controllers\AppwhookController->auto_ordersync()
 3 SYSTEMPATH/CodeIgniter.php(482): CodeIgniter\CodeIgniter->runController(Object(App\Controllers\AppwhookController))
 4 SYSTEMPATH/CodeIgniter.php(351): CodeIgniter\CodeIgniter->handleRequest(null, Object(Config\Cache), false)
 5 FCPATH/index.php(67): CodeIgniter\CodeIgniter->run()
CRITICAL - 2023-05-23 07:58:39 --> Illegal string offset 'body'
in APPPATH/Controllers/AppwhookController.php on line 125.
 1 APPPATH/Controllers/AppwhookController.php(125): CodeIgniter\Debug\Exceptions->errorHandler(2, 'Illegal string offset \'body\'', 'APPPATH/Controllers/AppwhookController.php', 125, [...])
 2 SYSTEMPATH/CodeIgniter.php(927): App\Controllers\AppwhookController->auto_ordersync()
 3 SYSTEMPATH/CodeIgniter.php(482): CodeIgniter\CodeIgniter->runController(Object(App\Controllers\AppwhookController))
 4 SYSTEMPATH/CodeIgniter.php(351): CodeIgniter\CodeIgniter->handleRequest(null, Object(Config\Cache), false)
 5 FCPATH/index.php(67): CodeIgniter\CodeIgniter->run()
CRITICAL - 2023-05-23 08:00:42 --> Illegal string offset 'body'
in APPPATH/Controllers/AppwhookController.php on line 125.
 1 APPPATH/Controllers/AppwhookController.php(125): CodeIgniter\Debug\Exceptions->errorHandler(2, 'Illegal string offset \'body\'', 'APPPATH/Controllers/AppwhookController.php', 125, [...])
 2 SYSTEMPATH/CodeIgniter.php(927): App\Controllers\AppwhookController->auto_ordersync()
 3 SYSTEMPATH/CodeIgniter.php(482): CodeIgniter\CodeIgniter->runController(Object(App\Controllers\AppwhookController))
 4 SYSTEMPATH/CodeIgniter.php(351): CodeIgniter\CodeIgniter->handleRequest(null, Object(Config\Cache), false)
 5 FCPATH/index.php(67): CodeIgniter\CodeIgniter->run()
CRITICAL - 2023-05-23 08:02:44 --> Illegal string offset 'body'
in APPPATH/Controllers/AppwhookController.php on line 125.
 1 APPPATH/Controllers/AppwhookController.php(125): CodeIgniter\Debug\Exceptions->errorHandler(2, 'Illegal string offset \'body\'', 'APPPATH/Controllers/AppwhookController.php', 125, [...])
 2 SYSTEMPATH/CodeIgniter.php(927): App\Controllers\AppwhookController->auto_ordersync()
 3 SYSTEMPATH/CodeIgniter.php(482): CodeIgniter\CodeIgniter->runController(Object(App\Controllers\AppwhookController))
 4 SYSTEMPATH/CodeIgniter.php(351): CodeIgniter\CodeIgniter->handleRequest(null, Object(Config\Cache), false)
 5 FCPATH/index.php(67): CodeIgniter\CodeIgniter->run()
CRITICAL - 2023-05-23 08:07:47 --> Illegal string offset 'body'
in APPPATH/Controllers/AppwhookController.php on line 125.
 1 APPPATH/Controllers/AppwhookController.php(125): CodeIgniter\Debug\Exceptions->errorHandler(2, 'Illegal string offset \'body\'', 'APPPATH/Controllers/AppwhookController.php', 125, [...])
 2 SYSTEMPATH/CodeIgniter.php(927): App\Controllers\AppwhookController->auto_ordersync()
 3 SYSTEMPATH/CodeIgniter.php(482): CodeIgniter\CodeIgniter->runController(Object(App\Controllers\AppwhookController))
 4 SYSTEMPATH/CodeIgniter.php(351): CodeIgniter\CodeIgniter->handleRequest(null, Object(Config\Cache), false)
 5 FCPATH/index.php(67): CodeIgniter\CodeIgniter->run()
CRITICAL - 2023-05-23 08:11:48 --> Illegal string offset 'body'
in APPPATH/Controllers/AppwhookController.php on line 125.
 1 APPPATH/Controllers/AppwhookController.php(125): CodeIgniter\Debug\Exceptions->errorHandler(2, 'Illegal string offset \'body\'', 'APPPATH/Controllers/AppwhookController.php', 125, [...])
 2 SYSTEMPATH/CodeIgniter.php(927): App\Controllers\AppwhookController->auto_ordersync()
 3 SYSTEMPATH/CodeIgniter.php(482): CodeIgniter\CodeIgniter->runController(Object(App\Controllers\AppwhookController))
 4 SYSTEMPATH/CodeIgniter.php(351): CodeIgniter\CodeIgniter->handleRequest(null, Object(Config\Cache), false)
 5 FCPATH/index.php(67): CodeIgniter\CodeIgniter->run()
CRITICAL - 2023-05-23 08:29:50 --> Illegal string offset 'body'
in APPPATH/Controllers/AppwhookController.php on line 125.
 1 APPPATH/Controllers/AppwhookController.php(125): CodeIgniter\Debug\Exceptions->errorHandler(2, 'Illegal string offset \'body\'', 'APPPATH/Controllers/AppwhookController.php', 125, [...])
 2 SYSTEMPATH/CodeIgniter.php(927): App\Controllers\AppwhookController->auto_ordersync()
 3 SYSTEMPATH/CodeIgniter.php(482): CodeIgniter\CodeIgniter->runController(Object(App\Controllers\AppwhookController))
 4 SYSTEMPATH/CodeIgniter.php(351): CodeIgniter\CodeIgniter->handleRequest(null, Object(Config\Cache), false)
 5 FCPATH/index.php(67): CodeIgniter\CodeIgniter->run()
CRITICAL - 2023-05-23 08:41:51 --> Illegal string offset 'body'
in APPPATH/Controllers/AppwhookController.php on line 125.
 1 APPPATH/Controllers/AppwhookController.php(125): CodeIgniter\Debug\Exceptions->errorHandler(2, 'Illegal string offset \'body\'', 'APPPATH/Controllers/AppwhookController.php', 125, [...])
 2 SYSTEMPATH/CodeIgniter.php(927): App\Controllers\AppwhookController->auto_ordersync()
 3 SYSTEMPATH/CodeIgniter.php(482): CodeIgniter\CodeIgniter->runController(Object(App\Controllers\AppwhookController))
 4 SYSTEMPATH/CodeIgniter.php(351): CodeIgniter\CodeIgniter->handleRequest(null, Object(Config\Cache), false)
 5 FCPATH/index.php(67): CodeIgniter\CodeIgniter->run()
CRITICAL - 2023-05-23 08:59:52 --> Illegal string offset 'body'
in APPPATH/Controllers/AppwhookController.php on line 125.
 1 APPPATH/Controllers/AppwhookController.php(125): CodeIgniter\Debug\Exceptions->errorHandler(2, 'Illegal string offset \'body\'', 'APPPATH/Controllers/AppwhookController.php', 125, [...])
 2 SYSTEMPATH/CodeIgniter.php(927): App\Controllers\AppwhookController->auto_ordersync()
 3 SYSTEMPATH/CodeIgniter.php(482): CodeIgniter\CodeIgniter->runController(Object(App\Controllers\AppwhookController))
 4 SYSTEMPATH/CodeIgniter.php(351): CodeIgniter\CodeIgniter->handleRequest(null, Object(Config\Cache), false)
 5 FCPATH/index.php(67): CodeIgniter\CodeIgniter->run()
CRITICAL - 2023-05-23 09:41:55 --> Illegal string offset 'body'
in APPPATH/Controllers/AppwhookController.php on line 125.
 1 APPPATH/Controllers/AppwhookController.php(125): CodeIgniter\Debug\Exceptions->errorHandler(2, 'Illegal string offset \'body\'', 'APPPATH/Controllers/AppwhookController.php', 125, [...])
 2 SYSTEMPATH/CodeIgniter.php(927): App\Controllers\AppwhookController->auto_ordersync()
 3 SYSTEMPATH/CodeIgniter.php(482): CodeIgniter\CodeIgniter->runController(Object(App\Controllers\AppwhookController))
 4 SYSTEMPATH/CodeIgniter.php(351): CodeIgniter\CodeIgniter->handleRequest(null, Object(Config\Cache), false)
 5 FCPATH/index.php(67): CodeIgniter\CodeIgniter->run()
CRITICAL - 2023-05-23 09:59:55 --> Illegal string offset 'body'
in APPPATH/Controllers/AppwhookController.php on line 125.
 1 APPPATH/Controllers/AppwhookController.php(125): CodeIgniter\Debug\Exceptions->errorHandler(2, 'Illegal string offset \'body\'', 'APPPATH/Controllers/AppwhookController.php', 125, [...])
 2 SYSTEMPATH/CodeIgniter.php(927): App\Controllers\AppwhookController->auto_ordersync()
 3 SYSTEMPATH/CodeIgniter.php(482): CodeIgniter\CodeIgniter->runController(Object(App\Controllers\AppwhookController))
 4 SYSTEMPATH/CodeIgniter.php(351): CodeIgniter\CodeIgniter->handleRequest(null, Object(Config\Cache), false)
 5 FCPATH/index.php(67): CodeIgniter\CodeIgniter->run()
CRITICAL - 2023-05-23 11:41:58 --> Illegal string offset 'body'
in APPPATH/Controllers/AppwhookController.php on line 125.
 1 APPPATH/Controllers/AppwhookController.php(125): CodeIgniter\Debug\Exceptions->errorHandler(2, 'Illegal string offset \'body\'', 'APPPATH/Controllers/AppwhookController.php', 125, [...])
 2 SYSTEMPATH/CodeIgniter.php(927): App\Controllers\AppwhookController->auto_ordersync()
 3 SYSTEMPATH/CodeIgniter.php(482): CodeIgniter\CodeIgniter->runController(Object(App\Controllers\AppwhookController))
 4 SYSTEMPATH/CodeIgniter.php(351): CodeIgniter\CodeIgniter->handleRequest(null, Object(Config\Cache), false)
 5 FCPATH/index.php(67): CodeIgniter\CodeIgniter->run()
CRITICAL - 2023-05-23 12:00:04 --> Illegal string offset 'body'
in APPPATH/Controllers/AppwhookController.php on line 125.
 1 APPPATH/Controllers/AppwhookController.php(125): CodeIgniter\Debug\Exceptions->errorHandler(2, 'Illegal string offset \'body\'', 'APPPATH/Controllers/AppwhookController.php', 125, [...])
 2 SYSTEMPATH/CodeIgniter.php(927): App\Controllers\AppwhookController->auto_ordersync()
 3 SYSTEMPATH/CodeIgniter.php(482): CodeIgniter\CodeIgniter->runController(Object(App\Controllers\AppwhookController))
 4 SYSTEMPATH/CodeIgniter.php(351): CodeIgniter\CodeIgniter->handleRequest(null, Object(Config\Cache), false)
 5 FCPATH/index.php(67): CodeIgniter\CodeIgniter->run()
CRITICAL - 2023-05-23 15:52:33 --> Illegal string offset 'body'
in APPPATH/Controllers/AppwhookController.php on line 125.
 1 APPPATH/Controllers/AppwhookController.php(125): CodeIgniter\Debug\Exceptions->errorHandler(2, 'Illegal string offset \'body\'', 'APPPATH/Controllers/AppwhookController.php', 125, [...])
 2 SYSTEMPATH/CodeIgniter.php(927): App\Controllers\AppwhookController->auto_ordersync()
 3 SYSTEMPATH/CodeIgniter.php(482): CodeIgniter\CodeIgniter->runController(Object(App\Controllers\AppwhookController))
 4 SYSTEMPATH/CodeIgniter.php(351): CodeIgniter\CodeIgniter->handleRequest(null, Object(Config\Cache), false)
 5 FCPATH/index.php(67): CodeIgniter\CodeIgniter->run()
CRITICAL - 2023-05-23 16:07:28 --> Illegal string offset 'body'
in APPPATH/Controllers/AppwhookController.php on line 125.
 1 APPPATH/Controllers/AppwhookController.php(125): CodeIgniter\Debug\Exceptions->errorHandler(2, 'Illegal string offset \'body\'', 'APPPATH/Controllers/AppwhookController.php', 125, [...])
 2 SYSTEMPATH/CodeIgniter.php(927): App\Controllers\AppwhookController->auto_ordersync()
 3 SYSTEMPATH/CodeIgniter.php(482): CodeIgniter\CodeIgniter->runController(Object(App\Controllers\AppwhookController))
 4 SYSTEMPATH/CodeIgniter.php(351): CodeIgniter\CodeIgniter->handleRequest(null, Object(Config\Cache), false)
 5 FCPATH/index.php(67): CodeIgniter\CodeIgniter->run()
CRITICAL - 2023-05-23 19:52:36 --> Illegal string offset 'body'
in APPPATH/Controllers/AppwhookController.php on line 125.
 1 APPPATH/Controllers/AppwhookController.php(125): CodeIgniter\Debug\Exceptions->errorHandler(2, 'Illegal string offset \'body\'', 'APPPATH/Controllers/AppwhookController.php', 125, [...])
 2 SYSTEMPATH/CodeIgniter.php(927): App\Controllers\AppwhookController->auto_ordersync()
 3 SYSTEMPATH/CodeIgniter.php(482): CodeIgniter\CodeIgniter->runController(Object(App\Controllers\AppwhookController))
 4 SYSTEMPATH/CodeIgniter.php(351): CodeIgniter\CodeIgniter->handleRequest(null, Object(Config\Cache), false)
 5 FCPATH/index.php(67): CodeIgniter\CodeIgniter->run()
CRITICAL - 2023-05-23 20:07:31 --> Illegal string offset 'body'
in APPPATH/Controllers/AppwhookController.php on line 125.
 1 APPPATH/Controllers/AppwhookController.php(125): CodeIgniter\Debug\Exceptions->errorHandler(2, 'Illegal string offset \'body\'', 'APPPATH/Controllers/AppwhookController.php', 125, [...])
 2 SYSTEMPATH/CodeIgniter.php(927): App\Controllers\AppwhookController->auto_ordersync()
 3 SYSTEMPATH/CodeIgniter.php(482): CodeIgniter\CodeIgniter->runController(Object(App\Controllers\AppwhookController))
 4 SYSTEMPATH/CodeIgniter.php(351): CodeIgniter\CodeIgniter->handleRequest(null, Object(Config\Cache), false)
 5 FCPATH/index.php(67): CodeIgniter\CodeIgniter->run()
CRITICAL - 2023-05-23 23:52:39 --> Illegal string offset 'body'
in APPPATH/Controllers/AppwhookController.php on line 125.
 1 APPPATH/Controllers/AppwhookController.php(125): CodeIgniter\Debug\Exceptions->errorHandler(2, 'Illegal string offset \'body\'', 'APPPATH/Controllers/AppwhookController.php', 125, [...])
 2 SYSTEMPATH/CodeIgniter.php(927): App\Controllers\AppwhookController->auto_ordersync()
 3 SYSTEMPATH/CodeIgniter.php(482): CodeIgniter\CodeIgniter->runController(Object(App\Controllers\AppwhookController))
 4 SYSTEMPATH/CodeIgniter.php(351): CodeIgniter\CodeIgniter->handleRequest(null, Object(Config\Cache), false)
 5 FCPATH/index.php(67): CodeIgniter\CodeIgniter->run()
