CRITICAL - 2023-04-07 06:18:53 --> Invalid argument supplied for foreach()
in APPPATH/Views/welcome_message.php on line 27.
 1 APPPATH/Views/welcome_message.php(27): CodeIgniter\Debug\Exceptions->errorHandler(2, 'Invalid argument supplied for foreach()', 'APPPATH/Views/welcome_message.php', 27, [])
 2 SYSTEMPATH/View/View.php(213): include('APPPATH/Views/welcome_message.php')
 3 SYSTEMPATH/View/View.php(216): CodeIgniter\View\View->CodeIgniter\View\{closure}()
 4 SYSTEMPATH/Common.php(1134): CodeIgniter\View\View->render('welcome_message', [], true)
 5 APPPATH/Controllers/Home.php(238): view('welcome_message')
 6 SYSTEMPATH/CodeIgniter.php(927): App\Controllers\Home->index()
 7 SYSTEMPATH/CodeIgniter.php(482): CodeIgniter\CodeIgniter->runController(Object(App\Controllers\Home))
 8 SYSTEMPATH/CodeIgniter.php(351): CodeIgniter\CodeIgniter->handleRequest(null, Object(Config\Cache), false)
 9 FCPATH/index.php(67): CodeIgniter\CodeIgniter->run()
CRITICAL - 2023-04-07 08:54:32 --> Invalid argument supplied for foreach()
in APPPATH/Views/welcome_message.php on line 27.
 1 APPPATH/Views/welcome_message.php(27): CodeIgniter\Debug\Exceptions->errorHandler(2, 'Invalid argument supplied for foreach()', 'APPPATH/Views/welcome_message.php', 27, [...])
 2 SYSTEMPATH/View/View.php(213): include('APPPATH/Views/welcome_message.php')
 3 SYSTEMPATH/View/View.php(216): CodeIgniter\View\View->CodeIgniter\View\{closure}()
 4 SYSTEMPATH/Common.php(1134): CodeIgniter\View\View->render('welcome_message', [], true)
 5 APPPATH/Controllers/Home.php(344): view('welcome_message', [...])
 6 SYSTEMPATH/CodeIgniter.php(927): App\Controllers\Home->index()
 7 SYSTEMPATH/CodeIgniter.php(482): CodeIgniter\CodeIgniter->runController(Object(App\Controllers\Home))
 8 SYSTEMPATH/CodeIgniter.php(351): CodeIgniter\CodeIgniter->handleRequest(null, Object(Config\Cache), false)
 9 FCPATH/index.php(67): CodeIgniter\CodeIgniter->run()
CRITICAL - 2023-04-07 12:31:14 --> Argument 1 passed to CodeIgniter\Router\RouteCollection::get() must be of the type string, array given, called in /home/u834391968/domains/cgcolors.co/public_html/shopifypartialapp/app/Config/Routes.php on line 44
in SYSTEMPATH/Router/RouteCollection.php on line 884.
 1 APPPATH/Config/Routes.php(44): CodeIgniter\Router\RouteCollection->get([...], '/', 'Home::index')
 2 SYSTEMPATH/CodeIgniter.php(789): require('APPPATH/Config/Routes.php')
 3 SYSTEMPATH/CodeIgniter.php(430): CodeIgniter\CodeIgniter->tryToRouteIt(Object(CodeIgniter\Router\RouteCollection))
 4 SYSTEMPATH/CodeIgniter.php(351): CodeIgniter\CodeIgniter->handleRequest(null, Object(Config\Cache), false)
 5 FCPATH/index.php(67): CodeIgniter\CodeIgniter->run()
