ERROR - 2023-06-23 12:52:35 --> mysqli_sql_exception: Column 'email' cannot be null in /home/u834391968/domains/cgcolors.co/public_html/payxnowandrestondelivery/system/Database/MySQLi/Connection.php:292
Stack trace:
#0 /home/u834391968/domains/cgcolors.co/public_html/payxnowandrestondelivery/system/Database/MySQLi/Connection.php(292): mysqli->query('INSERT INTO `or...', 0)
#1 /home/u834391968/domains/cgcolors.co/public_html/payxnowandrestondelivery/system/Database/BaseConnection.php(666): CodeIgniter\Database\MySQLi\Connection->execute('INSERT INTO `or...')
#2 /home/u834391968/domains/cgcolors.co/public_html/payxnowandrestondelivery/system/Database/BaseConnection.php(593): CodeIgniter\Database\BaseConnection->simpleQuery('INSERT INTO `or...')
#3 /home/u834391968/domains/cgcolors.co/public_html/payxnowandrestondelivery/system/Database/BaseBuilder.php(1916): CodeIgniter\Database\BaseConnection->query('INSERT INTO `or...', Array, false)
#4 /home/u834391968/domains/cgcolors.co/public_html/payxnowandrestondelivery/app/Models/UserModel.php(200): CodeIgniter\Database\BaseBuilder->insert(Array)
#5 /home/u834391968/domains/cgcolors.co/public_html/payxnowandrestondelivery/app/Controllers/Home.php(904): App\Models\UserModel->track_orders(Array, 'partialtestapp....')
#6 /home/u834391968/domains/cgcolors.co/public_html/payxnowandrestondelivery/system/CodeIgniter.php(927): App\Controllers\Home->show_all_orders()
#7 /home/u834391968/domains/cgcolors.co/public_html/payxnowandrestondelivery/system/CodeIgniter.php(482): CodeIgniter\CodeIgniter->runController(Object(App\Controllers\Home))
#8 /home/u834391968/domains/cgcolors.co/public_html/payxnowandrestondelivery/system/CodeIgniter.php(351): CodeIgniter\CodeIgniter->handleRequest(NULL, Object(Config\Cache), false)
#9 /home/u834391968/domains/cgcolors.co/public_html/payxnowandrestondelivery/public/index.php(67): CodeIgniter\CodeIgniter->run()
#10 {main}
ERROR - 2023-06-23 12:52:35 --> mysqli_sql_exception: Column 'email' cannot be null in /home/u834391968/domains/cgcolors.co/public_html/payxnowandrestondelivery/system/Database/MySQLi/Connection.php:292
Stack trace:
#0 /home/u834391968/domains/cgcolors.co/public_html/payxnowandrestondelivery/system/Database/MySQLi/Connection.php(292): mysqli->query('INSERT INTO `or...', 0)
#1 /home/u834391968/domains/cgcolors.co/public_html/payxnowandrestondelivery/system/Database/BaseConnection.php(666): CodeIgniter\Database\MySQLi\Connection->execute('INSERT INTO `or...')
#2 /home/u834391968/domains/cgcolors.co/public_html/payxnowandrestondelivery/system/Database/BaseConnection.php(593): CodeIgniter\Database\BaseConnection->simpleQuery('INSERT INTO `or...')
#3 /home/u834391968/domains/cgcolors.co/public_html/payxnowandrestondelivery/system/Database/BaseBuilder.php(1916): CodeIgniter\Database\BaseConnection->query('INSERT INTO `or...', Array, false)
#4 /home/u834391968/domains/cgcolors.co/public_html/payxnowandrestondelivery/app/Models/UserModel.php(200): CodeIgniter\Database\BaseBuilder->insert(Array)
#5 /home/u834391968/domains/cgcolors.co/public_html/payxnowandrestondelivery/app/Controllers/Home.php(904): App\Models\UserModel->track_orders(Array, 'partialtestapp....')
#6 /home/u834391968/domains/cgcolors.co/public_html/payxnowandrestondelivery/system/CodeIgniter.php(927): App\Controllers\Home->show_all_orders()
#7 /home/u834391968/domains/cgcolors.co/public_html/payxnowandrestondelivery/system/CodeIgniter.php(482): CodeIgniter\CodeIgniter->runController(Object(App\Controllers\Home))
#8 /home/u834391968/domains/cgcolors.co/public_html/payxnowandrestondelivery/system/CodeIgniter.php(351): CodeIgniter\CodeIgniter->handleRequest(NULL, Object(Config\Cache), false)
#9 /home/u834391968/domains/cgcolors.co/public_html/payxnowandrestondelivery/public/index.php(67): CodeIgniter\CodeIgniter->run()
#10 {main}
ERROR - 2023-06-23 13:16:20 --> mysqli_sql_exception: Column 'email' cannot be null in /home/u834391968/domains/cgcolors.co/public_html/payxnowandrestondelivery/system/Database/MySQLi/Connection.php:292
Stack trace:
#0 /home/u834391968/domains/cgcolors.co/public_html/payxnowandrestondelivery/system/Database/MySQLi/Connection.php(292): mysqli->query('INSERT INTO `or...', 0)
#1 /home/u834391968/domains/cgcolors.co/public_html/payxnowandrestondelivery/system/Database/BaseConnection.php(666): CodeIgniter\Database\MySQLi\Connection->execute('INSERT INTO `or...')
#2 /home/u834391968/domains/cgcolors.co/public_html/payxnowandrestondelivery/system/Database/BaseConnection.php(593): CodeIgniter\Database\BaseConnection->simpleQuery('INSERT INTO `or...')
#3 /home/u834391968/domains/cgcolors.co/public_html/payxnowandrestondelivery/system/Database/BaseBuilder.php(1916): CodeIgniter\Database\BaseConnection->query('INSERT INTO `or...', Array, false)
#4 /home/u834391968/domains/cgcolors.co/public_html/payxnowandrestondelivery/app/Models/UserModel.php(200): CodeIgniter\Database\BaseBuilder->insert(Array)
#5 /home/u834391968/domains/cgcolors.co/public_html/payxnowandrestondelivery/app/Controllers/Home.php(904): App\Models\UserModel->track_orders(Array, 'partialtestapp....')
#6 /home/u834391968/domains/cgcolors.co/public_html/payxnowandrestondelivery/system/CodeIgniter.php(927): App\Controllers\Home->show_all_orders()
#7 /home/u834391968/domains/cgcolors.co/public_html/payxnowandrestondelivery/system/CodeIgniter.php(482): CodeIgniter\CodeIgniter->runController(Object(App\Controllers\Home))
#8 /home/u834391968/domains/cgcolors.co/public_html/payxnowandrestondelivery/system/CodeIgniter.php(351): CodeIgniter\CodeIgniter->handleRequest(NULL, Object(Config\Cache), false)
#9 /home/u834391968/domains/cgcolors.co/public_html/payxnowandrestondelivery/public/index.php(67): CodeIgniter\CodeIgniter->run()
#10 {main}
ERROR - 2023-06-23 13:16:32 --> mysqli_sql_exception: Column 'email' cannot be null in /home/u834391968/domains/cgcolors.co/public_html/payxnowandrestondelivery/system/Database/MySQLi/Connection.php:292
Stack trace:
#0 /home/u834391968/domains/cgcolors.co/public_html/payxnowandrestondelivery/system/Database/MySQLi/Connection.php(292): mysqli->query('INSERT INTO `or...', 0)
#1 /home/u834391968/domains/cgcolors.co/public_html/payxnowandrestondelivery/system/Database/BaseConnection.php(666): CodeIgniter\Database\MySQLi\Connection->execute('INSERT INTO `or...')
#2 /home/u834391968/domains/cgcolors.co/public_html/payxnowandrestondelivery/system/Database/BaseConnection.php(593): CodeIgniter\Database\BaseConnection->simpleQuery('INSERT INTO `or...')
#3 /home/u834391968/domains/cgcolors.co/public_html/payxnowandrestondelivery/system/Database/BaseBuilder.php(1916): CodeIgniter\Database\BaseConnection->query('INSERT INTO `or...', Array, false)
#4 /home/u834391968/domains/cgcolors.co/public_html/payxnowandrestondelivery/app/Models/UserModel.php(200): CodeIgniter\Database\BaseBuilder->insert(Array)
#5 /home/u834391968/domains/cgcolors.co/public_html/payxnowandrestondelivery/app/Controllers/Home.php(904): App\Models\UserModel->track_orders(Array, 'partialtestapp....')
#6 /home/u834391968/domains/cgcolors.co/public_html/payxnowandrestondelivery/system/CodeIgniter.php(927): App\Controllers\Home->show_all_orders()
#7 /home/u834391968/domains/cgcolors.co/public_html/payxnowandrestondelivery/system/CodeIgniter.php(482): CodeIgniter\CodeIgniter->runController(Object(App\Controllers\Home))
#8 /home/u834391968/domains/cgcolors.co/public_html/payxnowandrestondelivery/system/CodeIgniter.php(351): CodeIgniter\CodeIgniter->handleRequest(NULL, Object(Config\Cache), false)
#9 /home/u834391968/domains/cgcolors.co/public_html/payxnowandrestondelivery/public/index.php(67): CodeIgniter\CodeIgniter->run()
#10 {main}
ERROR - 2023-06-23 13:16:44 --> mysqli_sql_exception: Column 'email' cannot be null in /home/u834391968/domains/cgcolors.co/public_html/payxnowandrestondelivery/system/Database/MySQLi/Connection.php:292
Stack trace:
#0 /home/u834391968/domains/cgcolors.co/public_html/payxnowandrestondelivery/system/Database/MySQLi/Connection.php(292): mysqli->query('INSERT INTO `or...', 0)
#1 /home/u834391968/domains/cgcolors.co/public_html/payxnowandrestondelivery/system/Database/BaseConnection.php(666): CodeIgniter\Database\MySQLi\Connection->execute('INSERT INTO `or...')
#2 /home/u834391968/domains/cgcolors.co/public_html/payxnowandrestondelivery/system/Database/BaseConnection.php(593): CodeIgniter\Database\BaseConnection->simpleQuery('INSERT INTO `or...')
#3 /home/u834391968/domains/cgcolors.co/public_html/payxnowandrestondelivery/system/Database/BaseBuilder.php(1916): CodeIgniter\Database\BaseConnection->query('INSERT INTO `or...', Array, false)
#4 /home/u834391968/domains/cgcolors.co/public_html/payxnowandrestondelivery/app/Models/UserModel.php(200): CodeIgniter\Database\BaseBuilder->insert(Array)
#5 /home/u834391968/domains/cgcolors.co/public_html/payxnowandrestondelivery/app/Controllers/Home.php(904): App\Models\UserModel->track_orders(Array, 'partialtestapp....')
#6 /home/u834391968/domains/cgcolors.co/public_html/payxnowandrestondelivery/system/CodeIgniter.php(927): App\Controllers\Home->show_all_orders()
#7 /home/u834391968/domains/cgcolors.co/public_html/payxnowandrestondelivery/system/CodeIgniter.php(482): CodeIgniter\CodeIgniter->runController(Object(App\Controllers\Home))
#8 /home/u834391968/domains/cgcolors.co/public_html/payxnowandrestondelivery/system/CodeIgniter.php(351): CodeIgniter\CodeIgniter->handleRequest(NULL, Object(Config\Cache), false)
#9 /home/u834391968/domains/cgcolors.co/public_html/payxnowandrestondelivery/public/index.php(67): CodeIgniter\CodeIgniter->run()
#10 {main}
