CRITICAL - 2023-02-01 00:00:44 --> Call to undefined method App\Models\UserModel::get_webhook_id
in SYSTEMPATH/Model.php on line 774.
 1 APPPATH/Controllers/AppUninstallController.php(29): CodeIgniter\Model->__call()
 2 SYSTEMPATH/CodeIgniter.php(927): App\Controllers\AppUninstallController->uninstall_app()
 3 SYSTEMPATH/CodeIgniter.php(482): CodeIgniter\CodeIgniter->runController()
 4 SYSTEMPATH/CodeIgniter.php(351): CodeIgniter\CodeIgniter->handleRequest()
 5 FCPATH/index.php(67): CodeIgniter\CodeIgniter->run()
CRITICAL - 2023-02-01 00:03:50 --> Call to undefined method App\Models\UserModel::get_webhook_id
in SYSTEMPATH/Model.php on line 774.
 1 APPPATH/Controllers/AppUninstallController.php(29): CodeIgniter\Model->__call()
 2 SYSTEMPATH/CodeIgniter.php(927): App\Controllers\AppUninstallController->uninstall_app()
 3 SYSTEMPATH/CodeIgniter.php(482): CodeIgniter\CodeIgniter->runController()
 4 SYSTEMPATH/CodeIgniter.php(351): CodeIgniter\CodeIgniter->handleRequest()
 5 FCPATH/index.php(67): CodeIgniter\CodeIgniter->run()
CRITICAL - 2023-02-01 04:00:47 --> Call to undefined method App\Models\UserModel::get_webhook_id
in SYSTEMPATH/Model.php on line 774.
 1 APPPATH/Controllers/AppUninstallController.php(29): CodeIgniter\Model->__call()
 2 SYSTEMPATH/CodeIgniter.php(927): App\Controllers\AppUninstallController->uninstall_app()
 3 SYSTEMPATH/CodeIgniter.php(482): CodeIgniter\CodeIgniter->runController()
 4 SYSTEMPATH/CodeIgniter.php(351): CodeIgniter\CodeIgniter->handleRequest()
 5 FCPATH/index.php(67): CodeIgniter\CodeIgniter->run()
CRITICAL - 2023-02-01 04:03:51 --> Call to undefined method App\Models\UserModel::get_webhook_id
in SYSTEMPATH/Model.php on line 774.
 1 APPPATH/Controllers/AppUninstallController.php(29): CodeIgniter\Model->__call()
 2 SYSTEMPATH/CodeIgniter.php(927): App\Controllers\AppUninstallController->uninstall_app()
 3 SYSTEMPATH/CodeIgniter.php(482): CodeIgniter\CodeIgniter->runController()
 4 SYSTEMPATH/CodeIgniter.php(351): CodeIgniter\CodeIgniter->handleRequest()
 5 FCPATH/index.php(67): CodeIgniter\CodeIgniter->run()
CRITICAL - 2023-02-01 08:00:48 --> Call to undefined method App\Models\UserModel::get_webhook_id
in SYSTEMPATH/Model.php on line 774.
 1 APPPATH/Controllers/AppUninstallController.php(29): CodeIgniter\Model->__call()
 2 SYSTEMPATH/CodeIgniter.php(927): App\Controllers\AppUninstallController->uninstall_app()
 3 SYSTEMPATH/CodeIgniter.php(482): CodeIgniter\CodeIgniter->runController()
 4 SYSTEMPATH/CodeIgniter.php(351): CodeIgniter\CodeIgniter->handleRequest()
 5 FCPATH/index.php(67): CodeIgniter\CodeIgniter->run()
CRITICAL - 2023-02-01 08:03:53 --> Call to undefined method App\Models\UserModel::get_webhook_id
in SYSTEMPATH/Model.php on line 774.
 1 APPPATH/Controllers/AppUninstallController.php(29): CodeIgniter\Model->__call()
 2 SYSTEMPATH/CodeIgniter.php(927): App\Controllers\AppUninstallController->uninstall_app()
 3 SYSTEMPATH/CodeIgniter.php(482): CodeIgniter\CodeIgniter->runController()
 4 SYSTEMPATH/CodeIgniter.php(351): CodeIgniter\CodeIgniter->handleRequest()
 5 FCPATH/index.php(67): CodeIgniter\CodeIgniter->run()
ERROR - 2023-02-01 08:38:50 --> mysqli_sql_exception: Column 'email' cannot be null in /home/877186.cloudwaysapps.com/yvuxeuwabq/public_html/system/Database/MySQLi/Connection.php:292
Stack trace:
#0 /home/877186.cloudwaysapps.com/yvuxeuwabq/public_html/system/Database/MySQLi/Connection.php(292): mysqli->query()
#1 /home/877186.cloudwaysapps.com/yvuxeuwabq/public_html/system/Database/BaseConnection.php(666): CodeIgniter\Database\MySQLi\Connection->execute()
#2 /home/877186.cloudwaysapps.com/yvuxeuwabq/public_html/system/Database/BaseConnection.php(593): CodeIgniter\Database\BaseConnection->simpleQuery()
#3 /home/877186.cloudwaysapps.com/yvuxeuwabq/public_html/system/Database/BaseBuilder.php(1916): CodeIgniter\Database\BaseConnection->query()
#4 /home/877186.cloudwaysapps.com/yvuxeuwabq/public_html/app/Models/UserModel.php(169): CodeIgniter\Database\BaseBuilder->insert()
#5 /home/877186.cloudwaysapps.com/yvuxeuwabq/public_html/app/Controllers/Home.php(408): App\Models\UserModel->track_orders()
#6 /home/877186.cloudwaysapps.com/yvuxeuwabq/public_html/system/CodeIgniter.php(927): App\Controllers\Home->show_all_orders()
#7 /home/877186.cloudwaysapps.com/yvuxeuwabq/public_html/system/CodeIgniter.php(482): CodeIgniter\CodeIgniter->runController()
#8 /home/877186.cloudwaysapps.com/yvuxeuwabq/public_html/system/CodeIgniter.php(351): CodeIgniter\CodeIgniter->handleRequest()
#9 /home/877186.cloudwaysapps.com/yvuxeuwabq/public_html/public/index.php(67): CodeIgniter\CodeIgniter->run()
#10 {main}
ERROR - 2023-02-01 08:59:23 --> mysqli_sql_exception: Column 'email' cannot be null in /home/877186.cloudwaysapps.com/yvuxeuwabq/public_html/system/Database/MySQLi/Connection.php:292
Stack trace:
#0 /home/877186.cloudwaysapps.com/yvuxeuwabq/public_html/system/Database/MySQLi/Connection.php(292): mysqli->query()
#1 /home/877186.cloudwaysapps.com/yvuxeuwabq/public_html/system/Database/BaseConnection.php(666): CodeIgniter\Database\MySQLi\Connection->execute()
#2 /home/877186.cloudwaysapps.com/yvuxeuwabq/public_html/system/Database/BaseConnection.php(593): CodeIgniter\Database\BaseConnection->simpleQuery()
#3 /home/877186.cloudwaysapps.com/yvuxeuwabq/public_html/system/Database/BaseBuilder.php(1916): CodeIgniter\Database\BaseConnection->query()
#4 /home/877186.cloudwaysapps.com/yvuxeuwabq/public_html/app/Models/UserModel.php(169): CodeIgniter\Database\BaseBuilder->insert()
#5 /home/877186.cloudwaysapps.com/yvuxeuwabq/public_html/app/Controllers/Home.php(408): App\Models\UserModel->track_orders()
#6 /home/877186.cloudwaysapps.com/yvuxeuwabq/public_html/system/CodeIgniter.php(927): App\Controllers\Home->show_all_orders()
#7 /home/877186.cloudwaysapps.com/yvuxeuwabq/public_html/system/CodeIgniter.php(482): CodeIgniter\CodeIgniter->runController()
#8 /home/877186.cloudwaysapps.com/yvuxeuwabq/public_html/system/CodeIgniter.php(351): CodeIgniter\CodeIgniter->handleRequest()
#9 /home/877186.cloudwaysapps.com/yvuxeuwabq/public_html/public/index.php(67): CodeIgniter\CodeIgniter->run()
#10 {main}
CRITICAL - 2023-02-01 12:00:49 --> Call to undefined method App\Models\UserModel::get_webhook_id
in SYSTEMPATH/Model.php on line 774.
 1 APPPATH/Controllers/AppUninstallController.php(29): CodeIgniter\Model->__call()
 2 SYSTEMPATH/CodeIgniter.php(927): App\Controllers\AppUninstallController->uninstall_app()
 3 SYSTEMPATH/CodeIgniter.php(482): CodeIgniter\CodeIgniter->runController()
 4 SYSTEMPATH/CodeIgniter.php(351): CodeIgniter\CodeIgniter->handleRequest()
 5 FCPATH/index.php(67): CodeIgniter\CodeIgniter->run()
CRITICAL - 2023-02-01 12:03:54 --> Call to undefined method App\Models\UserModel::get_webhook_id
in SYSTEMPATH/Model.php on line 774.
 1 APPPATH/Controllers/AppUninstallController.php(29): CodeIgniter\Model->__call()
 2 SYSTEMPATH/CodeIgniter.php(927): App\Controllers\AppUninstallController->uninstall_app()
 3 SYSTEMPATH/CodeIgniter.php(482): CodeIgniter\CodeIgniter->runController()
 4 SYSTEMPATH/CodeIgniter.php(351): CodeIgniter\CodeIgniter->handleRequest()
 5 FCPATH/index.php(67): CodeIgniter\CodeIgniter->run()
CRITICAL - 2023-02-01 16:00:51 --> Call to undefined method App\Models\UserModel::get_webhook_id
in SYSTEMPATH/Model.php on line 774.
 1 APPPATH/Controllers/AppUninstallController.php(29): CodeIgniter\Model->__call()
 2 SYSTEMPATH/CodeIgniter.php(927): App\Controllers\AppUninstallController->uninstall_app()
 3 SYSTEMPATH/CodeIgniter.php(482): CodeIgniter\CodeIgniter->runController()
 4 SYSTEMPATH/CodeIgniter.php(351): CodeIgniter\CodeIgniter->handleRequest()
 5 FCPATH/index.php(67): CodeIgniter\CodeIgniter->run()
CRITICAL - 2023-02-01 16:03:56 --> Call to undefined method App\Models\UserModel::get_webhook_id
in SYSTEMPATH/Model.php on line 774.
 1 APPPATH/Controllers/AppUninstallController.php(29): CodeIgniter\Model->__call()
 2 SYSTEMPATH/CodeIgniter.php(927): App\Controllers\AppUninstallController->uninstall_app()
 3 SYSTEMPATH/CodeIgniter.php(482): CodeIgniter\CodeIgniter->runController()
 4 SYSTEMPATH/CodeIgniter.php(351): CodeIgniter\CodeIgniter->handleRequest()
 5 FCPATH/index.php(67): CodeIgniter\CodeIgniter->run()
CRITICAL - 2023-02-01 20:00:53 --> Call to undefined method App\Models\UserModel::get_webhook_id
in SYSTEMPATH/Model.php on line 774.
 1 APPPATH/Controllers/AppUninstallController.php(29): CodeIgniter\Model->__call()
 2 SYSTEMPATH/CodeIgniter.php(927): App\Controllers\AppUninstallController->uninstall_app()
 3 SYSTEMPATH/CodeIgniter.php(482): CodeIgniter\CodeIgniter->runController()
 4 SYSTEMPATH/CodeIgniter.php(351): CodeIgniter\CodeIgniter->handleRequest()
 5 FCPATH/index.php(67): CodeIgniter\CodeIgniter->run()
CRITICAL - 2023-02-01 20:03:58 --> Call to undefined method App\Models\UserModel::get_webhook_id
in SYSTEMPATH/Model.php on line 774.
 1 APPPATH/Controllers/AppUninstallController.php(29): CodeIgniter\Model->__call()
 2 SYSTEMPATH/CodeIgniter.php(927): App\Controllers\AppUninstallController->uninstall_app()
 3 SYSTEMPATH/CodeIgniter.php(482): CodeIgniter\CodeIgniter->runController()
 4 SYSTEMPATH/CodeIgniter.php(351): CodeIgniter\CodeIgniter->handleRequest()
 5 FCPATH/index.php(67): CodeIgniter\CodeIgniter->run()
