ERROR - 2023-01-13 05:47:06 --> mysqli_sql_exception: Column 'email' cannot be null in /home/877186.cloudwaysapps.com/yvuxeuwabq/public_html/system/Database/MySQLi/Connection.php:292
Stack trace:
#0 /home/877186.cloudwaysapps.com/yvuxeuwabq/public_html/system/Database/MySQLi/Connection.php(292): mysqli->query()
#1 /home/877186.cloudwaysapps.com/yvuxeuwabq/public_html/system/Database/BaseConnection.php(666): CodeIgniter\Database\MySQLi\Connection->execute()
#2 /home/877186.cloudwaysapps.com/yvuxeuwabq/public_html/system/Database/BaseConnection.php(593): CodeIgniter\Database\BaseConnection->simpleQuery()
#3 /home/877186.cloudwaysapps.com/yvuxeuwabq/public_html/system/Database/BaseBuilder.php(1916): CodeIgniter\Database\BaseConnection->query()
#4 /home/877186.cloudwaysapps.com/yvuxeuwabq/public_html/app/Models/UserModel.php(154): CodeIgniter\Database\BaseBuilder->insert()
#5 /home/877186.cloudwaysapps.com/yvuxeuwabq/public_html/app/Controllers/Home.php(254): App\Models\UserModel->track_orders()
#6 /home/877186.cloudwaysapps.com/yvuxeuwabq/public_html/system/CodeIgniter.php(927): App\Controllers\Home->show_all_orders()
#7 /home/877186.cloudwaysapps.com/yvuxeuwabq/public_html/system/CodeIgniter.php(482): CodeIgniter\CodeIgniter->runController()
#8 /home/877186.cloudwaysapps.com/yvuxeuwabq/public_html/system/CodeIgniter.php(351): CodeIgniter\CodeIgniter->handleRequest()
#9 /home/877186.cloudwaysapps.com/yvuxeuwabq/public_html/public/index.php(67): CodeIgniter\CodeIgniter->run()
#10 {main}
ERROR - 2023-01-13 05:48:52 --> mysqli_sql_exception: Column 'email' cannot be null in /home/877186.cloudwaysapps.com/yvuxeuwabq/public_html/system/Database/MySQLi/Connection.php:292
Stack trace:
#0 /home/877186.cloudwaysapps.com/yvuxeuwabq/public_html/system/Database/MySQLi/Connection.php(292): mysqli->query()
#1 /home/877186.cloudwaysapps.com/yvuxeuwabq/public_html/system/Database/BaseConnection.php(666): CodeIgniter\Database\MySQLi\Connection->execute()
#2 /home/877186.cloudwaysapps.com/yvuxeuwabq/public_html/system/Database/BaseConnection.php(593): CodeIgniter\Database\BaseConnection->simpleQuery()
#3 /home/877186.cloudwaysapps.com/yvuxeuwabq/public_html/system/Database/BaseBuilder.php(1916): CodeIgniter\Database\BaseConnection->query()
#4 /home/877186.cloudwaysapps.com/yvuxeuwabq/public_html/app/Models/UserModel.php(154): CodeIgniter\Database\BaseBuilder->insert()
#5 /home/877186.cloudwaysapps.com/yvuxeuwabq/public_html/app/Controllers/Home.php(254): App\Models\UserModel->track_orders()
#6 /home/877186.cloudwaysapps.com/yvuxeuwabq/public_html/system/CodeIgniter.php(927): App\Controllers\Home->show_all_orders()
#7 /home/877186.cloudwaysapps.com/yvuxeuwabq/public_html/system/CodeIgniter.php(482): CodeIgniter\CodeIgniter->runController()
#8 /home/877186.cloudwaysapps.com/yvuxeuwabq/public_html/system/CodeIgniter.php(351): CodeIgniter\CodeIgniter->handleRequest()
#9 /home/877186.cloudwaysapps.com/yvuxeuwabq/public_html/public/index.php(67): CodeIgniter\CodeIgniter->run()
#10 {main}
ERROR - 2023-01-13 06:37:38 --> mysqli_sql_exception: Column 'email' cannot be null in /home/877186.cloudwaysapps.com/yvuxeuwabq/public_html/system/Database/MySQLi/Connection.php:292
Stack trace:
#0 /home/877186.cloudwaysapps.com/yvuxeuwabq/public_html/system/Database/MySQLi/Connection.php(292): mysqli->query()
#1 /home/877186.cloudwaysapps.com/yvuxeuwabq/public_html/system/Database/BaseConnection.php(666): CodeIgniter\Database\MySQLi\Connection->execute()
#2 /home/877186.cloudwaysapps.com/yvuxeuwabq/public_html/system/Database/BaseConnection.php(593): CodeIgniter\Database\BaseConnection->simpleQuery()
#3 /home/877186.cloudwaysapps.com/yvuxeuwabq/public_html/system/Database/BaseBuilder.php(1916): CodeIgniter\Database\BaseConnection->query()
#4 /home/877186.cloudwaysapps.com/yvuxeuwabq/public_html/app/Models/UserModel.php(154): CodeIgniter\Database\BaseBuilder->insert()
#5 /home/877186.cloudwaysapps.com/yvuxeuwabq/public_html/app/Controllers/Home.php(254): App\Models\UserModel->track_orders()
#6 /home/877186.cloudwaysapps.com/yvuxeuwabq/public_html/system/CodeIgniter.php(927): App\Controllers\Home->show_all_orders()
#7 /home/877186.cloudwaysapps.com/yvuxeuwabq/public_html/system/CodeIgniter.php(482): CodeIgniter\CodeIgniter->runController()
#8 /home/877186.cloudwaysapps.com/yvuxeuwabq/public_html/system/CodeIgniter.php(351): CodeIgniter\CodeIgniter->handleRequest()
#9 /home/877186.cloudwaysapps.com/yvuxeuwabq/public_html/public/index.php(67): CodeIgniter\CodeIgniter->run()
#10 {main}
ERROR - 2023-01-13 07:45:57 --> mysqli_sql_exception: Column 'email' cannot be null in /home/877186.cloudwaysapps.com/yvuxeuwabq/public_html/system/Database/MySQLi/Connection.php:292
Stack trace:
#0 /home/877186.cloudwaysapps.com/yvuxeuwabq/public_html/system/Database/MySQLi/Connection.php(292): mysqli->query()
#1 /home/877186.cloudwaysapps.com/yvuxeuwabq/public_html/system/Database/BaseConnection.php(666): CodeIgniter\Database\MySQLi\Connection->execute()
#2 /home/877186.cloudwaysapps.com/yvuxeuwabq/public_html/system/Database/BaseConnection.php(593): CodeIgniter\Database\BaseConnection->simpleQuery()
#3 /home/877186.cloudwaysapps.com/yvuxeuwabq/public_html/system/Database/BaseBuilder.php(1916): CodeIgniter\Database\BaseConnection->query()
#4 /home/877186.cloudwaysapps.com/yvuxeuwabq/public_html/app/Models/UserModel.php(154): CodeIgniter\Database\BaseBuilder->insert()
#5 /home/877186.cloudwaysapps.com/yvuxeuwabq/public_html/app/Controllers/Home.php(254): App\Models\UserModel->track_orders()
#6 /home/877186.cloudwaysapps.com/yvuxeuwabq/public_html/system/CodeIgniter.php(927): App\Controllers\Home->show_all_orders()
#7 /home/877186.cloudwaysapps.com/yvuxeuwabq/public_html/system/CodeIgniter.php(482): CodeIgniter\CodeIgniter->runController()
#8 /home/877186.cloudwaysapps.com/yvuxeuwabq/public_html/system/CodeIgniter.php(351): CodeIgniter\CodeIgniter->handleRequest()
#9 /home/877186.cloudwaysapps.com/yvuxeuwabq/public_html/public/index.php(67): CodeIgniter\CodeIgniter->run()
#10 {main}
ERROR - 2023-01-13 07:49:52 --> mysqli_sql_exception: Column 'email' cannot be null in /home/877186.cloudwaysapps.com/yvuxeuwabq/public_html/system/Database/MySQLi/Connection.php:292
Stack trace:
#0 /home/877186.cloudwaysapps.com/yvuxeuwabq/public_html/system/Database/MySQLi/Connection.php(292): mysqli->query()
#1 /home/877186.cloudwaysapps.com/yvuxeuwabq/public_html/system/Database/BaseConnection.php(666): CodeIgniter\Database\MySQLi\Connection->execute()
#2 /home/877186.cloudwaysapps.com/yvuxeuwabq/public_html/system/Database/BaseConnection.php(593): CodeIgniter\Database\BaseConnection->simpleQuery()
#3 /home/877186.cloudwaysapps.com/yvuxeuwabq/public_html/system/Database/BaseBuilder.php(1916): CodeIgniter\Database\BaseConnection->query()
#4 /home/877186.cloudwaysapps.com/yvuxeuwabq/public_html/app/Models/UserModel.php(154): CodeIgniter\Database\BaseBuilder->insert()
#5 /home/877186.cloudwaysapps.com/yvuxeuwabq/public_html/app/Controllers/Home.php(254): App\Models\UserModel->track_orders()
#6 /home/877186.cloudwaysapps.com/yvuxeuwabq/public_html/system/CodeIgniter.php(927): App\Controllers\Home->show_all_orders()
#7 /home/877186.cloudwaysapps.com/yvuxeuwabq/public_html/system/CodeIgniter.php(482): CodeIgniter\CodeIgniter->runController()
#8 /home/877186.cloudwaysapps.com/yvuxeuwabq/public_html/system/CodeIgniter.php(351): CodeIgniter\CodeIgniter->handleRequest()
#9 /home/877186.cloudwaysapps.com/yvuxeuwabq/public_html/public/index.php(67): CodeIgniter\CodeIgniter->run()
#10 {main}
ERROR - 2023-01-13 07:57:51 --> mysqli_sql_exception: Column 'email' cannot be null in /home/877186.cloudwaysapps.com/yvuxeuwabq/public_html/system/Database/MySQLi/Connection.php:292
Stack trace:
#0 /home/877186.cloudwaysapps.com/yvuxeuwabq/public_html/system/Database/MySQLi/Connection.php(292): mysqli->query()
#1 /home/877186.cloudwaysapps.com/yvuxeuwabq/public_html/system/Database/BaseConnection.php(666): CodeIgniter\Database\MySQLi\Connection->execute()
#2 /home/877186.cloudwaysapps.com/yvuxeuwabq/public_html/system/Database/BaseConnection.php(593): CodeIgniter\Database\BaseConnection->simpleQuery()
#3 /home/877186.cloudwaysapps.com/yvuxeuwabq/public_html/system/Database/BaseBuilder.php(1916): CodeIgniter\Database\BaseConnection->query()
#4 /home/877186.cloudwaysapps.com/yvuxeuwabq/public_html/app/Models/UserModel.php(154): CodeIgniter\Database\BaseBuilder->insert()
#5 /home/877186.cloudwaysapps.com/yvuxeuwabq/public_html/app/Controllers/Home.php(254): App\Models\UserModel->track_orders()
#6 /home/877186.cloudwaysapps.com/yvuxeuwabq/public_html/system/CodeIgniter.php(927): App\Controllers\Home->show_all_orders()
#7 /home/877186.cloudwaysapps.com/yvuxeuwabq/public_html/system/CodeIgniter.php(482): CodeIgniter\CodeIgniter->runController()
#8 /home/877186.cloudwaysapps.com/yvuxeuwabq/public_html/system/CodeIgniter.php(351): CodeIgniter\CodeIgniter->handleRequest()
#9 /home/877186.cloudwaysapps.com/yvuxeuwabq/public_html/public/index.php(67): CodeIgniter\CodeIgniter->run()
#10 {main}
ERROR - 2023-01-13 08:00:36 --> mysqli_sql_exception: Column 'email' cannot be null in /home/877186.cloudwaysapps.com/yvuxeuwabq/public_html/system/Database/MySQLi/Connection.php:292
Stack trace:
#0 /home/877186.cloudwaysapps.com/yvuxeuwabq/public_html/system/Database/MySQLi/Connection.php(292): mysqli->query()
#1 /home/877186.cloudwaysapps.com/yvuxeuwabq/public_html/system/Database/BaseConnection.php(666): CodeIgniter\Database\MySQLi\Connection->execute()
#2 /home/877186.cloudwaysapps.com/yvuxeuwabq/public_html/system/Database/BaseConnection.php(593): CodeIgniter\Database\BaseConnection->simpleQuery()
#3 /home/877186.cloudwaysapps.com/yvuxeuwabq/public_html/system/Database/BaseBuilder.php(1916): CodeIgniter\Database\BaseConnection->query()
#4 /home/877186.cloudwaysapps.com/yvuxeuwabq/public_html/app/Models/UserModel.php(154): CodeIgniter\Database\BaseBuilder->insert()
#5 /home/877186.cloudwaysapps.com/yvuxeuwabq/public_html/app/Controllers/Home.php(254): App\Models\UserModel->track_orders()
#6 /home/877186.cloudwaysapps.com/yvuxeuwabq/public_html/system/CodeIgniter.php(927): App\Controllers\Home->show_all_orders()
#7 /home/877186.cloudwaysapps.com/yvuxeuwabq/public_html/system/CodeIgniter.php(482): CodeIgniter\CodeIgniter->runController()
#8 /home/877186.cloudwaysapps.com/yvuxeuwabq/public_html/system/CodeIgniter.php(351): CodeIgniter\CodeIgniter->handleRequest()
#9 /home/877186.cloudwaysapps.com/yvuxeuwabq/public_html/public/index.php(67): CodeIgniter\CodeIgniter->run()
#10 {main}
ERROR - 2023-01-13 08:03:51 --> mysqli_sql_exception: Column 'email' cannot be null in /home/877186.cloudwaysapps.com/yvuxeuwabq/public_html/system/Database/MySQLi/Connection.php:292
Stack trace:
#0 /home/877186.cloudwaysapps.com/yvuxeuwabq/public_html/system/Database/MySQLi/Connection.php(292): mysqli->query()
#1 /home/877186.cloudwaysapps.com/yvuxeuwabq/public_html/system/Database/BaseConnection.php(666): CodeIgniter\Database\MySQLi\Connection->execute()
#2 /home/877186.cloudwaysapps.com/yvuxeuwabq/public_html/system/Database/BaseConnection.php(593): CodeIgniter\Database\BaseConnection->simpleQuery()
#3 /home/877186.cloudwaysapps.com/yvuxeuwabq/public_html/system/Database/BaseBuilder.php(1916): CodeIgniter\Database\BaseConnection->query()
#4 /home/877186.cloudwaysapps.com/yvuxeuwabq/public_html/app/Models/UserModel.php(154): CodeIgniter\Database\BaseBuilder->insert()
#5 /home/877186.cloudwaysapps.com/yvuxeuwabq/public_html/app/Controllers/Home.php(254): App\Models\UserModel->track_orders()
#6 /home/877186.cloudwaysapps.com/yvuxeuwabq/public_html/system/CodeIgniter.php(927): App\Controllers\Home->show_all_orders()
#7 /home/877186.cloudwaysapps.com/yvuxeuwabq/public_html/system/CodeIgniter.php(482): CodeIgniter\CodeIgniter->runController()
#8 /home/877186.cloudwaysapps.com/yvuxeuwabq/public_html/system/CodeIgniter.php(351): CodeIgniter\CodeIgniter->handleRequest()
#9 /home/877186.cloudwaysapps.com/yvuxeuwabq/public_html/public/index.php(67): CodeIgniter\CodeIgniter->run()
#10 {main}
ERROR - 2023-01-13 08:04:31 --> mysqli_sql_exception: Column 'email' cannot be null in /home/877186.cloudwaysapps.com/yvuxeuwabq/public_html/system/Database/MySQLi/Connection.php:292
Stack trace:
#0 /home/877186.cloudwaysapps.com/yvuxeuwabq/public_html/system/Database/MySQLi/Connection.php(292): mysqli->query()
#1 /home/877186.cloudwaysapps.com/yvuxeuwabq/public_html/system/Database/BaseConnection.php(666): CodeIgniter\Database\MySQLi\Connection->execute()
#2 /home/877186.cloudwaysapps.com/yvuxeuwabq/public_html/system/Database/BaseConnection.php(593): CodeIgniter\Database\BaseConnection->simpleQuery()
#3 /home/877186.cloudwaysapps.com/yvuxeuwabq/public_html/system/Database/BaseBuilder.php(1916): CodeIgniter\Database\BaseConnection->query()
#4 /home/877186.cloudwaysapps.com/yvuxeuwabq/public_html/app/Models/UserModel.php(154): CodeIgniter\Database\BaseBuilder->insert()
#5 /home/877186.cloudwaysapps.com/yvuxeuwabq/public_html/app/Controllers/Home.php(254): App\Models\UserModel->track_orders()
#6 /home/877186.cloudwaysapps.com/yvuxeuwabq/public_html/system/CodeIgniter.php(927): App\Controllers\Home->show_all_orders()
#7 /home/877186.cloudwaysapps.com/yvuxeuwabq/public_html/system/CodeIgniter.php(482): CodeIgniter\CodeIgniter->runController()
#8 /home/877186.cloudwaysapps.com/yvuxeuwabq/public_html/system/CodeIgniter.php(351): CodeIgniter\CodeIgniter->handleRequest()
#9 /home/877186.cloudwaysapps.com/yvuxeuwabq/public_html/public/index.php(67): CodeIgniter\CodeIgniter->run()
#10 {main}
ERROR - 2023-01-13 08:08:45 --> mysqli_sql_exception: Column 'email' cannot be null in /home/877186.cloudwaysapps.com/yvuxeuwabq/public_html/system/Database/MySQLi/Connection.php:292
Stack trace:
#0 /home/877186.cloudwaysapps.com/yvuxeuwabq/public_html/system/Database/MySQLi/Connection.php(292): mysqli->query()
#1 /home/877186.cloudwaysapps.com/yvuxeuwabq/public_html/system/Database/BaseConnection.php(666): CodeIgniter\Database\MySQLi\Connection->execute()
#2 /home/877186.cloudwaysapps.com/yvuxeuwabq/public_html/system/Database/BaseConnection.php(593): CodeIgniter\Database\BaseConnection->simpleQuery()
#3 /home/877186.cloudwaysapps.com/yvuxeuwabq/public_html/system/Database/BaseBuilder.php(1916): CodeIgniter\Database\BaseConnection->query()
#4 /home/877186.cloudwaysapps.com/yvuxeuwabq/public_html/app/Models/UserModel.php(154): CodeIgniter\Database\BaseBuilder->insert()
#5 /home/877186.cloudwaysapps.com/yvuxeuwabq/public_html/app/Controllers/Home.php(254): App\Models\UserModel->track_orders()
#6 /home/877186.cloudwaysapps.com/yvuxeuwabq/public_html/system/CodeIgniter.php(927): App\Controllers\Home->show_all_orders()
#7 /home/877186.cloudwaysapps.com/yvuxeuwabq/public_html/system/CodeIgniter.php(482): CodeIgniter\CodeIgniter->runController()
#8 /home/877186.cloudwaysapps.com/yvuxeuwabq/public_html/system/CodeIgniter.php(351): CodeIgniter\CodeIgniter->handleRequest()
#9 /home/877186.cloudwaysapps.com/yvuxeuwabq/public_html/public/index.php(67): CodeIgniter\CodeIgniter->run()
#10 {main}
ERROR - 2023-01-13 08:10:21 --> mysqli_sql_exception: Column 'email' cannot be null in /home/877186.cloudwaysapps.com/yvuxeuwabq/public_html/system/Database/MySQLi/Connection.php:292
Stack trace:
#0 /home/877186.cloudwaysapps.com/yvuxeuwabq/public_html/system/Database/MySQLi/Connection.php(292): mysqli->query()
#1 /home/877186.cloudwaysapps.com/yvuxeuwabq/public_html/system/Database/BaseConnection.php(666): CodeIgniter\Database\MySQLi\Connection->execute()
#2 /home/877186.cloudwaysapps.com/yvuxeuwabq/public_html/system/Database/BaseConnection.php(593): CodeIgniter\Database\BaseConnection->simpleQuery()
#3 /home/877186.cloudwaysapps.com/yvuxeuwabq/public_html/system/Database/BaseBuilder.php(1916): CodeIgniter\Database\BaseConnection->query()
#4 /home/877186.cloudwaysapps.com/yvuxeuwabq/public_html/app/Models/UserModel.php(154): CodeIgniter\Database\BaseBuilder->insert()
#5 /home/877186.cloudwaysapps.com/yvuxeuwabq/public_html/app/Controllers/Home.php(254): App\Models\UserModel->track_orders()
#6 /home/877186.cloudwaysapps.com/yvuxeuwabq/public_html/system/CodeIgniter.php(927): App\Controllers\Home->show_all_orders()
#7 /home/877186.cloudwaysapps.com/yvuxeuwabq/public_html/system/CodeIgniter.php(482): CodeIgniter\CodeIgniter->runController()
#8 /home/877186.cloudwaysapps.com/yvuxeuwabq/public_html/system/CodeIgniter.php(351): CodeIgniter\CodeIgniter->handleRequest()
#9 /home/877186.cloudwaysapps.com/yvuxeuwabq/public_html/public/index.php(67): CodeIgniter\CodeIgniter->run()
#10 {main}
ERROR - 2023-01-13 08:14:14 --> mysqli_sql_exception: Column 'email' cannot be null in /home/877186.cloudwaysapps.com/yvuxeuwabq/public_html/system/Database/MySQLi/Connection.php:292
Stack trace:
#0 /home/877186.cloudwaysapps.com/yvuxeuwabq/public_html/system/Database/MySQLi/Connection.php(292): mysqli->query()
#1 /home/877186.cloudwaysapps.com/yvuxeuwabq/public_html/system/Database/BaseConnection.php(666): CodeIgniter\Database\MySQLi\Connection->execute()
#2 /home/877186.cloudwaysapps.com/yvuxeuwabq/public_html/system/Database/BaseConnection.php(593): CodeIgniter\Database\BaseConnection->simpleQuery()
#3 /home/877186.cloudwaysapps.com/yvuxeuwabq/public_html/system/Database/BaseBuilder.php(1916): CodeIgniter\Database\BaseConnection->query()
#4 /home/877186.cloudwaysapps.com/yvuxeuwabq/public_html/app/Models/UserModel.php(154): CodeIgniter\Database\BaseBuilder->insert()
#5 /home/877186.cloudwaysapps.com/yvuxeuwabq/public_html/app/Controllers/Home.php(254): App\Models\UserModel->track_orders()
#6 /home/877186.cloudwaysapps.com/yvuxeuwabq/public_html/system/CodeIgniter.php(927): App\Controllers\Home->show_all_orders()
#7 /home/877186.cloudwaysapps.com/yvuxeuwabq/public_html/system/CodeIgniter.php(482): CodeIgniter\CodeIgniter->runController()
#8 /home/877186.cloudwaysapps.com/yvuxeuwabq/public_html/system/CodeIgniter.php(351): CodeIgniter\CodeIgniter->handleRequest()
#9 /home/877186.cloudwaysapps.com/yvuxeuwabq/public_html/public/index.php(67): CodeIgniter\CodeIgniter->run()
#10 {main}
ERROR - 2023-01-13 08:19:13 --> mysqli_sql_exception: Column 'email' cannot be null in /home/877186.cloudwaysapps.com/yvuxeuwabq/public_html/system/Database/MySQLi/Connection.php:292
Stack trace:
#0 /home/877186.cloudwaysapps.com/yvuxeuwabq/public_html/system/Database/MySQLi/Connection.php(292): mysqli->query()
#1 /home/877186.cloudwaysapps.com/yvuxeuwabq/public_html/system/Database/BaseConnection.php(666): CodeIgniter\Database\MySQLi\Connection->execute()
#2 /home/877186.cloudwaysapps.com/yvuxeuwabq/public_html/system/Database/BaseConnection.php(593): CodeIgniter\Database\BaseConnection->simpleQuery()
#3 /home/877186.cloudwaysapps.com/yvuxeuwabq/public_html/system/Database/BaseBuilder.php(1916): CodeIgniter\Database\BaseConnection->query()
#4 /home/877186.cloudwaysapps.com/yvuxeuwabq/public_html/app/Models/UserModel.php(154): CodeIgniter\Database\BaseBuilder->insert()
#5 /home/877186.cloudwaysapps.com/yvuxeuwabq/public_html/app/Controllers/Home.php(254): App\Models\UserModel->track_orders()
#6 /home/877186.cloudwaysapps.com/yvuxeuwabq/public_html/system/CodeIgniter.php(927): App\Controllers\Home->show_all_orders()
#7 /home/877186.cloudwaysapps.com/yvuxeuwabq/public_html/system/CodeIgniter.php(482): CodeIgniter\CodeIgniter->runController()
#8 /home/877186.cloudwaysapps.com/yvuxeuwabq/public_html/system/CodeIgniter.php(351): CodeIgniter\CodeIgniter->handleRequest()
#9 /home/877186.cloudwaysapps.com/yvuxeuwabq/public_html/public/index.php(67): CodeIgniter\CodeIgniter->run()
#10 {main}
ERROR - 2023-01-13 08:20:41 --> mysqli_sql_exception: Column 'email' cannot be null in /home/877186.cloudwaysapps.com/yvuxeuwabq/public_html/system/Database/MySQLi/Connection.php:292
Stack trace:
#0 /home/877186.cloudwaysapps.com/yvuxeuwabq/public_html/system/Database/MySQLi/Connection.php(292): mysqli->query()
#1 /home/877186.cloudwaysapps.com/yvuxeuwabq/public_html/system/Database/BaseConnection.php(666): CodeIgniter\Database\MySQLi\Connection->execute()
#2 /home/877186.cloudwaysapps.com/yvuxeuwabq/public_html/system/Database/BaseConnection.php(593): CodeIgniter\Database\BaseConnection->simpleQuery()
#3 /home/877186.cloudwaysapps.com/yvuxeuwabq/public_html/system/Database/BaseBuilder.php(1916): CodeIgniter\Database\BaseConnection->query()
#4 /home/877186.cloudwaysapps.com/yvuxeuwabq/public_html/app/Models/UserModel.php(154): CodeIgniter\Database\BaseBuilder->insert()
#5 /home/877186.cloudwaysapps.com/yvuxeuwabq/public_html/app/Controllers/Home.php(254): App\Models\UserModel->track_orders()
#6 /home/877186.cloudwaysapps.com/yvuxeuwabq/public_html/system/CodeIgniter.php(927): App\Controllers\Home->show_all_orders()
#7 /home/877186.cloudwaysapps.com/yvuxeuwabq/public_html/system/CodeIgniter.php(482): CodeIgniter\CodeIgniter->runController()
#8 /home/877186.cloudwaysapps.com/yvuxeuwabq/public_html/system/CodeIgniter.php(351): CodeIgniter\CodeIgniter->handleRequest()
#9 /home/877186.cloudwaysapps.com/yvuxeuwabq/public_html/public/index.php(67): CodeIgniter\CodeIgniter->run()
#10 {main}
ERROR - 2023-01-13 08:22:04 --> mysqli_sql_exception: Column 'email' cannot be null in /home/877186.cloudwaysapps.com/yvuxeuwabq/public_html/system/Database/MySQLi/Connection.php:292
Stack trace:
#0 /home/877186.cloudwaysapps.com/yvuxeuwabq/public_html/system/Database/MySQLi/Connection.php(292): mysqli->query()
#1 /home/877186.cloudwaysapps.com/yvuxeuwabq/public_html/system/Database/BaseConnection.php(666): CodeIgniter\Database\MySQLi\Connection->execute()
#2 /home/877186.cloudwaysapps.com/yvuxeuwabq/public_html/system/Database/BaseConnection.php(593): CodeIgniter\Database\BaseConnection->simpleQuery()
#3 /home/877186.cloudwaysapps.com/yvuxeuwabq/public_html/system/Database/BaseBuilder.php(1916): CodeIgniter\Database\BaseConnection->query()
#4 /home/877186.cloudwaysapps.com/yvuxeuwabq/public_html/app/Models/UserModel.php(154): CodeIgniter\Database\BaseBuilder->insert()
#5 /home/877186.cloudwaysapps.com/yvuxeuwabq/public_html/app/Controllers/Home.php(254): App\Models\UserModel->track_orders()
#6 /home/877186.cloudwaysapps.com/yvuxeuwabq/public_html/system/CodeIgniter.php(927): App\Controllers\Home->show_all_orders()
#7 /home/877186.cloudwaysapps.com/yvuxeuwabq/public_html/system/CodeIgniter.php(482): CodeIgniter\CodeIgniter->runController()
#8 /home/877186.cloudwaysapps.com/yvuxeuwabq/public_html/system/CodeIgniter.php(351): CodeIgniter\CodeIgniter->handleRequest()
#9 /home/877186.cloudwaysapps.com/yvuxeuwabq/public_html/public/index.php(67): CodeIgniter\CodeIgniter->run()
#10 {main}
ERROR - 2023-01-13 08:25:19 --> mysqli_sql_exception: Column 'email' cannot be null in /home/877186.cloudwaysapps.com/yvuxeuwabq/public_html/system/Database/MySQLi/Connection.php:292
Stack trace:
#0 /home/877186.cloudwaysapps.com/yvuxeuwabq/public_html/system/Database/MySQLi/Connection.php(292): mysqli->query()
#1 /home/877186.cloudwaysapps.com/yvuxeuwabq/public_html/system/Database/BaseConnection.php(666): CodeIgniter\Database\MySQLi\Connection->execute()
#2 /home/877186.cloudwaysapps.com/yvuxeuwabq/public_html/system/Database/BaseConnection.php(593): CodeIgniter\Database\BaseConnection->simpleQuery()
#3 /home/877186.cloudwaysapps.com/yvuxeuwabq/public_html/system/Database/BaseBuilder.php(1916): CodeIgniter\Database\BaseConnection->query()
#4 /home/877186.cloudwaysapps.com/yvuxeuwabq/public_html/app/Models/UserModel.php(154): CodeIgniter\Database\BaseBuilder->insert()
#5 /home/877186.cloudwaysapps.com/yvuxeuwabq/public_html/app/Controllers/Home.php(254): App\Models\UserModel->track_orders()
#6 /home/877186.cloudwaysapps.com/yvuxeuwabq/public_html/system/CodeIgniter.php(927): App\Controllers\Home->show_all_orders()
#7 /home/877186.cloudwaysapps.com/yvuxeuwabq/public_html/system/CodeIgniter.php(482): CodeIgniter\CodeIgniter->runController()
#8 /home/877186.cloudwaysapps.com/yvuxeuwabq/public_html/system/CodeIgniter.php(351): CodeIgniter\CodeIgniter->handleRequest()
#9 /home/877186.cloudwaysapps.com/yvuxeuwabq/public_html/public/index.php(67): CodeIgniter\CodeIgniter->run()
#10 {main}
ERROR - 2023-01-13 08:25:49 --> mysqli_sql_exception: Column 'email' cannot be null in /home/877186.cloudwaysapps.com/yvuxeuwabq/public_html/system/Database/MySQLi/Connection.php:292
Stack trace:
#0 /home/877186.cloudwaysapps.com/yvuxeuwabq/public_html/system/Database/MySQLi/Connection.php(292): mysqli->query()
#1 /home/877186.cloudwaysapps.com/yvuxeuwabq/public_html/system/Database/BaseConnection.php(666): CodeIgniter\Database\MySQLi\Connection->execute()
#2 /home/877186.cloudwaysapps.com/yvuxeuwabq/public_html/system/Database/BaseConnection.php(593): CodeIgniter\Database\BaseConnection->simpleQuery()
#3 /home/877186.cloudwaysapps.com/yvuxeuwabq/public_html/system/Database/BaseBuilder.php(1916): CodeIgniter\Database\BaseConnection->query()
#4 /home/877186.cloudwaysapps.com/yvuxeuwabq/public_html/app/Models/UserModel.php(154): CodeIgniter\Database\BaseBuilder->insert()
#5 /home/877186.cloudwaysapps.com/yvuxeuwabq/public_html/app/Controllers/Home.php(254): App\Models\UserModel->track_orders()
#6 /home/877186.cloudwaysapps.com/yvuxeuwabq/public_html/system/CodeIgniter.php(927): App\Controllers\Home->show_all_orders()
#7 /home/877186.cloudwaysapps.com/yvuxeuwabq/public_html/system/CodeIgniter.php(482): CodeIgniter\CodeIgniter->runController()
#8 /home/877186.cloudwaysapps.com/yvuxeuwabq/public_html/system/CodeIgniter.php(351): CodeIgniter\CodeIgniter->handleRequest()
#9 /home/877186.cloudwaysapps.com/yvuxeuwabq/public_html/public/index.php(67): CodeIgniter\CodeIgniter->run()
#10 {main}
ERROR - 2023-01-13 08:26:53 --> mysqli_sql_exception: Column 'email' cannot be null in /home/877186.cloudwaysapps.com/yvuxeuwabq/public_html/system/Database/MySQLi/Connection.php:292
Stack trace:
#0 /home/877186.cloudwaysapps.com/yvuxeuwabq/public_html/system/Database/MySQLi/Connection.php(292): mysqli->query()
#1 /home/877186.cloudwaysapps.com/yvuxeuwabq/public_html/system/Database/BaseConnection.php(666): CodeIgniter\Database\MySQLi\Connection->execute()
#2 /home/877186.cloudwaysapps.com/yvuxeuwabq/public_html/system/Database/BaseConnection.php(593): CodeIgniter\Database\BaseConnection->simpleQuery()
#3 /home/877186.cloudwaysapps.com/yvuxeuwabq/public_html/system/Database/BaseBuilder.php(1916): CodeIgniter\Database\BaseConnection->query()
#4 /home/877186.cloudwaysapps.com/yvuxeuwabq/public_html/app/Models/UserModel.php(154): CodeIgniter\Database\BaseBuilder->insert()
#5 /home/877186.cloudwaysapps.com/yvuxeuwabq/public_html/app/Controllers/Home.php(254): App\Models\UserModel->track_orders()
#6 /home/877186.cloudwaysapps.com/yvuxeuwabq/public_html/system/CodeIgniter.php(927): App\Controllers\Home->show_all_orders()
#7 /home/877186.cloudwaysapps.com/yvuxeuwabq/public_html/system/CodeIgniter.php(482): CodeIgniter\CodeIgniter->runController()
#8 /home/877186.cloudwaysapps.com/yvuxeuwabq/public_html/system/CodeIgniter.php(351): CodeIgniter\CodeIgniter->handleRequest()
#9 /home/877186.cloudwaysapps.com/yvuxeuwabq/public_html/public/index.php(67): CodeIgniter\CodeIgniter->run()
#10 {main}
ERROR - 2023-01-13 08:30:36 --> mysqli_sql_exception: Column 'email' cannot be null in /home/877186.cloudwaysapps.com/yvuxeuwabq/public_html/system/Database/MySQLi/Connection.php:292
Stack trace:
#0 /home/877186.cloudwaysapps.com/yvuxeuwabq/public_html/system/Database/MySQLi/Connection.php(292): mysqli->query()
#1 /home/877186.cloudwaysapps.com/yvuxeuwabq/public_html/system/Database/BaseConnection.php(666): CodeIgniter\Database\MySQLi\Connection->execute()
#2 /home/877186.cloudwaysapps.com/yvuxeuwabq/public_html/system/Database/BaseConnection.php(593): CodeIgniter\Database\BaseConnection->simpleQuery()
#3 /home/877186.cloudwaysapps.com/yvuxeuwabq/public_html/system/Database/BaseBuilder.php(1916): CodeIgniter\Database\BaseConnection->query()
#4 /home/877186.cloudwaysapps.com/yvuxeuwabq/public_html/app/Models/UserModel.php(154): CodeIgniter\Database\BaseBuilder->insert()
#5 /home/877186.cloudwaysapps.com/yvuxeuwabq/public_html/app/Controllers/Home.php(254): App\Models\UserModel->track_orders()
#6 /home/877186.cloudwaysapps.com/yvuxeuwabq/public_html/system/CodeIgniter.php(927): App\Controllers\Home->show_all_orders()
#7 /home/877186.cloudwaysapps.com/yvuxeuwabq/public_html/system/CodeIgniter.php(482): CodeIgniter\CodeIgniter->runController()
#8 /home/877186.cloudwaysapps.com/yvuxeuwabq/public_html/system/CodeIgniter.php(351): CodeIgniter\CodeIgniter->handleRequest()
#9 /home/877186.cloudwaysapps.com/yvuxeuwabq/public_html/public/index.php(67): CodeIgniter\CodeIgniter->run()
#10 {main}
ERROR - 2023-01-13 08:32:09 --> mysqli_sql_exception: Column 'email' cannot be null in /home/877186.cloudwaysapps.com/yvuxeuwabq/public_html/system/Database/MySQLi/Connection.php:292
Stack trace:
#0 /home/877186.cloudwaysapps.com/yvuxeuwabq/public_html/system/Database/MySQLi/Connection.php(292): mysqli->query()
#1 /home/877186.cloudwaysapps.com/yvuxeuwabq/public_html/system/Database/BaseConnection.php(666): CodeIgniter\Database\MySQLi\Connection->execute()
#2 /home/877186.cloudwaysapps.com/yvuxeuwabq/public_html/system/Database/BaseConnection.php(593): CodeIgniter\Database\BaseConnection->simpleQuery()
#3 /home/877186.cloudwaysapps.com/yvuxeuwabq/public_html/system/Database/BaseBuilder.php(1916): CodeIgniter\Database\BaseConnection->query()
#4 /home/877186.cloudwaysapps.com/yvuxeuwabq/public_html/app/Models/UserModel.php(154): CodeIgniter\Database\BaseBuilder->insert()
#5 /home/877186.cloudwaysapps.com/yvuxeuwabq/public_html/app/Controllers/Home.php(254): App\Models\UserModel->track_orders()
#6 /home/877186.cloudwaysapps.com/yvuxeuwabq/public_html/system/CodeIgniter.php(927): App\Controllers\Home->show_all_orders()
#7 /home/877186.cloudwaysapps.com/yvuxeuwabq/public_html/system/CodeIgniter.php(482): CodeIgniter\CodeIgniter->runController()
#8 /home/877186.cloudwaysapps.com/yvuxeuwabq/public_html/system/CodeIgniter.php(351): CodeIgniter\CodeIgniter->handleRequest()
#9 /home/877186.cloudwaysapps.com/yvuxeuwabq/public_html/public/index.php(67): CodeIgniter\CodeIgniter->run()
#10 {main}
ERROR - 2023-01-13 08:33:22 --> mysqli_sql_exception: Column 'email' cannot be null in /home/877186.cloudwaysapps.com/yvuxeuwabq/public_html/system/Database/MySQLi/Connection.php:292
Stack trace:
#0 /home/877186.cloudwaysapps.com/yvuxeuwabq/public_html/system/Database/MySQLi/Connection.php(292): mysqli->query()
#1 /home/877186.cloudwaysapps.com/yvuxeuwabq/public_html/system/Database/BaseConnection.php(666): CodeIgniter\Database\MySQLi\Connection->execute()
#2 /home/877186.cloudwaysapps.com/yvuxeuwabq/public_html/system/Database/BaseConnection.php(593): CodeIgniter\Database\BaseConnection->simpleQuery()
#3 /home/877186.cloudwaysapps.com/yvuxeuwabq/public_html/system/Database/BaseBuilder.php(1916): CodeIgniter\Database\BaseConnection->query()
#4 /home/877186.cloudwaysapps.com/yvuxeuwabq/public_html/app/Models/UserModel.php(154): CodeIgniter\Database\BaseBuilder->insert()
#5 /home/877186.cloudwaysapps.com/yvuxeuwabq/public_html/app/Controllers/Home.php(254): App\Models\UserModel->track_orders()
#6 /home/877186.cloudwaysapps.com/yvuxeuwabq/public_html/system/CodeIgniter.php(927): App\Controllers\Home->show_all_orders()
#7 /home/877186.cloudwaysapps.com/yvuxeuwabq/public_html/system/CodeIgniter.php(482): CodeIgniter\CodeIgniter->runController()
#8 /home/877186.cloudwaysapps.com/yvuxeuwabq/public_html/system/CodeIgniter.php(351): CodeIgniter\CodeIgniter->handleRequest()
#9 /home/877186.cloudwaysapps.com/yvuxeuwabq/public_html/public/index.php(67): CodeIgniter\CodeIgniter->run()
#10 {main}
ERROR - 2023-01-13 08:36:30 --> mysqli_sql_exception: Column 'email' cannot be null in /home/877186.cloudwaysapps.com/yvuxeuwabq/public_html/system/Database/MySQLi/Connection.php:292
Stack trace:
#0 /home/877186.cloudwaysapps.com/yvuxeuwabq/public_html/system/Database/MySQLi/Connection.php(292): mysqli->query()
#1 /home/877186.cloudwaysapps.com/yvuxeuwabq/public_html/system/Database/BaseConnection.php(666): CodeIgniter\Database\MySQLi\Connection->execute()
#2 /home/877186.cloudwaysapps.com/yvuxeuwabq/public_html/system/Database/BaseConnection.php(593): CodeIgniter\Database\BaseConnection->simpleQuery()
#3 /home/877186.cloudwaysapps.com/yvuxeuwabq/public_html/system/Database/BaseBuilder.php(1916): CodeIgniter\Database\BaseConnection->query()
#4 /home/877186.cloudwaysapps.com/yvuxeuwabq/public_html/app/Models/UserModel.php(154): CodeIgniter\Database\BaseBuilder->insert()
#5 /home/877186.cloudwaysapps.com/yvuxeuwabq/public_html/app/Controllers/Home.php(254): App\Models\UserModel->track_orders()
#6 /home/877186.cloudwaysapps.com/yvuxeuwabq/public_html/system/CodeIgniter.php(927): App\Controllers\Home->show_all_orders()
#7 /home/877186.cloudwaysapps.com/yvuxeuwabq/public_html/system/CodeIgniter.php(482): CodeIgniter\CodeIgniter->runController()
#8 /home/877186.cloudwaysapps.com/yvuxeuwabq/public_html/system/CodeIgniter.php(351): CodeIgniter\CodeIgniter->handleRequest()
#9 /home/877186.cloudwaysapps.com/yvuxeuwabq/public_html/public/index.php(67): CodeIgniter\CodeIgniter->run()
#10 {main}
ERROR - 2023-01-13 09:01:02 --> mysqli_sql_exception: Column 'email' cannot be null in /home/877186.cloudwaysapps.com/yvuxeuwabq/public_html/system/Database/MySQLi/Connection.php:292
Stack trace:
#0 /home/877186.cloudwaysapps.com/yvuxeuwabq/public_html/system/Database/MySQLi/Connection.php(292): mysqli->query()
#1 /home/877186.cloudwaysapps.com/yvuxeuwabq/public_html/system/Database/BaseConnection.php(666): CodeIgniter\Database\MySQLi\Connection->execute()
#2 /home/877186.cloudwaysapps.com/yvuxeuwabq/public_html/system/Database/BaseConnection.php(593): CodeIgniter\Database\BaseConnection->simpleQuery()
#3 /home/877186.cloudwaysapps.com/yvuxeuwabq/public_html/system/Database/BaseBuilder.php(1916): CodeIgniter\Database\BaseConnection->query()
#4 /home/877186.cloudwaysapps.com/yvuxeuwabq/public_html/app/Models/UserModel.php(154): CodeIgniter\Database\BaseBuilder->insert()
#5 /home/877186.cloudwaysapps.com/yvuxeuwabq/public_html/app/Controllers/Home.php(254): App\Models\UserModel->track_orders()
#6 /home/877186.cloudwaysapps.com/yvuxeuwabq/public_html/system/CodeIgniter.php(927): App\Controllers\Home->show_all_orders()
#7 /home/877186.cloudwaysapps.com/yvuxeuwabq/public_html/system/CodeIgniter.php(482): CodeIgniter\CodeIgniter->runController()
#8 /home/877186.cloudwaysapps.com/yvuxeuwabq/public_html/system/CodeIgniter.php(351): CodeIgniter\CodeIgniter->handleRequest()
#9 /home/877186.cloudwaysapps.com/yvuxeuwabq/public_html/public/index.php(67): CodeIgniter\CodeIgniter->run()
#10 {main}
ERROR - 2023-01-13 09:01:02 --> mysqli_sql_exception: Column 'email' cannot be null in /home/877186.cloudwaysapps.com/yvuxeuwabq/public_html/system/Database/MySQLi/Connection.php:292
Stack trace:
#0 /home/877186.cloudwaysapps.com/yvuxeuwabq/public_html/system/Database/MySQLi/Connection.php(292): mysqli->query()
#1 /home/877186.cloudwaysapps.com/yvuxeuwabq/public_html/system/Database/BaseConnection.php(666): CodeIgniter\Database\MySQLi\Connection->execute()
#2 /home/877186.cloudwaysapps.com/yvuxeuwabq/public_html/system/Database/BaseConnection.php(593): CodeIgniter\Database\BaseConnection->simpleQuery()
#3 /home/877186.cloudwaysapps.com/yvuxeuwabq/public_html/system/Database/BaseBuilder.php(1916): CodeIgniter\Database\BaseConnection->query()
#4 /home/877186.cloudwaysapps.com/yvuxeuwabq/public_html/app/Models/UserModel.php(154): CodeIgniter\Database\BaseBuilder->insert()
#5 /home/877186.cloudwaysapps.com/yvuxeuwabq/public_html/app/Controllers/Home.php(254): App\Models\UserModel->track_orders()
#6 /home/877186.cloudwaysapps.com/yvuxeuwabq/public_html/system/CodeIgniter.php(927): App\Controllers\Home->show_all_orders()
#7 /home/877186.cloudwaysapps.com/yvuxeuwabq/public_html/system/CodeIgniter.php(482): CodeIgniter\CodeIgniter->runController()
#8 /home/877186.cloudwaysapps.com/yvuxeuwabq/public_html/system/CodeIgniter.php(351): CodeIgniter\CodeIgniter->handleRequest()
#9 /home/877186.cloudwaysapps.com/yvuxeuwabq/public_html/public/index.php(67): CodeIgniter\CodeIgniter->run()
#10 {main}
CRITICAL - 2023-01-13 09:03:39 --> Invalid argument supplied for foreach()
in APPPATH/Controllers/Home.php on line 225.
 1 APPPATH/Controllers/Home.php(225): CodeIgniter\Debug\Exceptions->errorHandler()
 2 SYSTEMPATH/CodeIgniter.php(927): App\Controllers\Home->show_all_orders()
 3 SYSTEMPATH/CodeIgniter.php(482): CodeIgniter\CodeIgniter->runController()
 4 SYSTEMPATH/CodeIgniter.php(351): CodeIgniter\CodeIgniter->handleRequest()
 5 FCPATH/index.php(67): CodeIgniter\CodeIgniter->run()
CRITICAL - 2023-01-13 09:03:57 --> Invalid argument supplied for foreach()
in APPPATH/Controllers/Home.php on line 225.
 1 APPPATH/Controllers/Home.php(225): CodeIgniter\Debug\Exceptions->errorHandler()
 2 SYSTEMPATH/CodeIgniter.php(927): App\Controllers\Home->show_all_orders()
 3 SYSTEMPATH/CodeIgniter.php(482): CodeIgniter\CodeIgniter->runController()
 4 SYSTEMPATH/CodeIgniter.php(351): CodeIgniter\CodeIgniter->handleRequest()
 5 FCPATH/index.php(67): CodeIgniter\CodeIgniter->run()
CRITICAL - 2023-01-13 09:04:15 --> Invalid argument supplied for foreach()
in APPPATH/Controllers/Home.php on line 114.
 1 APPPATH/Controllers/Home.php(114): CodeIgniter\Debug\Exceptions->errorHandler()
 2 SYSTEMPATH/CodeIgniter.php(927): App\Controllers\Home->assign_products_partial()
 3 SYSTEMPATH/CodeIgniter.php(482): CodeIgniter\CodeIgniter->runController()
 4 SYSTEMPATH/CodeIgniter.php(351): CodeIgniter\CodeIgniter->handleRequest()
 5 FCPATH/index.php(67): CodeIgniter\CodeIgniter->run()
CRITICAL - 2023-01-13 09:04:15 --> Invalid argument supplied for foreach()
in APPPATH/Controllers/Home.php on line 114.
 1 APPPATH/Controllers/Home.php(114): CodeIgniter\Debug\Exceptions->errorHandler()
 2 SYSTEMPATH/CodeIgniter.php(927): App\Controllers\Home->assign_products_partial()
 3 SYSTEMPATH/CodeIgniter.php(482): CodeIgniter\CodeIgniter->runController()
 4 SYSTEMPATH/CodeIgniter.php(351): CodeIgniter\CodeIgniter->handleRequest()
 5 FCPATH/index.php(67): CodeIgniter\CodeIgniter->run()
ERROR - 2023-01-13 09:05:07 --> mysqli_sql_exception: Column 'email' cannot be null in /home/877186.cloudwaysapps.com/yvuxeuwabq/public_html/system/Database/MySQLi/Connection.php:292
Stack trace:
#0 /home/877186.cloudwaysapps.com/yvuxeuwabq/public_html/system/Database/MySQLi/Connection.php(292): mysqli->query()
#1 /home/877186.cloudwaysapps.com/yvuxeuwabq/public_html/system/Database/BaseConnection.php(666): CodeIgniter\Database\MySQLi\Connection->execute()
#2 /home/877186.cloudwaysapps.com/yvuxeuwabq/public_html/system/Database/BaseConnection.php(593): CodeIgniter\Database\BaseConnection->simpleQuery()
#3 /home/877186.cloudwaysapps.com/yvuxeuwabq/public_html/system/Database/BaseBuilder.php(1916): CodeIgniter\Database\BaseConnection->query()
#4 /home/877186.cloudwaysapps.com/yvuxeuwabq/public_html/app/Models/UserModel.php(154): CodeIgniter\Database\BaseBuilder->insert()
#5 /home/877186.cloudwaysapps.com/yvuxeuwabq/public_html/app/Controllers/Home.php(254): App\Models\UserModel->track_orders()
#6 /home/877186.cloudwaysapps.com/yvuxeuwabq/public_html/system/CodeIgniter.php(927): App\Controllers\Home->show_all_orders()
#7 /home/877186.cloudwaysapps.com/yvuxeuwabq/public_html/system/CodeIgniter.php(482): CodeIgniter\CodeIgniter->runController()
#8 /home/877186.cloudwaysapps.com/yvuxeuwabq/public_html/system/CodeIgniter.php(351): CodeIgniter\CodeIgniter->handleRequest()
#9 /home/877186.cloudwaysapps.com/yvuxeuwabq/public_html/public/index.php(67): CodeIgniter\CodeIgniter->run()
#10 {main}
ERROR - 2023-01-13 09:05:08 --> mysqli_sql_exception: Column 'email' cannot be null in /home/877186.cloudwaysapps.com/yvuxeuwabq/public_html/system/Database/MySQLi/Connection.php:292
Stack trace:
#0 /home/877186.cloudwaysapps.com/yvuxeuwabq/public_html/system/Database/MySQLi/Connection.php(292): mysqli->query()
#1 /home/877186.cloudwaysapps.com/yvuxeuwabq/public_html/system/Database/BaseConnection.php(666): CodeIgniter\Database\MySQLi\Connection->execute()
#2 /home/877186.cloudwaysapps.com/yvuxeuwabq/public_html/system/Database/BaseConnection.php(593): CodeIgniter\Database\BaseConnection->simpleQuery()
#3 /home/877186.cloudwaysapps.com/yvuxeuwabq/public_html/system/Database/BaseBuilder.php(1916): CodeIgniter\Database\BaseConnection->query()
#4 /home/877186.cloudwaysapps.com/yvuxeuwabq/public_html/app/Models/UserModel.php(154): CodeIgniter\Database\BaseBuilder->insert()
#5 /home/877186.cloudwaysapps.com/yvuxeuwabq/public_html/app/Controllers/Home.php(254): App\Models\UserModel->track_orders()
#6 /home/877186.cloudwaysapps.com/yvuxeuwabq/public_html/system/CodeIgniter.php(927): App\Controllers\Home->show_all_orders()
#7 /home/877186.cloudwaysapps.com/yvuxeuwabq/public_html/system/CodeIgniter.php(482): CodeIgniter\CodeIgniter->runController()
#8 /home/877186.cloudwaysapps.com/yvuxeuwabq/public_html/system/CodeIgniter.php(351): CodeIgniter\CodeIgniter->handleRequest()
#9 /home/877186.cloudwaysapps.com/yvuxeuwabq/public_html/public/index.php(67): CodeIgniter\CodeIgniter->run()
#10 {main}
ERROR - 2023-01-13 09:11:20 --> mysqli_sql_exception: Column 'email' cannot be null in /home/877186.cloudwaysapps.com/yvuxeuwabq/public_html/system/Database/MySQLi/Connection.php:292
Stack trace:
#0 /home/877186.cloudwaysapps.com/yvuxeuwabq/public_html/system/Database/MySQLi/Connection.php(292): mysqli->query()
#1 /home/877186.cloudwaysapps.com/yvuxeuwabq/public_html/system/Database/BaseConnection.php(666): CodeIgniter\Database\MySQLi\Connection->execute()
#2 /home/877186.cloudwaysapps.com/yvuxeuwabq/public_html/system/Database/BaseConnection.php(593): CodeIgniter\Database\BaseConnection->simpleQuery()
#3 /home/877186.cloudwaysapps.com/yvuxeuwabq/public_html/system/Database/BaseBuilder.php(1916): CodeIgniter\Database\BaseConnection->query()
#4 /home/877186.cloudwaysapps.com/yvuxeuwabq/public_html/app/Models/UserModel.php(154): CodeIgniter\Database\BaseBuilder->insert()
#5 /home/877186.cloudwaysapps.com/yvuxeuwabq/public_html/app/Controllers/Home.php(254): App\Models\UserModel->track_orders()
#6 /home/877186.cloudwaysapps.com/yvuxeuwabq/public_html/system/CodeIgniter.php(927): App\Controllers\Home->show_all_orders()
#7 /home/877186.cloudwaysapps.com/yvuxeuwabq/public_html/system/CodeIgniter.php(482): CodeIgniter\CodeIgniter->runController()
#8 /home/877186.cloudwaysapps.com/yvuxeuwabq/public_html/system/CodeIgniter.php(351): CodeIgniter\CodeIgniter->handleRequest()
#9 /home/877186.cloudwaysapps.com/yvuxeuwabq/public_html/public/index.php(67): CodeIgniter\CodeIgniter->run()
#10 {main}
ERROR - 2023-01-13 09:12:40 --> mysqli_sql_exception: Column 'email' cannot be null in /home/877186.cloudwaysapps.com/yvuxeuwabq/public_html/system/Database/MySQLi/Connection.php:292
Stack trace:
#0 /home/877186.cloudwaysapps.com/yvuxeuwabq/public_html/system/Database/MySQLi/Connection.php(292): mysqli->query()
#1 /home/877186.cloudwaysapps.com/yvuxeuwabq/public_html/system/Database/BaseConnection.php(666): CodeIgniter\Database\MySQLi\Connection->execute()
#2 /home/877186.cloudwaysapps.com/yvuxeuwabq/public_html/system/Database/BaseConnection.php(593): CodeIgniter\Database\BaseConnection->simpleQuery()
#3 /home/877186.cloudwaysapps.com/yvuxeuwabq/public_html/system/Database/BaseBuilder.php(1916): CodeIgniter\Database\BaseConnection->query()
#4 /home/877186.cloudwaysapps.com/yvuxeuwabq/public_html/app/Models/UserModel.php(154): CodeIgniter\Database\BaseBuilder->insert()
#5 /home/877186.cloudwaysapps.com/yvuxeuwabq/public_html/app/Controllers/Home.php(254): App\Models\UserModel->track_orders()
#6 /home/877186.cloudwaysapps.com/yvuxeuwabq/public_html/system/CodeIgniter.php(927): App\Controllers\Home->show_all_orders()
#7 /home/877186.cloudwaysapps.com/yvuxeuwabq/public_html/system/CodeIgniter.php(482): CodeIgniter\CodeIgniter->runController()
#8 /home/877186.cloudwaysapps.com/yvuxeuwabq/public_html/system/CodeIgniter.php(351): CodeIgniter\CodeIgniter->handleRequest()
#9 /home/877186.cloudwaysapps.com/yvuxeuwabq/public_html/public/index.php(67): CodeIgniter\CodeIgniter->run()
#10 {main}
ERROR - 2023-01-13 09:14:05 --> mysqli_sql_exception: Column 'email' cannot be null in /home/877186.cloudwaysapps.com/yvuxeuwabq/public_html/system/Database/MySQLi/Connection.php:292
Stack trace:
#0 /home/877186.cloudwaysapps.com/yvuxeuwabq/public_html/system/Database/MySQLi/Connection.php(292): mysqli->query()
#1 /home/877186.cloudwaysapps.com/yvuxeuwabq/public_html/system/Database/BaseConnection.php(666): CodeIgniter\Database\MySQLi\Connection->execute()
#2 /home/877186.cloudwaysapps.com/yvuxeuwabq/public_html/system/Database/BaseConnection.php(593): CodeIgniter\Database\BaseConnection->simpleQuery()
#3 /home/877186.cloudwaysapps.com/yvuxeuwabq/public_html/system/Database/BaseBuilder.php(1916): CodeIgniter\Database\BaseConnection->query()
#4 /home/877186.cloudwaysapps.com/yvuxeuwabq/public_html/app/Models/UserModel.php(154): CodeIgniter\Database\BaseBuilder->insert()
#5 /home/877186.cloudwaysapps.com/yvuxeuwabq/public_html/app/Controllers/Home.php(254): App\Models\UserModel->track_orders()
#6 /home/877186.cloudwaysapps.com/yvuxeuwabq/public_html/system/CodeIgniter.php(927): App\Controllers\Home->show_all_orders()
#7 /home/877186.cloudwaysapps.com/yvuxeuwabq/public_html/system/CodeIgniter.php(482): CodeIgniter\CodeIgniter->runController()
#8 /home/877186.cloudwaysapps.com/yvuxeuwabq/public_html/system/CodeIgniter.php(351): CodeIgniter\CodeIgniter->handleRequest()
#9 /home/877186.cloudwaysapps.com/yvuxeuwabq/public_html/public/index.php(67): CodeIgniter\CodeIgniter->run()
#10 {main}
ERROR - 2023-01-13 09:14:34 --> mysqli_sql_exception: Column 'email' cannot be null in /home/877186.cloudwaysapps.com/yvuxeuwabq/public_html/system/Database/MySQLi/Connection.php:292
Stack trace:
#0 /home/877186.cloudwaysapps.com/yvuxeuwabq/public_html/system/Database/MySQLi/Connection.php(292): mysqli->query()
#1 /home/877186.cloudwaysapps.com/yvuxeuwabq/public_html/system/Database/BaseConnection.php(666): CodeIgniter\Database\MySQLi\Connection->execute()
#2 /home/877186.cloudwaysapps.com/yvuxeuwabq/public_html/system/Database/BaseConnection.php(593): CodeIgniter\Database\BaseConnection->simpleQuery()
#3 /home/877186.cloudwaysapps.com/yvuxeuwabq/public_html/system/Database/BaseBuilder.php(1916): CodeIgniter\Database\BaseConnection->query()
#4 /home/877186.cloudwaysapps.com/yvuxeuwabq/public_html/app/Models/UserModel.php(154): CodeIgniter\Database\BaseBuilder->insert()
#5 /home/877186.cloudwaysapps.com/yvuxeuwabq/public_html/app/Controllers/Home.php(254): App\Models\UserModel->track_orders()
#6 /home/877186.cloudwaysapps.com/yvuxeuwabq/public_html/system/CodeIgniter.php(927): App\Controllers\Home->show_all_orders()
#7 /home/877186.cloudwaysapps.com/yvuxeuwabq/public_html/system/CodeIgniter.php(482): CodeIgniter\CodeIgniter->runController()
#8 /home/877186.cloudwaysapps.com/yvuxeuwabq/public_html/system/CodeIgniter.php(351): CodeIgniter\CodeIgniter->handleRequest()
#9 /home/877186.cloudwaysapps.com/yvuxeuwabq/public_html/public/index.php(67): CodeIgniter\CodeIgniter->run()
#10 {main}
ERROR - 2023-01-13 09:14:34 --> mysqli_sql_exception: Column 'email' cannot be null in /home/877186.cloudwaysapps.com/yvuxeuwabq/public_html/system/Database/MySQLi/Connection.php:292
Stack trace:
#0 /home/877186.cloudwaysapps.com/yvuxeuwabq/public_html/system/Database/MySQLi/Connection.php(292): mysqli->query()
#1 /home/877186.cloudwaysapps.com/yvuxeuwabq/public_html/system/Database/BaseConnection.php(666): CodeIgniter\Database\MySQLi\Connection->execute()
#2 /home/877186.cloudwaysapps.com/yvuxeuwabq/public_html/system/Database/BaseConnection.php(593): CodeIgniter\Database\BaseConnection->simpleQuery()
#3 /home/877186.cloudwaysapps.com/yvuxeuwabq/public_html/system/Database/BaseBuilder.php(1916): CodeIgniter\Database\BaseConnection->query()
#4 /home/877186.cloudwaysapps.com/yvuxeuwabq/public_html/app/Models/UserModel.php(154): CodeIgniter\Database\BaseBuilder->insert()
#5 /home/877186.cloudwaysapps.com/yvuxeuwabq/public_html/app/Controllers/Home.php(254): App\Models\UserModel->track_orders()
#6 /home/877186.cloudwaysapps.com/yvuxeuwabq/public_html/system/CodeIgniter.php(927): App\Controllers\Home->show_all_orders()
#7 /home/877186.cloudwaysapps.com/yvuxeuwabq/public_html/system/CodeIgniter.php(482): CodeIgniter\CodeIgniter->runController()
#8 /home/877186.cloudwaysapps.com/yvuxeuwabq/public_html/system/CodeIgniter.php(351): CodeIgniter\CodeIgniter->handleRequest()
#9 /home/877186.cloudwaysapps.com/yvuxeuwabq/public_html/public/index.php(67): CodeIgniter\CodeIgniter->run()
#10 {main}
ERROR - 2023-01-13 09:16:04 --> mysqli_sql_exception: Column 'email' cannot be null in /home/877186.cloudwaysapps.com/yvuxeuwabq/public_html/system/Database/MySQLi/Connection.php:292
Stack trace:
#0 /home/877186.cloudwaysapps.com/yvuxeuwabq/public_html/system/Database/MySQLi/Connection.php(292): mysqli->query()
#1 /home/877186.cloudwaysapps.com/yvuxeuwabq/public_html/system/Database/BaseConnection.php(666): CodeIgniter\Database\MySQLi\Connection->execute()
#2 /home/877186.cloudwaysapps.com/yvuxeuwabq/public_html/system/Database/BaseConnection.php(593): CodeIgniter\Database\BaseConnection->simpleQuery()
#3 /home/877186.cloudwaysapps.com/yvuxeuwabq/public_html/system/Database/BaseBuilder.php(1916): CodeIgniter\Database\BaseConnection->query()
#4 /home/877186.cloudwaysapps.com/yvuxeuwabq/public_html/app/Models/UserModel.php(154): CodeIgniter\Database\BaseBuilder->insert()
#5 /home/877186.cloudwaysapps.com/yvuxeuwabq/public_html/app/Controllers/Home.php(254): App\Models\UserModel->track_orders()
#6 /home/877186.cloudwaysapps.com/yvuxeuwabq/public_html/system/CodeIgniter.php(927): App\Controllers\Home->show_all_orders()
#7 /home/877186.cloudwaysapps.com/yvuxeuwabq/public_html/system/CodeIgniter.php(482): CodeIgniter\CodeIgniter->runController()
#8 /home/877186.cloudwaysapps.com/yvuxeuwabq/public_html/system/CodeIgniter.php(351): CodeIgniter\CodeIgniter->handleRequest()
#9 /home/877186.cloudwaysapps.com/yvuxeuwabq/public_html/public/index.php(67): CodeIgniter\CodeIgniter->run()
#10 {main}
ERROR - 2023-01-13 09:17:22 --> mysqli_sql_exception: Column 'email' cannot be null in /home/877186.cloudwaysapps.com/yvuxeuwabq/public_html/system/Database/MySQLi/Connection.php:292
Stack trace:
#0 /home/877186.cloudwaysapps.com/yvuxeuwabq/public_html/system/Database/MySQLi/Connection.php(292): mysqli->query()
#1 /home/877186.cloudwaysapps.com/yvuxeuwabq/public_html/system/Database/BaseConnection.php(666): CodeIgniter\Database\MySQLi\Connection->execute()
#2 /home/877186.cloudwaysapps.com/yvuxeuwabq/public_html/system/Database/BaseConnection.php(593): CodeIgniter\Database\BaseConnection->simpleQuery()
#3 /home/877186.cloudwaysapps.com/yvuxeuwabq/public_html/system/Database/BaseBuilder.php(1916): CodeIgniter\Database\BaseConnection->query()
#4 /home/877186.cloudwaysapps.com/yvuxeuwabq/public_html/app/Models/UserModel.php(154): CodeIgniter\Database\BaseBuilder->insert()
#5 /home/877186.cloudwaysapps.com/yvuxeuwabq/public_html/app/Controllers/Home.php(254): App\Models\UserModel->track_orders()
#6 /home/877186.cloudwaysapps.com/yvuxeuwabq/public_html/system/CodeIgniter.php(927): App\Controllers\Home->show_all_orders()
#7 /home/877186.cloudwaysapps.com/yvuxeuwabq/public_html/system/CodeIgniter.php(482): CodeIgniter\CodeIgniter->runController()
#8 /home/877186.cloudwaysapps.com/yvuxeuwabq/public_html/system/CodeIgniter.php(351): CodeIgniter\CodeIgniter->handleRequest()
#9 /home/877186.cloudwaysapps.com/yvuxeuwabq/public_html/public/index.php(67): CodeIgniter\CodeIgniter->run()
#10 {main}
ERROR - 2023-01-13 09:18:10 --> mysqli_sql_exception: Column 'email' cannot be null in /home/877186.cloudwaysapps.com/yvuxeuwabq/public_html/system/Database/MySQLi/Connection.php:292
Stack trace:
#0 /home/877186.cloudwaysapps.com/yvuxeuwabq/public_html/system/Database/MySQLi/Connection.php(292): mysqli->query()
#1 /home/877186.cloudwaysapps.com/yvuxeuwabq/public_html/system/Database/BaseConnection.php(666): CodeIgniter\Database\MySQLi\Connection->execute()
#2 /home/877186.cloudwaysapps.com/yvuxeuwabq/public_html/system/Database/BaseConnection.php(593): CodeIgniter\Database\BaseConnection->simpleQuery()
#3 /home/877186.cloudwaysapps.com/yvuxeuwabq/public_html/system/Database/BaseBuilder.php(1916): CodeIgniter\Database\BaseConnection->query()
#4 /home/877186.cloudwaysapps.com/yvuxeuwabq/public_html/app/Models/UserModel.php(154): CodeIgniter\Database\BaseBuilder->insert()
#5 /home/877186.cloudwaysapps.com/yvuxeuwabq/public_html/app/Controllers/Home.php(254): App\Models\UserModel->track_orders()
#6 /home/877186.cloudwaysapps.com/yvuxeuwabq/public_html/system/CodeIgniter.php(927): App\Controllers\Home->show_all_orders()
#7 /home/877186.cloudwaysapps.com/yvuxeuwabq/public_html/system/CodeIgniter.php(482): CodeIgniter\CodeIgniter->runController()
#8 /home/877186.cloudwaysapps.com/yvuxeuwabq/public_html/system/CodeIgniter.php(351): CodeIgniter\CodeIgniter->handleRequest()
#9 /home/877186.cloudwaysapps.com/yvuxeuwabq/public_html/public/index.php(67): CodeIgniter\CodeIgniter->run()
#10 {main}
ERROR - 2023-01-13 09:19:02 --> mysqli_sql_exception: Column 'email' cannot be null in /home/877186.cloudwaysapps.com/yvuxeuwabq/public_html/system/Database/MySQLi/Connection.php:292
Stack trace:
#0 /home/877186.cloudwaysapps.com/yvuxeuwabq/public_html/system/Database/MySQLi/Connection.php(292): mysqli->query()
#1 /home/877186.cloudwaysapps.com/yvuxeuwabq/public_html/system/Database/BaseConnection.php(666): CodeIgniter\Database\MySQLi\Connection->execute()
#2 /home/877186.cloudwaysapps.com/yvuxeuwabq/public_html/system/Database/BaseConnection.php(593): CodeIgniter\Database\BaseConnection->simpleQuery()
#3 /home/877186.cloudwaysapps.com/yvuxeuwabq/public_html/system/Database/BaseBuilder.php(1916): CodeIgniter\Database\BaseConnection->query()
#4 /home/877186.cloudwaysapps.com/yvuxeuwabq/public_html/app/Models/UserModel.php(154): CodeIgniter\Database\BaseBuilder->insert()
#5 /home/877186.cloudwaysapps.com/yvuxeuwabq/public_html/app/Controllers/Home.php(254): App\Models\UserModel->track_orders()
#6 /home/877186.cloudwaysapps.com/yvuxeuwabq/public_html/system/CodeIgniter.php(927): App\Controllers\Home->show_all_orders()
#7 /home/877186.cloudwaysapps.com/yvuxeuwabq/public_html/system/CodeIgniter.php(482): CodeIgniter\CodeIgniter->runController()
#8 /home/877186.cloudwaysapps.com/yvuxeuwabq/public_html/system/CodeIgniter.php(351): CodeIgniter\CodeIgniter->handleRequest()
#9 /home/877186.cloudwaysapps.com/yvuxeuwabq/public_html/public/index.php(67): CodeIgniter\CodeIgniter->run()
#10 {main}
ERROR - 2023-01-13 09:25:50 --> mysqli_sql_exception: Column 'email' cannot be null in /home/877186.cloudwaysapps.com/yvuxeuwabq/public_html/system/Database/MySQLi/Connection.php:292
Stack trace:
#0 /home/877186.cloudwaysapps.com/yvuxeuwabq/public_html/system/Database/MySQLi/Connection.php(292): mysqli->query()
#1 /home/877186.cloudwaysapps.com/yvuxeuwabq/public_html/system/Database/BaseConnection.php(666): CodeIgniter\Database\MySQLi\Connection->execute()
#2 /home/877186.cloudwaysapps.com/yvuxeuwabq/public_html/system/Database/BaseConnection.php(593): CodeIgniter\Database\BaseConnection->simpleQuery()
#3 /home/877186.cloudwaysapps.com/yvuxeuwabq/public_html/system/Database/BaseBuilder.php(1916): CodeIgniter\Database\BaseConnection->query()
#4 /home/877186.cloudwaysapps.com/yvuxeuwabq/public_html/app/Models/UserModel.php(154): CodeIgniter\Database\BaseBuilder->insert()
#5 /home/877186.cloudwaysapps.com/yvuxeuwabq/public_html/app/Controllers/Home.php(254): App\Models\UserModel->track_orders()
#6 /home/877186.cloudwaysapps.com/yvuxeuwabq/public_html/system/CodeIgniter.php(927): App\Controllers\Home->show_all_orders()
#7 /home/877186.cloudwaysapps.com/yvuxeuwabq/public_html/system/CodeIgniter.php(482): CodeIgniter\CodeIgniter->runController()
#8 /home/877186.cloudwaysapps.com/yvuxeuwabq/public_html/system/CodeIgniter.php(351): CodeIgniter\CodeIgniter->handleRequest()
#9 /home/877186.cloudwaysapps.com/yvuxeuwabq/public_html/public/index.php(67): CodeIgniter\CodeIgniter->run()
#10 {main}
ERROR - 2023-01-13 09:26:12 --> mysqli_sql_exception: Column 'email' cannot be null in /home/877186.cloudwaysapps.com/yvuxeuwabq/public_html/system/Database/MySQLi/Connection.php:292
Stack trace:
#0 /home/877186.cloudwaysapps.com/yvuxeuwabq/public_html/system/Database/MySQLi/Connection.php(292): mysqli->query()
#1 /home/877186.cloudwaysapps.com/yvuxeuwabq/public_html/system/Database/BaseConnection.php(666): CodeIgniter\Database\MySQLi\Connection->execute()
#2 /home/877186.cloudwaysapps.com/yvuxeuwabq/public_html/system/Database/BaseConnection.php(593): CodeIgniter\Database\BaseConnection->simpleQuery()
#3 /home/877186.cloudwaysapps.com/yvuxeuwabq/public_html/system/Database/BaseBuilder.php(1916): CodeIgniter\Database\BaseConnection->query()
#4 /home/877186.cloudwaysapps.com/yvuxeuwabq/public_html/app/Models/UserModel.php(154): CodeIgniter\Database\BaseBuilder->insert()
#5 /home/877186.cloudwaysapps.com/yvuxeuwabq/public_html/app/Controllers/Home.php(254): App\Models\UserModel->track_orders()
#6 /home/877186.cloudwaysapps.com/yvuxeuwabq/public_html/system/CodeIgniter.php(927): App\Controllers\Home->show_all_orders()
#7 /home/877186.cloudwaysapps.com/yvuxeuwabq/public_html/system/CodeIgniter.php(482): CodeIgniter\CodeIgniter->runController()
#8 /home/877186.cloudwaysapps.com/yvuxeuwabq/public_html/system/CodeIgniter.php(351): CodeIgniter\CodeIgniter->handleRequest()
#9 /home/877186.cloudwaysapps.com/yvuxeuwabq/public_html/public/index.php(67): CodeIgniter\CodeIgniter->run()
#10 {main}
ERROR - 2023-01-13 09:26:50 --> mysqli_sql_exception: Column 'email' cannot be null in /home/877186.cloudwaysapps.com/yvuxeuwabq/public_html/system/Database/MySQLi/Connection.php:292
Stack trace:
#0 /home/877186.cloudwaysapps.com/yvuxeuwabq/public_html/system/Database/MySQLi/Connection.php(292): mysqli->query()
#1 /home/877186.cloudwaysapps.com/yvuxeuwabq/public_html/system/Database/BaseConnection.php(666): CodeIgniter\Database\MySQLi\Connection->execute()
#2 /home/877186.cloudwaysapps.com/yvuxeuwabq/public_html/system/Database/BaseConnection.php(593): CodeIgniter\Database\BaseConnection->simpleQuery()
#3 /home/877186.cloudwaysapps.com/yvuxeuwabq/public_html/system/Database/BaseBuilder.php(1916): CodeIgniter\Database\BaseConnection->query()
#4 /home/877186.cloudwaysapps.com/yvuxeuwabq/public_html/app/Models/UserModel.php(154): CodeIgniter\Database\BaseBuilder->insert()
#5 /home/877186.cloudwaysapps.com/yvuxeuwabq/public_html/app/Controllers/Home.php(254): App\Models\UserModel->track_orders()
#6 /home/877186.cloudwaysapps.com/yvuxeuwabq/public_html/system/CodeIgniter.php(927): App\Controllers\Home->show_all_orders()
#7 /home/877186.cloudwaysapps.com/yvuxeuwabq/public_html/system/CodeIgniter.php(482): CodeIgniter\CodeIgniter->runController()
#8 /home/877186.cloudwaysapps.com/yvuxeuwabq/public_html/system/CodeIgniter.php(351): CodeIgniter\CodeIgniter->handleRequest()
#9 /home/877186.cloudwaysapps.com/yvuxeuwabq/public_html/public/index.php(67): CodeIgniter\CodeIgniter->run()
#10 {main}
ERROR - 2023-01-13 09:27:07 --> mysqli_sql_exception: Column 'email' cannot be null in /home/877186.cloudwaysapps.com/yvuxeuwabq/public_html/system/Database/MySQLi/Connection.php:292
Stack trace:
#0 /home/877186.cloudwaysapps.com/yvuxeuwabq/public_html/system/Database/MySQLi/Connection.php(292): mysqli->query()
#1 /home/877186.cloudwaysapps.com/yvuxeuwabq/public_html/system/Database/BaseConnection.php(666): CodeIgniter\Database\MySQLi\Connection->execute()
#2 /home/877186.cloudwaysapps.com/yvuxeuwabq/public_html/system/Database/BaseConnection.php(593): CodeIgniter\Database\BaseConnection->simpleQuery()
#3 /home/877186.cloudwaysapps.com/yvuxeuwabq/public_html/system/Database/BaseBuilder.php(1916): CodeIgniter\Database\BaseConnection->query()
#4 /home/877186.cloudwaysapps.com/yvuxeuwabq/public_html/app/Models/UserModel.php(154): CodeIgniter\Database\BaseBuilder->insert()
#5 /home/877186.cloudwaysapps.com/yvuxeuwabq/public_html/app/Controllers/Home.php(254): App\Models\UserModel->track_orders()
#6 /home/877186.cloudwaysapps.com/yvuxeuwabq/public_html/system/CodeIgniter.php(927): App\Controllers\Home->show_all_orders()
#7 /home/877186.cloudwaysapps.com/yvuxeuwabq/public_html/system/CodeIgniter.php(482): CodeIgniter\CodeIgniter->runController()
#8 /home/877186.cloudwaysapps.com/yvuxeuwabq/public_html/system/CodeIgniter.php(351): CodeIgniter\CodeIgniter->handleRequest()
#9 /home/877186.cloudwaysapps.com/yvuxeuwabq/public_html/public/index.php(67): CodeIgniter\CodeIgniter->run()
#10 {main}
ERROR - 2023-01-13 09:27:29 --> mysqli_sql_exception: Column 'email' cannot be null in /home/877186.cloudwaysapps.com/yvuxeuwabq/public_html/system/Database/MySQLi/Connection.php:292
Stack trace:
#0 /home/877186.cloudwaysapps.com/yvuxeuwabq/public_html/system/Database/MySQLi/Connection.php(292): mysqli->query()
#1 /home/877186.cloudwaysapps.com/yvuxeuwabq/public_html/system/Database/BaseConnection.php(666): CodeIgniter\Database\MySQLi\Connection->execute()
#2 /home/877186.cloudwaysapps.com/yvuxeuwabq/public_html/system/Database/BaseConnection.php(593): CodeIgniter\Database\BaseConnection->simpleQuery()
#3 /home/877186.cloudwaysapps.com/yvuxeuwabq/public_html/system/Database/BaseBuilder.php(1916): CodeIgniter\Database\BaseConnection->query()
#4 /home/877186.cloudwaysapps.com/yvuxeuwabq/public_html/app/Models/UserModel.php(154): CodeIgniter\Database\BaseBuilder->insert()
#5 /home/877186.cloudwaysapps.com/yvuxeuwabq/public_html/app/Controllers/Home.php(254): App\Models\UserModel->track_orders()
#6 /home/877186.cloudwaysapps.com/yvuxeuwabq/public_html/system/CodeIgniter.php(927): App\Controllers\Home->show_all_orders()
#7 /home/877186.cloudwaysapps.com/yvuxeuwabq/public_html/system/CodeIgniter.php(482): CodeIgniter\CodeIgniter->runController()
#8 /home/877186.cloudwaysapps.com/yvuxeuwabq/public_html/system/CodeIgniter.php(351): CodeIgniter\CodeIgniter->handleRequest()
#9 /home/877186.cloudwaysapps.com/yvuxeuwabq/public_html/public/index.php(67): CodeIgniter\CodeIgniter->run()
#10 {main}
ERROR - 2023-01-13 09:38:33 --> mysqli_sql_exception: Column 'email' cannot be null in /home/877186.cloudwaysapps.com/yvuxeuwabq/public_html/system/Database/MySQLi/Connection.php:292
Stack trace:
#0 /home/877186.cloudwaysapps.com/yvuxeuwabq/public_html/system/Database/MySQLi/Connection.php(292): mysqli->query()
#1 /home/877186.cloudwaysapps.com/yvuxeuwabq/public_html/system/Database/BaseConnection.php(666): CodeIgniter\Database\MySQLi\Connection->execute()
#2 /home/877186.cloudwaysapps.com/yvuxeuwabq/public_html/system/Database/BaseConnection.php(593): CodeIgniter\Database\BaseConnection->simpleQuery()
#3 /home/877186.cloudwaysapps.com/yvuxeuwabq/public_html/system/Database/BaseBuilder.php(1916): CodeIgniter\Database\BaseConnection->query()
#4 /home/877186.cloudwaysapps.com/yvuxeuwabq/public_html/app/Models/UserModel.php(154): CodeIgniter\Database\BaseBuilder->insert()
#5 /home/877186.cloudwaysapps.com/yvuxeuwabq/public_html/app/Controllers/Home.php(254): App\Models\UserModel->track_orders()
#6 /home/877186.cloudwaysapps.com/yvuxeuwabq/public_html/system/CodeIgniter.php(927): App\Controllers\Home->show_all_orders()
#7 /home/877186.cloudwaysapps.com/yvuxeuwabq/public_html/system/CodeIgniter.php(482): CodeIgniter\CodeIgniter->runController()
#8 /home/877186.cloudwaysapps.com/yvuxeuwabq/public_html/system/CodeIgniter.php(351): CodeIgniter\CodeIgniter->handleRequest()
#9 /home/877186.cloudwaysapps.com/yvuxeuwabq/public_html/public/index.php(67): CodeIgniter\CodeIgniter->run()
#10 {main}
ERROR - 2023-01-13 11:26:12 --> mysqli_sql_exception: Column 'email' cannot be null in /home/877186.cloudwaysapps.com/yvuxeuwabq/public_html/system/Database/MySQLi/Connection.php:292
Stack trace:
#0 /home/877186.cloudwaysapps.com/yvuxeuwabq/public_html/system/Database/MySQLi/Connection.php(292): mysqli->query()
#1 /home/877186.cloudwaysapps.com/yvuxeuwabq/public_html/system/Database/BaseConnection.php(666): CodeIgniter\Database\MySQLi\Connection->execute()
#2 /home/877186.cloudwaysapps.com/yvuxeuwabq/public_html/system/Database/BaseConnection.php(593): CodeIgniter\Database\BaseConnection->simpleQuery()
#3 /home/877186.cloudwaysapps.com/yvuxeuwabq/public_html/system/Database/BaseBuilder.php(1916): CodeIgniter\Database\BaseConnection->query()
#4 /home/877186.cloudwaysapps.com/yvuxeuwabq/public_html/app/Models/UserModel.php(154): CodeIgniter\Database\BaseBuilder->insert()
#5 /home/877186.cloudwaysapps.com/yvuxeuwabq/public_html/app/Controllers/Home.php(254): App\Models\UserModel->track_orders()
#6 /home/877186.cloudwaysapps.com/yvuxeuwabq/public_html/system/CodeIgniter.php(927): App\Controllers\Home->show_all_orders()
#7 /home/877186.cloudwaysapps.com/yvuxeuwabq/public_html/system/CodeIgniter.php(482): CodeIgniter\CodeIgniter->runController()
#8 /home/877186.cloudwaysapps.com/yvuxeuwabq/public_html/system/CodeIgniter.php(351): CodeIgniter\CodeIgniter->handleRequest()
#9 /home/877186.cloudwaysapps.com/yvuxeuwabq/public_html/public/index.php(67): CodeIgniter\CodeIgniter->run()
#10 {main}
ERROR - 2023-01-13 11:46:25 --> mysqli_sql_exception: Column 'email' cannot be null in /home/877186.cloudwaysapps.com/yvuxeuwabq/public_html/system/Database/MySQLi/Connection.php:292
Stack trace:
#0 /home/877186.cloudwaysapps.com/yvuxeuwabq/public_html/system/Database/MySQLi/Connection.php(292): mysqli->query()
#1 /home/877186.cloudwaysapps.com/yvuxeuwabq/public_html/system/Database/BaseConnection.php(666): CodeIgniter\Database\MySQLi\Connection->execute()
#2 /home/877186.cloudwaysapps.com/yvuxeuwabq/public_html/system/Database/BaseConnection.php(593): CodeIgniter\Database\BaseConnection->simpleQuery()
#3 /home/877186.cloudwaysapps.com/yvuxeuwabq/public_html/system/Database/BaseBuilder.php(1916): CodeIgniter\Database\BaseConnection->query()
#4 /home/877186.cloudwaysapps.com/yvuxeuwabq/public_html/app/Models/UserModel.php(154): CodeIgniter\Database\BaseBuilder->insert()
#5 /home/877186.cloudwaysapps.com/yvuxeuwabq/public_html/app/Controllers/Home.php(254): App\Models\UserModel->track_orders()
#6 /home/877186.cloudwaysapps.com/yvuxeuwabq/public_html/system/CodeIgniter.php(927): App\Controllers\Home->show_all_orders()
#7 /home/877186.cloudwaysapps.com/yvuxeuwabq/public_html/system/CodeIgniter.php(482): CodeIgniter\CodeIgniter->runController()
#8 /home/877186.cloudwaysapps.com/yvuxeuwabq/public_html/system/CodeIgniter.php(351): CodeIgniter\CodeIgniter->handleRequest()
#9 /home/877186.cloudwaysapps.com/yvuxeuwabq/public_html/public/index.php(67): CodeIgniter\CodeIgniter->run()
#10 {main}
ERROR - 2023-01-13 11:47:47 --> mysqli_sql_exception: Column 'email' cannot be null in /home/877186.cloudwaysapps.com/yvuxeuwabq/public_html/system/Database/MySQLi/Connection.php:292
Stack trace:
#0 /home/877186.cloudwaysapps.com/yvuxeuwabq/public_html/system/Database/MySQLi/Connection.php(292): mysqli->query()
#1 /home/877186.cloudwaysapps.com/yvuxeuwabq/public_html/system/Database/BaseConnection.php(666): CodeIgniter\Database\MySQLi\Connection->execute()
#2 /home/877186.cloudwaysapps.com/yvuxeuwabq/public_html/system/Database/BaseConnection.php(593): CodeIgniter\Database\BaseConnection->simpleQuery()
#3 /home/877186.cloudwaysapps.com/yvuxeuwabq/public_html/system/Database/BaseBuilder.php(1916): CodeIgniter\Database\BaseConnection->query()
#4 /home/877186.cloudwaysapps.com/yvuxeuwabq/public_html/app/Models/UserModel.php(154): CodeIgniter\Database\BaseBuilder->insert()
#5 /home/877186.cloudwaysapps.com/yvuxeuwabq/public_html/app/Controllers/Home.php(254): App\Models\UserModel->track_orders()
#6 /home/877186.cloudwaysapps.com/yvuxeuwabq/public_html/system/CodeIgniter.php(927): App\Controllers\Home->show_all_orders()
#7 /home/877186.cloudwaysapps.com/yvuxeuwabq/public_html/system/CodeIgniter.php(482): CodeIgniter\CodeIgniter->runController()
#8 /home/877186.cloudwaysapps.com/yvuxeuwabq/public_html/system/CodeIgniter.php(351): CodeIgniter\CodeIgniter->handleRequest()
#9 /home/877186.cloudwaysapps.com/yvuxeuwabq/public_html/public/index.php(67): CodeIgniter\CodeIgniter->run()
#10 {main}
ERROR - 2023-01-13 12:24:21 --> mysqli_sql_exception: Column 'email' cannot be null in /home/877186.cloudwaysapps.com/yvuxeuwabq/public_html/system/Database/MySQLi/Connection.php:292
Stack trace:
#0 /home/877186.cloudwaysapps.com/yvuxeuwabq/public_html/system/Database/MySQLi/Connection.php(292): mysqli->query()
#1 /home/877186.cloudwaysapps.com/yvuxeuwabq/public_html/system/Database/BaseConnection.php(666): CodeIgniter\Database\MySQLi\Connection->execute()
#2 /home/877186.cloudwaysapps.com/yvuxeuwabq/public_html/system/Database/BaseConnection.php(593): CodeIgniter\Database\BaseConnection->simpleQuery()
#3 /home/877186.cloudwaysapps.com/yvuxeuwabq/public_html/system/Database/BaseBuilder.php(1916): CodeIgniter\Database\BaseConnection->query()
#4 /home/877186.cloudwaysapps.com/yvuxeuwabq/public_html/app/Models/UserModel.php(154): CodeIgniter\Database\BaseBuilder->insert()
#5 /home/877186.cloudwaysapps.com/yvuxeuwabq/public_html/app/Controllers/Home.php(254): App\Models\UserModel->track_orders()
#6 /home/877186.cloudwaysapps.com/yvuxeuwabq/public_html/system/CodeIgniter.php(927): App\Controllers\Home->show_all_orders()
#7 /home/877186.cloudwaysapps.com/yvuxeuwabq/public_html/system/CodeIgniter.php(482): CodeIgniter\CodeIgniter->runController()
#8 /home/877186.cloudwaysapps.com/yvuxeuwabq/public_html/system/CodeIgniter.php(351): CodeIgniter\CodeIgniter->handleRequest()
#9 /home/877186.cloudwaysapps.com/yvuxeuwabq/public_html/public/index.php(67): CodeIgniter\CodeIgniter->run()
#10 {main}
ERROR - 2023-01-13 12:24:21 --> mysqli_sql_exception: Column 'email' cannot be null in /home/877186.cloudwaysapps.com/yvuxeuwabq/public_html/system/Database/MySQLi/Connection.php:292
Stack trace:
#0 /home/877186.cloudwaysapps.com/yvuxeuwabq/public_html/system/Database/MySQLi/Connection.php(292): mysqli->query()
#1 /home/877186.cloudwaysapps.com/yvuxeuwabq/public_html/system/Database/BaseConnection.php(666): CodeIgniter\Database\MySQLi\Connection->execute()
#2 /home/877186.cloudwaysapps.com/yvuxeuwabq/public_html/system/Database/BaseConnection.php(593): CodeIgniter\Database\BaseConnection->simpleQuery()
#3 /home/877186.cloudwaysapps.com/yvuxeuwabq/public_html/system/Database/BaseBuilder.php(1916): CodeIgniter\Database\BaseConnection->query()
#4 /home/877186.cloudwaysapps.com/yvuxeuwabq/public_html/app/Models/UserModel.php(154): CodeIgniter\Database\BaseBuilder->insert()
#5 /home/877186.cloudwaysapps.com/yvuxeuwabq/public_html/app/Controllers/Home.php(254): App\Models\UserModel->track_orders()
#6 /home/877186.cloudwaysapps.com/yvuxeuwabq/public_html/system/CodeIgniter.php(927): App\Controllers\Home->show_all_orders()
#7 /home/877186.cloudwaysapps.com/yvuxeuwabq/public_html/system/CodeIgniter.php(482): CodeIgniter\CodeIgniter->runController()
#8 /home/877186.cloudwaysapps.com/yvuxeuwabq/public_html/system/CodeIgniter.php(351): CodeIgniter\CodeIgniter->handleRequest()
#9 /home/877186.cloudwaysapps.com/yvuxeuwabq/public_html/public/index.php(67): CodeIgniter\CodeIgniter->run()
#10 {main}
ERROR - 2023-01-13 12:27:00 --> mysqli_sql_exception: Column 'email' cannot be null in /home/877186.cloudwaysapps.com/yvuxeuwabq/public_html/system/Database/MySQLi/Connection.php:292
Stack trace:
#0 /home/877186.cloudwaysapps.com/yvuxeuwabq/public_html/system/Database/MySQLi/Connection.php(292): mysqli->query()
#1 /home/877186.cloudwaysapps.com/yvuxeuwabq/public_html/system/Database/BaseConnection.php(666): CodeIgniter\Database\MySQLi\Connection->execute()
#2 /home/877186.cloudwaysapps.com/yvuxeuwabq/public_html/system/Database/BaseConnection.php(593): CodeIgniter\Database\BaseConnection->simpleQuery()
#3 /home/877186.cloudwaysapps.com/yvuxeuwabq/public_html/system/Database/BaseBuilder.php(1916): CodeIgniter\Database\BaseConnection->query()
#4 /home/877186.cloudwaysapps.com/yvuxeuwabq/public_html/app/Models/UserModel.php(154): CodeIgniter\Database\BaseBuilder->insert()
#5 /home/877186.cloudwaysapps.com/yvuxeuwabq/public_html/app/Controllers/Home.php(254): App\Models\UserModel->track_orders()
#6 /home/877186.cloudwaysapps.com/yvuxeuwabq/public_html/system/CodeIgniter.php(927): App\Controllers\Home->show_all_orders()
#7 /home/877186.cloudwaysapps.com/yvuxeuwabq/public_html/system/CodeIgniter.php(482): CodeIgniter\CodeIgniter->runController()
#8 /home/877186.cloudwaysapps.com/yvuxeuwabq/public_html/system/CodeIgniter.php(351): CodeIgniter\CodeIgniter->handleRequest()
#9 /home/877186.cloudwaysapps.com/yvuxeuwabq/public_html/public/index.php(67): CodeIgniter\CodeIgniter->run()
#10 {main}
ERROR - 2023-01-13 12:27:00 --> mysqli_sql_exception: Column 'email' cannot be null in /home/877186.cloudwaysapps.com/yvuxeuwabq/public_html/system/Database/MySQLi/Connection.php:292
Stack trace:
#0 /home/877186.cloudwaysapps.com/yvuxeuwabq/public_html/system/Database/MySQLi/Connection.php(292): mysqli->query()
#1 /home/877186.cloudwaysapps.com/yvuxeuwabq/public_html/system/Database/BaseConnection.php(666): CodeIgniter\Database\MySQLi\Connection->execute()
#2 /home/877186.cloudwaysapps.com/yvuxeuwabq/public_html/system/Database/BaseConnection.php(593): CodeIgniter\Database\BaseConnection->simpleQuery()
#3 /home/877186.cloudwaysapps.com/yvuxeuwabq/public_html/system/Database/BaseBuilder.php(1916): CodeIgniter\Database\BaseConnection->query()
#4 /home/877186.cloudwaysapps.com/yvuxeuwabq/public_html/app/Models/UserModel.php(154): CodeIgniter\Database\BaseBuilder->insert()
#5 /home/877186.cloudwaysapps.com/yvuxeuwabq/public_html/app/Controllers/Home.php(254): App\Models\UserModel->track_orders()
#6 /home/877186.cloudwaysapps.com/yvuxeuwabq/public_html/system/CodeIgniter.php(927): App\Controllers\Home->show_all_orders()
#7 /home/877186.cloudwaysapps.com/yvuxeuwabq/public_html/system/CodeIgniter.php(482): CodeIgniter\CodeIgniter->runController()
#8 /home/877186.cloudwaysapps.com/yvuxeuwabq/public_html/system/CodeIgniter.php(351): CodeIgniter\CodeIgniter->handleRequest()
#9 /home/877186.cloudwaysapps.com/yvuxeuwabq/public_html/public/index.php(67): CodeIgniter\CodeIgniter->run()
#10 {main}
