CRITICAL - 2023-06-04 03:48:02 --> Call to undefined method App\Models\UserModel::get_webhook_id
in SYSTEMPATH/Model.php on line 774.
 1 APPPATH/Controllers/AppUninstallController.php(29): CodeIgniter\Model->__call('get_webhook_id', [...])
 2 SYSTEMPATH/CodeIgniter.php(927): App\Controllers\AppUninstallController->uninstall_app()
 3 SYSTEMPATH/CodeIgniter.php(482): CodeIgniter\CodeIgniter->runController(Object(App\Controllers\AppUninstallController))
 4 SYSTEMPATH/CodeIgniter.php(351): CodeIgniter\CodeIgniter->handleRequest(null, Object(Config\Cache), false)
 5 FCPATH/index.php(67): CodeIgniter\CodeIgniter->run()
CRITICAL - 2023-06-04 07:48:04 --> Call to undefined method App\Models\UserModel::get_webhook_id
in SYSTEMPATH/Model.php on line 774.
 1 APPPATH/Controllers/AppUninstallController.php(29): CodeIgniter\Model->__call('get_webhook_id', [...])
 2 SYSTEMPATH/CodeIgniter.php(927): App\Controllers\AppUninstallController->uninstall_app()
 3 SYSTEMPATH/CodeIgniter.php(482): CodeIgniter\CodeIgniter->runController(Object(App\Controllers\AppUninstallController))
 4 SYSTEMPATH/CodeIgniter.php(351): CodeIgniter\CodeIgniter->handleRequest(null, Object(Config\Cache), false)
 5 FCPATH/index.php(67): CodeIgniter\CodeIgniter->run()
CRITICAL - 2023-06-04 11:48:07 --> Call to undefined method App\Models\UserModel::get_webhook_id
in SYSTEMPATH/Model.php on line 774.
 1 APPPATH/Controllers/AppUninstallController.php(29): CodeIgniter\Model->__call('get_webhook_id', [...])
 2 SYSTEMPATH/CodeIgniter.php(927): App\Controllers\AppUninstallController->uninstall_app()
 3 SYSTEMPATH/CodeIgniter.php(482): CodeIgniter\CodeIgniter->runController(Object(App\Controllers\AppUninstallController))
 4 SYSTEMPATH/CodeIgniter.php(351): CodeIgniter\CodeIgniter->handleRequest(null, Object(Config\Cache), false)
 5 FCPATH/index.php(67): CodeIgniter\CodeIgniter->run()
