ERROR - 2023-02-06 03:33:19 --> mysqli_sql_exception: Column 'email' cannot be null in /home/877186.cloudwaysapps.com/yvuxeuwabq/public_html/system/Database/MySQLi/Connection.php:292
Stack trace:
#0 /home/877186.cloudwaysapps.com/yvuxeuwabq/public_html/system/Database/MySQLi/Connection.php(292): mysqli->query()
#1 /home/877186.cloudwaysapps.com/yvuxeuwabq/public_html/system/Database/BaseConnection.php(666): CodeIgniter\Database\MySQLi\Connection->execute()
#2 /home/877186.cloudwaysapps.com/yvuxeuwabq/public_html/system/Database/BaseConnection.php(593): CodeIgniter\Database\BaseConnection->simpleQuery()
#3 /home/877186.cloudwaysapps.com/yvuxeuwabq/public_html/system/Database/BaseBuilder.php(1916): CodeIgniter\Database\BaseConnection->query()
#4 /home/877186.cloudwaysapps.com/yvuxeuwabq/public_html/app/Models/UserModel.php(170): CodeIgniter\Database\BaseBuilder->insert()
#5 /home/877186.cloudwaysapps.com/yvuxeuwabq/public_html/app/Controllers/Home.php(420): App\Models\UserModel->track_orders()
#6 /home/877186.cloudwaysapps.com/yvuxeuwabq/public_html/system/CodeIgniter.php(927): App\Controllers\Home->show_all_orders()
#7 /home/877186.cloudwaysapps.com/yvuxeuwabq/public_html/system/CodeIgniter.php(482): CodeIgniter\CodeIgniter->runController()
#8 /home/877186.cloudwaysapps.com/yvuxeuwabq/public_html/system/CodeIgniter.php(351): CodeIgniter\CodeIgniter->handleRequest()
#9 /home/877186.cloudwaysapps.com/yvuxeuwabq/public_html/public/index.php(67): CodeIgniter\CodeIgniter->run()
#10 {main}
ERROR - 2023-02-06 03:33:19 --> mysqli_sql_exception: Column 'email' cannot be null in /home/877186.cloudwaysapps.com/yvuxeuwabq/public_html/system/Database/MySQLi/Connection.php:292
Stack trace:
#0 /home/877186.cloudwaysapps.com/yvuxeuwabq/public_html/system/Database/MySQLi/Connection.php(292): mysqli->query()
#1 /home/877186.cloudwaysapps.com/yvuxeuwabq/public_html/system/Database/BaseConnection.php(666): CodeIgniter\Database\MySQLi\Connection->execute()
#2 /home/877186.cloudwaysapps.com/yvuxeuwabq/public_html/system/Database/BaseConnection.php(593): CodeIgniter\Database\BaseConnection->simpleQuery()
#3 /home/877186.cloudwaysapps.com/yvuxeuwabq/public_html/system/Database/BaseBuilder.php(1916): CodeIgniter\Database\BaseConnection->query()
#4 /home/877186.cloudwaysapps.com/yvuxeuwabq/public_html/app/Models/UserModel.php(170): CodeIgniter\Database\BaseBuilder->insert()
#5 /home/877186.cloudwaysapps.com/yvuxeuwabq/public_html/app/Controllers/Home.php(420): App\Models\UserModel->track_orders()
#6 /home/877186.cloudwaysapps.com/yvuxeuwabq/public_html/system/CodeIgniter.php(927): App\Controllers\Home->show_all_orders()
#7 /home/877186.cloudwaysapps.com/yvuxeuwabq/public_html/system/CodeIgniter.php(482): CodeIgniter\CodeIgniter->runController()
#8 /home/877186.cloudwaysapps.com/yvuxeuwabq/public_html/system/CodeIgniter.php(351): CodeIgniter\CodeIgniter->handleRequest()
#9 /home/877186.cloudwaysapps.com/yvuxeuwabq/public_html/public/index.php(67): CodeIgniter\CodeIgniter->run()
#10 {main}
ERROR - 2023-02-06 04:33:42 --> mysqli_sql_exception: Column 'email' cannot be null in /home/877186.cloudwaysapps.com/yvuxeuwabq/public_html/system/Database/MySQLi/Connection.php:292
Stack trace:
#0 /home/877186.cloudwaysapps.com/yvuxeuwabq/public_html/system/Database/MySQLi/Connection.php(292): mysqli->query()
#1 /home/877186.cloudwaysapps.com/yvuxeuwabq/public_html/system/Database/BaseConnection.php(666): CodeIgniter\Database\MySQLi\Connection->execute()
#2 /home/877186.cloudwaysapps.com/yvuxeuwabq/public_html/system/Database/BaseConnection.php(593): CodeIgniter\Database\BaseConnection->simpleQuery()
#3 /home/877186.cloudwaysapps.com/yvuxeuwabq/public_html/system/Database/BaseBuilder.php(1916): CodeIgniter\Database\BaseConnection->query()
#4 /home/877186.cloudwaysapps.com/yvuxeuwabq/public_html/app/Models/UserModel.php(170): CodeIgniter\Database\BaseBuilder->insert()
#5 /home/877186.cloudwaysapps.com/yvuxeuwabq/public_html/app/Controllers/Home.php(420): App\Models\UserModel->track_orders()
#6 /home/877186.cloudwaysapps.com/yvuxeuwabq/public_html/system/CodeIgniter.php(927): App\Controllers\Home->show_all_orders()
#7 /home/877186.cloudwaysapps.com/yvuxeuwabq/public_html/system/CodeIgniter.php(482): CodeIgniter\CodeIgniter->runController()
#8 /home/877186.cloudwaysapps.com/yvuxeuwabq/public_html/system/CodeIgniter.php(351): CodeIgniter\CodeIgniter->handleRequest()
#9 /home/877186.cloudwaysapps.com/yvuxeuwabq/public_html/public/index.php(67): CodeIgniter\CodeIgniter->run()
#10 {main}
ERROR - 2023-02-06 04:56:01 --> mysqli_sql_exception: Column 'email' cannot be null in /home/877186.cloudwaysapps.com/yvuxeuwabq/public_html/system/Database/MySQLi/Connection.php:292
Stack trace:
#0 /home/877186.cloudwaysapps.com/yvuxeuwabq/public_html/system/Database/MySQLi/Connection.php(292): mysqli->query()
#1 /home/877186.cloudwaysapps.com/yvuxeuwabq/public_html/system/Database/BaseConnection.php(666): CodeIgniter\Database\MySQLi\Connection->execute()
#2 /home/877186.cloudwaysapps.com/yvuxeuwabq/public_html/system/Database/BaseConnection.php(593): CodeIgniter\Database\BaseConnection->simpleQuery()
#3 /home/877186.cloudwaysapps.com/yvuxeuwabq/public_html/system/Database/BaseBuilder.php(1916): CodeIgniter\Database\BaseConnection->query()
#4 /home/877186.cloudwaysapps.com/yvuxeuwabq/public_html/app/Models/UserModel.php(170): CodeIgniter\Database\BaseBuilder->insert()
#5 /home/877186.cloudwaysapps.com/yvuxeuwabq/public_html/app/Controllers/Home.php(420): App\Models\UserModel->track_orders()
#6 /home/877186.cloudwaysapps.com/yvuxeuwabq/public_html/system/CodeIgniter.php(927): App\Controllers\Home->show_all_orders()
#7 /home/877186.cloudwaysapps.com/yvuxeuwabq/public_html/system/CodeIgniter.php(482): CodeIgniter\CodeIgniter->runController()
#8 /home/877186.cloudwaysapps.com/yvuxeuwabq/public_html/system/CodeIgniter.php(351): CodeIgniter\CodeIgniter->handleRequest()
#9 /home/877186.cloudwaysapps.com/yvuxeuwabq/public_html/public/index.php(67): CodeIgniter\CodeIgniter->run()
#10 {main}
ERROR - 2023-02-06 04:57:10 --> mysqli_sql_exception: Column 'email' cannot be null in /home/877186.cloudwaysapps.com/yvuxeuwabq/public_html/system/Database/MySQLi/Connection.php:292
Stack trace:
#0 /home/877186.cloudwaysapps.com/yvuxeuwabq/public_html/system/Database/MySQLi/Connection.php(292): mysqli->query()
#1 /home/877186.cloudwaysapps.com/yvuxeuwabq/public_html/system/Database/BaseConnection.php(666): CodeIgniter\Database\MySQLi\Connection->execute()
#2 /home/877186.cloudwaysapps.com/yvuxeuwabq/public_html/system/Database/BaseConnection.php(593): CodeIgniter\Database\BaseConnection->simpleQuery()
#3 /home/877186.cloudwaysapps.com/yvuxeuwabq/public_html/system/Database/BaseBuilder.php(1916): CodeIgniter\Database\BaseConnection->query()
#4 /home/877186.cloudwaysapps.com/yvuxeuwabq/public_html/app/Models/UserModel.php(170): CodeIgniter\Database\BaseBuilder->insert()
#5 /home/877186.cloudwaysapps.com/yvuxeuwabq/public_html/app/Controllers/Home.php(420): App\Models\UserModel->track_orders()
#6 /home/877186.cloudwaysapps.com/yvuxeuwabq/public_html/system/CodeIgniter.php(927): App\Controllers\Home->show_all_orders()
#7 /home/877186.cloudwaysapps.com/yvuxeuwabq/public_html/system/CodeIgniter.php(482): CodeIgniter\CodeIgniter->runController()
#8 /home/877186.cloudwaysapps.com/yvuxeuwabq/public_html/system/CodeIgniter.php(351): CodeIgniter\CodeIgniter->handleRequest()
#9 /home/877186.cloudwaysapps.com/yvuxeuwabq/public_html/public/index.php(67): CodeIgniter\CodeIgniter->run()
#10 {main}
CRITICAL - 2023-02-06 05:01:41 --> Call to undefined method App\Models\UserModel::get_webhook_id
in SYSTEMPATH/Model.php on line 774.
 1 APPPATH/Controllers/AppUninstallController.php(29): CodeIgniter\Model->__call()
 2 SYSTEMPATH/CodeIgniter.php(927): App\Controllers\AppUninstallController->uninstall_app()
 3 SYSTEMPATH/CodeIgniter.php(482): CodeIgniter\CodeIgniter->runController()
 4 SYSTEMPATH/CodeIgniter.php(351): CodeIgniter\CodeIgniter->handleRequest()
 5 FCPATH/index.php(67): CodeIgniter\CodeIgniter->run()
CRITICAL - 2023-02-06 05:02:42 --> Call to undefined method App\Models\UserModel::get_webhook_id
in SYSTEMPATH/Model.php on line 774.
 1 APPPATH/Controllers/AppUninstallController.php(29): CodeIgniter\Model->__call()
 2 SYSTEMPATH/CodeIgniter.php(927): App\Controllers\AppUninstallController->uninstall_app()
 3 SYSTEMPATH/CodeIgniter.php(482): CodeIgniter\CodeIgniter->runController()
 4 SYSTEMPATH/CodeIgniter.php(351): CodeIgniter\CodeIgniter->handleRequest()
 5 FCPATH/index.php(67): CodeIgniter\CodeIgniter->run()
CRITICAL - 2023-02-06 05:04:45 --> Call to undefined method App\Models\UserModel::get_webhook_id
in SYSTEMPATH/Model.php on line 774.
 1 APPPATH/Controllers/AppUninstallController.php(29): CodeIgniter\Model->__call()
 2 SYSTEMPATH/CodeIgniter.php(927): App\Controllers\AppUninstallController->uninstall_app()
 3 SYSTEMPATH/CodeIgniter.php(482): CodeIgniter\CodeIgniter->runController()
 4 SYSTEMPATH/CodeIgniter.php(351): CodeIgniter\CodeIgniter->handleRequest()
 5 FCPATH/index.php(67): CodeIgniter\CodeIgniter->run()
CRITICAL - 2023-02-06 05:06:47 --> Call to undefined method App\Models\UserModel::get_webhook_id
in SYSTEMPATH/Model.php on line 774.
 1 APPPATH/Controllers/AppUninstallController.php(29): CodeIgniter\Model->__call()
 2 SYSTEMPATH/CodeIgniter.php(927): App\Controllers\AppUninstallController->uninstall_app()
 3 SYSTEMPATH/CodeIgniter.php(482): CodeIgniter\CodeIgniter->runController()
 4 SYSTEMPATH/CodeIgniter.php(351): CodeIgniter\CodeIgniter->handleRequest()
 5 FCPATH/index.php(67): CodeIgniter\CodeIgniter->run()
CRITICAL - 2023-02-06 05:11:50 --> Call to undefined method App\Models\UserModel::get_webhook_id
in SYSTEMPATH/Model.php on line 774.
 1 APPPATH/Controllers/AppUninstallController.php(29): CodeIgniter\Model->__call()
 2 SYSTEMPATH/CodeIgniter.php(927): App\Controllers\AppUninstallController->uninstall_app()
 3 SYSTEMPATH/CodeIgniter.php(482): CodeIgniter\CodeIgniter->runController()
 4 SYSTEMPATH/CodeIgniter.php(351): CodeIgniter\CodeIgniter->handleRequest()
 5 FCPATH/index.php(67): CodeIgniter\CodeIgniter->run()
CRITICAL - 2023-02-06 05:30:14 --> Call to undefined method App\Models\UserModel::get_webhook_id
in SYSTEMPATH/Model.php on line 774.
 1 APPPATH/Controllers/AppUninstallController.php(29): CodeIgniter\Model->__call()
 2 SYSTEMPATH/CodeIgniter.php(927): App\Controllers\AppUninstallController->uninstall_app()
 3 SYSTEMPATH/CodeIgniter.php(482): CodeIgniter\CodeIgniter->runController()
 4 SYSTEMPATH/CodeIgniter.php(351): CodeIgniter\CodeIgniter->handleRequest()
 5 FCPATH/index.php(67): CodeIgniter\CodeIgniter->run()
CRITICAL - 2023-02-06 05:31:15 --> Call to undefined method App\Models\UserModel::get_webhook_id
in SYSTEMPATH/Model.php on line 774.
 1 APPPATH/Controllers/AppUninstallController.php(29): CodeIgniter\Model->__call()
 2 SYSTEMPATH/CodeIgniter.php(927): App\Controllers\AppUninstallController->uninstall_app()
 3 SYSTEMPATH/CodeIgniter.php(482): CodeIgniter\CodeIgniter->runController()
 4 SYSTEMPATH/CodeIgniter.php(351): CodeIgniter\CodeIgniter->handleRequest()
 5 FCPATH/index.php(67): CodeIgniter\CodeIgniter->run()
CRITICAL - 2023-02-06 05:33:18 --> Call to undefined method App\Models\UserModel::get_webhook_id
in SYSTEMPATH/Model.php on line 774.
 1 APPPATH/Controllers/AppUninstallController.php(29): CodeIgniter\Model->__call()
 2 SYSTEMPATH/CodeIgniter.php(927): App\Controllers\AppUninstallController->uninstall_app()
 3 SYSTEMPATH/CodeIgniter.php(482): CodeIgniter\CodeIgniter->runController()
 4 SYSTEMPATH/CodeIgniter.php(351): CodeIgniter\CodeIgniter->handleRequest()
 5 FCPATH/index.php(67): CodeIgniter\CodeIgniter->run()
CRITICAL - 2023-02-06 05:33:52 --> Call to undefined method App\Models\UserModel::get_webhook_id
in SYSTEMPATH/Model.php on line 774.
 1 APPPATH/Controllers/AppUninstallController.php(29): CodeIgniter\Model->__call()
 2 SYSTEMPATH/CodeIgniter.php(927): App\Controllers\AppUninstallController->uninstall_app()
 3 SYSTEMPATH/CodeIgniter.php(482): CodeIgniter\CodeIgniter->runController()
 4 SYSTEMPATH/CodeIgniter.php(351): CodeIgniter\CodeIgniter->handleRequest()
 5 FCPATH/index.php(67): CodeIgniter\CodeIgniter->run()
CRITICAL - 2023-02-06 05:35:19 --> Call to undefined method App\Models\UserModel::get_webhook_id
in SYSTEMPATH/Model.php on line 774.
 1 APPPATH/Controllers/AppUninstallController.php(29): CodeIgniter\Model->__call()
 2 SYSTEMPATH/CodeIgniter.php(927): App\Controllers\AppUninstallController->uninstall_app()
 3 SYSTEMPATH/CodeIgniter.php(482): CodeIgniter\CodeIgniter->runController()
 4 SYSTEMPATH/CodeIgniter.php(351): CodeIgniter\CodeIgniter->handleRequest()
 5 FCPATH/index.php(67): CodeIgniter\CodeIgniter->run()
CRITICAL - 2023-02-06 05:40:20 --> Call to undefined method App\Models\UserModel::get_webhook_id
in SYSTEMPATH/Model.php on line 774.
 1 APPPATH/Controllers/AppUninstallController.php(29): CodeIgniter\Model->__call()
 2 SYSTEMPATH/CodeIgniter.php(927): App\Controllers\AppUninstallController->uninstall_app()
 3 SYSTEMPATH/CodeIgniter.php(482): CodeIgniter\CodeIgniter->runController()
 4 SYSTEMPATH/CodeIgniter.php(351): CodeIgniter\CodeIgniter->handleRequest()
 5 FCPATH/index.php(67): CodeIgniter\CodeIgniter->run()
CRITICAL - 2023-02-06 05:41:54 --> Call to undefined method App\Models\UserModel::get_webhook_id
in SYSTEMPATH/Model.php on line 774.
 1 APPPATH/Controllers/AppUninstallController.php(29): CodeIgniter\Model->__call()
 2 SYSTEMPATH/CodeIgniter.php(927): App\Controllers\AppUninstallController->uninstall_app()
 3 SYSTEMPATH/CodeIgniter.php(482): CodeIgniter\CodeIgniter->runController()
 4 SYSTEMPATH/CodeIgniter.php(351): CodeIgniter\CodeIgniter->handleRequest()
 5 FCPATH/index.php(67): CodeIgniter\CodeIgniter->run()
CRITICAL - 2023-02-06 05:42:56 --> Call to undefined method App\Models\UserModel::get_webhook_id
in SYSTEMPATH/Model.php on line 774.
 1 APPPATH/Controllers/AppUninstallController.php(29): CodeIgniter\Model->__call()
 2 SYSTEMPATH/CodeIgniter.php(927): App\Controllers\AppUninstallController->uninstall_app()
 3 SYSTEMPATH/CodeIgniter.php(482): CodeIgniter\CodeIgniter->runController()
 4 SYSTEMPATH/CodeIgniter.php(351): CodeIgniter\CodeIgniter->handleRequest()
 5 FCPATH/index.php(67): CodeIgniter\CodeIgniter->run()
CRITICAL - 2023-02-06 05:44:59 --> Call to undefined method App\Models\UserModel::get_webhook_id
in SYSTEMPATH/Model.php on line 774.
 1 APPPATH/Controllers/AppUninstallController.php(29): CodeIgniter\Model->__call()
 2 SYSTEMPATH/CodeIgniter.php(927): App\Controllers\AppUninstallController->uninstall_app()
 3 SYSTEMPATH/CodeIgniter.php(482): CodeIgniter\CodeIgniter->runController()
 4 SYSTEMPATH/CodeIgniter.php(351): CodeIgniter\CodeIgniter->handleRequest()
 5 FCPATH/index.php(67): CodeIgniter\CodeIgniter->run()
CRITICAL - 2023-02-06 05:47:01 --> Call to undefined method App\Models\UserModel::get_webhook_id
in SYSTEMPATH/Model.php on line 774.
 1 APPPATH/Controllers/AppUninstallController.php(29): CodeIgniter\Model->__call()
 2 SYSTEMPATH/CodeIgniter.php(927): App\Controllers\AppUninstallController->uninstall_app()
 3 SYSTEMPATH/CodeIgniter.php(482): CodeIgniter\CodeIgniter->runController()
 4 SYSTEMPATH/CodeIgniter.php(351): CodeIgniter\CodeIgniter->handleRequest()
 5 FCPATH/index.php(67): CodeIgniter\CodeIgniter->run()
CRITICAL - 2023-02-06 05:52:03 --> Call to undefined method App\Models\UserModel::get_webhook_id
in SYSTEMPATH/Model.php on line 774.
 1 APPPATH/Controllers/AppUninstallController.php(29): CodeIgniter\Model->__call()
 2 SYSTEMPATH/CodeIgniter.php(927): App\Controllers\AppUninstallController->uninstall_app()
 3 SYSTEMPATH/CodeIgniter.php(482): CodeIgniter\CodeIgniter->runController()
 4 SYSTEMPATH/CodeIgniter.php(351): CodeIgniter\CodeIgniter->handleRequest()
 5 FCPATH/index.php(67): CodeIgniter\CodeIgniter->run()
CRITICAL - 2023-02-06 06:02:22 --> Call to undefined method App\Models\UserModel::get_webhook_id
in SYSTEMPATH/Model.php on line 774.
 1 APPPATH/Controllers/AppUninstallController.php(29): CodeIgniter\Model->__call()
 2 SYSTEMPATH/CodeIgniter.php(927): App\Controllers\AppUninstallController->uninstall_app()
 3 SYSTEMPATH/CodeIgniter.php(482): CodeIgniter\CodeIgniter->runController()
 4 SYSTEMPATH/CodeIgniter.php(351): CodeIgniter\CodeIgniter->handleRequest()
 5 FCPATH/index.php(67): CodeIgniter\CodeIgniter->run()
CRITICAL - 2023-02-06 06:03:54 --> Call to undefined method App\Models\UserModel::get_webhook_id
in SYSTEMPATH/Model.php on line 774.
 1 APPPATH/Controllers/AppUninstallController.php(29): CodeIgniter\Model->__call()
 2 SYSTEMPATH/CodeIgniter.php(927): App\Controllers\AppUninstallController->uninstall_app()
 3 SYSTEMPATH/CodeIgniter.php(482): CodeIgniter\CodeIgniter->runController()
 4 SYSTEMPATH/CodeIgniter.php(351): CodeIgniter\CodeIgniter->handleRequest()
 5 FCPATH/index.php(67): CodeIgniter\CodeIgniter->run()
CRITICAL - 2023-02-06 06:14:05 --> Call to undefined method App\Models\UserModel::get_webhook_id
in SYSTEMPATH/Model.php on line 774.
 1 APPPATH/Controllers/AppUninstallController.php(29): CodeIgniter\Model->__call()
 2 SYSTEMPATH/CodeIgniter.php(927): App\Controllers\AppUninstallController->uninstall_app()
 3 SYSTEMPATH/CodeIgniter.php(482): CodeIgniter\CodeIgniter->runController()
 4 SYSTEMPATH/CodeIgniter.php(351): CodeIgniter\CodeIgniter->handleRequest()
 5 FCPATH/index.php(67): CodeIgniter\CodeIgniter->run()
CRITICAL - 2023-02-06 06:32:25 --> Call to undefined method App\Models\UserModel::get_webhook_id
in SYSTEMPATH/Model.php on line 774.
 1 APPPATH/Controllers/AppUninstallController.php(29): CodeIgniter\Model->__call()
 2 SYSTEMPATH/CodeIgniter.php(927): App\Controllers\AppUninstallController->uninstall_app()
 3 SYSTEMPATH/CodeIgniter.php(482): CodeIgniter\CodeIgniter->runController()
 4 SYSTEMPATH/CodeIgniter.php(351): CodeIgniter\CodeIgniter->handleRequest()
 5 FCPATH/index.php(67): CodeIgniter\CodeIgniter->run()
CRITICAL - 2023-02-06 06:44:07 --> Call to undefined method App\Models\UserModel::get_webhook_id
in SYSTEMPATH/Model.php on line 774.
 1 APPPATH/Controllers/AppUninstallController.php(29): CodeIgniter\Model->__call()
 2 SYSTEMPATH/CodeIgniter.php(927): App\Controllers\AppUninstallController->uninstall_app()
 3 SYSTEMPATH/CodeIgniter.php(482): CodeIgniter\CodeIgniter->runController()
 4 SYSTEMPATH/CodeIgniter.php(351): CodeIgniter\CodeIgniter->handleRequest()
 5 FCPATH/index.php(67): CodeIgniter\CodeIgniter->run()
CRITICAL - 2023-02-06 07:03:57 --> Call to undefined method App\Models\UserModel::get_webhook_id
in SYSTEMPATH/Model.php on line 774.
 1 APPPATH/Controllers/AppUninstallController.php(29): CodeIgniter\Model->__call()
 2 SYSTEMPATH/CodeIgniter.php(927): App\Controllers\AppUninstallController->uninstall_app()
 3 SYSTEMPATH/CodeIgniter.php(482): CodeIgniter\CodeIgniter->runController()
 4 SYSTEMPATH/CodeIgniter.php(351): CodeIgniter\CodeIgniter->handleRequest()
 5 FCPATH/index.php(67): CodeIgniter\CodeIgniter->run()
ERROR - 2023-02-06 07:07:02 --> mysqli_sql_exception: Column 'email' cannot be null in /home/877186.cloudwaysapps.com/yvuxeuwabq/public_html/system/Database/MySQLi/Connection.php:292
Stack trace:
#0 /home/877186.cloudwaysapps.com/yvuxeuwabq/public_html/system/Database/MySQLi/Connection.php(292): mysqli->query()
#1 /home/877186.cloudwaysapps.com/yvuxeuwabq/public_html/system/Database/BaseConnection.php(666): CodeIgniter\Database\MySQLi\Connection->execute()
#2 /home/877186.cloudwaysapps.com/yvuxeuwabq/public_html/system/Database/BaseConnection.php(593): CodeIgniter\Database\BaseConnection->simpleQuery()
#3 /home/877186.cloudwaysapps.com/yvuxeuwabq/public_html/system/Database/BaseBuilder.php(1916): CodeIgniter\Database\BaseConnection->query()
#4 /home/877186.cloudwaysapps.com/yvuxeuwabq/public_html/app/Models/UserModel.php(170): CodeIgniter\Database\BaseBuilder->insert()
#5 /home/877186.cloudwaysapps.com/yvuxeuwabq/public_html/app/Controllers/Home.php(420): App\Models\UserModel->track_orders()
#6 /home/877186.cloudwaysapps.com/yvuxeuwabq/public_html/system/CodeIgniter.php(927): App\Controllers\Home->show_all_orders()
#7 /home/877186.cloudwaysapps.com/yvuxeuwabq/public_html/system/CodeIgniter.php(482): CodeIgniter\CodeIgniter->runController()
#8 /home/877186.cloudwaysapps.com/yvuxeuwabq/public_html/system/CodeIgniter.php(351): CodeIgniter\CodeIgniter->handleRequest()
#9 /home/877186.cloudwaysapps.com/yvuxeuwabq/public_html/public/index.php(67): CodeIgniter\CodeIgniter->run()
#10 {main}
ERROR - 2023-02-06 07:07:06 --> mysqli_sql_exception: Column 'email' cannot be null in /home/877186.cloudwaysapps.com/yvuxeuwabq/public_html/system/Database/MySQLi/Connection.php:292
Stack trace:
#0 /home/877186.cloudwaysapps.com/yvuxeuwabq/public_html/system/Database/MySQLi/Connection.php(292): mysqli->query()
#1 /home/877186.cloudwaysapps.com/yvuxeuwabq/public_html/system/Database/BaseConnection.php(666): CodeIgniter\Database\MySQLi\Connection->execute()
#2 /home/877186.cloudwaysapps.com/yvuxeuwabq/public_html/system/Database/BaseConnection.php(593): CodeIgniter\Database\BaseConnection->simpleQuery()
#3 /home/877186.cloudwaysapps.com/yvuxeuwabq/public_html/system/Database/BaseBuilder.php(1916): CodeIgniter\Database\BaseConnection->query()
#4 /home/877186.cloudwaysapps.com/yvuxeuwabq/public_html/app/Models/UserModel.php(170): CodeIgniter\Database\BaseBuilder->insert()
#5 /home/877186.cloudwaysapps.com/yvuxeuwabq/public_html/app/Controllers/Home.php(420): App\Models\UserModel->track_orders()
#6 /home/877186.cloudwaysapps.com/yvuxeuwabq/public_html/system/CodeIgniter.php(927): App\Controllers\Home->show_all_orders()
#7 /home/877186.cloudwaysapps.com/yvuxeuwabq/public_html/system/CodeIgniter.php(482): CodeIgniter\CodeIgniter->runController()
#8 /home/877186.cloudwaysapps.com/yvuxeuwabq/public_html/system/CodeIgniter.php(351): CodeIgniter\CodeIgniter->handleRequest()
#9 /home/877186.cloudwaysapps.com/yvuxeuwabq/public_html/public/index.php(67): CodeIgniter\CodeIgniter->run()
#10 {main}
CRITICAL - 2023-02-06 07:32:27 --> Call to undefined method App\Models\UserModel::get_webhook_id
in SYSTEMPATH/Model.php on line 774.
 1 APPPATH/Controllers/AppUninstallController.php(29): CodeIgniter\Model->__call()
 2 SYSTEMPATH/CodeIgniter.php(927): App\Controllers\AppUninstallController->uninstall_app()
 3 SYSTEMPATH/CodeIgniter.php(482): CodeIgniter\CodeIgniter->runController()
 4 SYSTEMPATH/CodeIgniter.php(351): CodeIgniter\CodeIgniter->handleRequest()
 5 FCPATH/index.php(67): CodeIgniter\CodeIgniter->run()
CRITICAL - 2023-02-06 07:44:09 --> Call to undefined method App\Models\UserModel::get_webhook_id
in SYSTEMPATH/Model.php on line 774.
 1 APPPATH/Controllers/AppUninstallController.php(29): CodeIgniter\Model->__call()
 2 SYSTEMPATH/CodeIgniter.php(927): App\Controllers\AppUninstallController->uninstall_app()
 3 SYSTEMPATH/CodeIgniter.php(482): CodeIgniter\CodeIgniter->runController()
 4 SYSTEMPATH/CodeIgniter.php(351): CodeIgniter\CodeIgniter->handleRequest()
 5 FCPATH/index.php(67): CodeIgniter\CodeIgniter->run()
ERROR - 2023-02-06 08:23:47 --> mysqli_sql_exception: Column 'email' cannot be null in /home/877186.cloudwaysapps.com/yvuxeuwabq/public_html/system/Database/MySQLi/Connection.php:292
Stack trace:
#0 /home/877186.cloudwaysapps.com/yvuxeuwabq/public_html/system/Database/MySQLi/Connection.php(292): mysqli->query()
#1 /home/877186.cloudwaysapps.com/yvuxeuwabq/public_html/system/Database/BaseConnection.php(666): CodeIgniter\Database\MySQLi\Connection->execute()
#2 /home/877186.cloudwaysapps.com/yvuxeuwabq/public_html/system/Database/BaseConnection.php(593): CodeIgniter\Database\BaseConnection->simpleQuery()
#3 /home/877186.cloudwaysapps.com/yvuxeuwabq/public_html/system/Database/BaseBuilder.php(1916): CodeIgniter\Database\BaseConnection->query()
#4 /home/877186.cloudwaysapps.com/yvuxeuwabq/public_html/app/Models/UserModel.php(170): CodeIgniter\Database\BaseBuilder->insert()
#5 /home/877186.cloudwaysapps.com/yvuxeuwabq/public_html/app/Controllers/Home.php(420): App\Models\UserModel->track_orders()
#6 /home/877186.cloudwaysapps.com/yvuxeuwabq/public_html/system/CodeIgniter.php(927): App\Controllers\Home->show_all_orders()
#7 /home/877186.cloudwaysapps.com/yvuxeuwabq/public_html/system/CodeIgniter.php(482): CodeIgniter\CodeIgniter->runController()
#8 /home/877186.cloudwaysapps.com/yvuxeuwabq/public_html/system/CodeIgniter.php(351): CodeIgniter\CodeIgniter->handleRequest()
#9 /home/877186.cloudwaysapps.com/yvuxeuwabq/public_html/public/index.php(67): CodeIgniter\CodeIgniter->run()
#10 {main}
ERROR - 2023-02-06 08:23:47 --> mysqli_sql_exception: Column 'email' cannot be null in /home/877186.cloudwaysapps.com/yvuxeuwabq/public_html/system/Database/MySQLi/Connection.php:292
Stack trace:
#0 /home/877186.cloudwaysapps.com/yvuxeuwabq/public_html/system/Database/MySQLi/Connection.php(292): mysqli->query()
#1 /home/877186.cloudwaysapps.com/yvuxeuwabq/public_html/system/Database/BaseConnection.php(666): CodeIgniter\Database\MySQLi\Connection->execute()
#2 /home/877186.cloudwaysapps.com/yvuxeuwabq/public_html/system/Database/BaseConnection.php(593): CodeIgniter\Database\BaseConnection->simpleQuery()
#3 /home/877186.cloudwaysapps.com/yvuxeuwabq/public_html/system/Database/BaseBuilder.php(1916): CodeIgniter\Database\BaseConnection->query()
#4 /home/877186.cloudwaysapps.com/yvuxeuwabq/public_html/app/Models/UserModel.php(170): CodeIgniter\Database\BaseBuilder->insert()
#5 /home/877186.cloudwaysapps.com/yvuxeuwabq/public_html/app/Controllers/Home.php(420): App\Models\UserModel->track_orders()
#6 /home/877186.cloudwaysapps.com/yvuxeuwabq/public_html/system/CodeIgniter.php(927): App\Controllers\Home->show_all_orders()
#7 /home/877186.cloudwaysapps.com/yvuxeuwabq/public_html/system/CodeIgniter.php(482): CodeIgniter\CodeIgniter->runController()
#8 /home/877186.cloudwaysapps.com/yvuxeuwabq/public_html/system/CodeIgniter.php(351): CodeIgniter\CodeIgniter->handleRequest()
#9 /home/877186.cloudwaysapps.com/yvuxeuwabq/public_html/public/index.php(67): CodeIgniter\CodeIgniter->run()
#10 {main}
ERROR - 2023-02-06 08:23:51 --> mysqli_sql_exception: Column 'email' cannot be null in /home/877186.cloudwaysapps.com/yvuxeuwabq/public_html/system/Database/MySQLi/Connection.php:292
Stack trace:
#0 /home/877186.cloudwaysapps.com/yvuxeuwabq/public_html/system/Database/MySQLi/Connection.php(292): mysqli->query()
#1 /home/877186.cloudwaysapps.com/yvuxeuwabq/public_html/system/Database/BaseConnection.php(666): CodeIgniter\Database\MySQLi\Connection->execute()
#2 /home/877186.cloudwaysapps.com/yvuxeuwabq/public_html/system/Database/BaseConnection.php(593): CodeIgniter\Database\BaseConnection->simpleQuery()
#3 /home/877186.cloudwaysapps.com/yvuxeuwabq/public_html/system/Database/BaseBuilder.php(1916): CodeIgniter\Database\BaseConnection->query()
#4 /home/877186.cloudwaysapps.com/yvuxeuwabq/public_html/app/Models/UserModel.php(170): CodeIgniter\Database\BaseBuilder->insert()
#5 /home/877186.cloudwaysapps.com/yvuxeuwabq/public_html/app/Controllers/Home.php(420): App\Models\UserModel->track_orders()
#6 /home/877186.cloudwaysapps.com/yvuxeuwabq/public_html/system/CodeIgniter.php(927): App\Controllers\Home->show_all_orders()
#7 /home/877186.cloudwaysapps.com/yvuxeuwabq/public_html/system/CodeIgniter.php(482): CodeIgniter\CodeIgniter->runController()
#8 /home/877186.cloudwaysapps.com/yvuxeuwabq/public_html/system/CodeIgniter.php(351): CodeIgniter\CodeIgniter->handleRequest()
#9 /home/877186.cloudwaysapps.com/yvuxeuwabq/public_html/public/index.php(67): CodeIgniter\CodeIgniter->run()
#10 {main}
ERROR - 2023-02-06 08:26:15 --> mysqli_sql_exception: Column 'email' cannot be null in /home/877186.cloudwaysapps.com/yvuxeuwabq/public_html/system/Database/MySQLi/Connection.php:292
Stack trace:
#0 /home/877186.cloudwaysapps.com/yvuxeuwabq/public_html/system/Database/MySQLi/Connection.php(292): mysqli->query()
#1 /home/877186.cloudwaysapps.com/yvuxeuwabq/public_html/system/Database/BaseConnection.php(666): CodeIgniter\Database\MySQLi\Connection->execute()
#2 /home/877186.cloudwaysapps.com/yvuxeuwabq/public_html/system/Database/BaseConnection.php(593): CodeIgniter\Database\BaseConnection->simpleQuery()
#3 /home/877186.cloudwaysapps.com/yvuxeuwabq/public_html/system/Database/BaseBuilder.php(1916): CodeIgniter\Database\BaseConnection->query()
#4 /home/877186.cloudwaysapps.com/yvuxeuwabq/public_html/app/Models/UserModel.php(170): CodeIgniter\Database\BaseBuilder->insert()
#5 /home/877186.cloudwaysapps.com/yvuxeuwabq/public_html/app/Controllers/Home.php(420): App\Models\UserModel->track_orders()
#6 /home/877186.cloudwaysapps.com/yvuxeuwabq/public_html/system/CodeIgniter.php(927): App\Controllers\Home->show_all_orders()
#7 /home/877186.cloudwaysapps.com/yvuxeuwabq/public_html/system/CodeIgniter.php(482): CodeIgniter\CodeIgniter->runController()
#8 /home/877186.cloudwaysapps.com/yvuxeuwabq/public_html/system/CodeIgniter.php(351): CodeIgniter\CodeIgniter->handleRequest()
#9 /home/877186.cloudwaysapps.com/yvuxeuwabq/public_html/public/index.php(67): CodeIgniter\CodeIgniter->run()
#10 {main}
ERROR - 2023-02-06 08:26:24 --> mysqli_sql_exception: Column 'email' cannot be null in /home/877186.cloudwaysapps.com/yvuxeuwabq/public_html/system/Database/MySQLi/Connection.php:292
Stack trace:
#0 /home/877186.cloudwaysapps.com/yvuxeuwabq/public_html/system/Database/MySQLi/Connection.php(292): mysqli->query()
#1 /home/877186.cloudwaysapps.com/yvuxeuwabq/public_html/system/Database/BaseConnection.php(666): CodeIgniter\Database\MySQLi\Connection->execute()
#2 /home/877186.cloudwaysapps.com/yvuxeuwabq/public_html/system/Database/BaseConnection.php(593): CodeIgniter\Database\BaseConnection->simpleQuery()
#3 /home/877186.cloudwaysapps.com/yvuxeuwabq/public_html/system/Database/BaseBuilder.php(1916): CodeIgniter\Database\BaseConnection->query()
#4 /home/877186.cloudwaysapps.com/yvuxeuwabq/public_html/app/Models/UserModel.php(170): CodeIgniter\Database\BaseBuilder->insert()
#5 /home/877186.cloudwaysapps.com/yvuxeuwabq/public_html/app/Controllers/Home.php(420): App\Models\UserModel->track_orders()
#6 /home/877186.cloudwaysapps.com/yvuxeuwabq/public_html/system/CodeIgniter.php(927): App\Controllers\Home->show_all_orders()
#7 /home/877186.cloudwaysapps.com/yvuxeuwabq/public_html/system/CodeIgniter.php(482): CodeIgniter\CodeIgniter->runController()
#8 /home/877186.cloudwaysapps.com/yvuxeuwabq/public_html/system/CodeIgniter.php(351): CodeIgniter\CodeIgniter->handleRequest()
#9 /home/877186.cloudwaysapps.com/yvuxeuwabq/public_html/public/index.php(67): CodeIgniter\CodeIgniter->run()
#10 {main}
ERROR - 2023-02-06 08:26:25 --> mysqli_sql_exception: Column 'email' cannot be null in /home/877186.cloudwaysapps.com/yvuxeuwabq/public_html/system/Database/MySQLi/Connection.php:292
Stack trace:
#0 /home/877186.cloudwaysapps.com/yvuxeuwabq/public_html/system/Database/MySQLi/Connection.php(292): mysqli->query()
#1 /home/877186.cloudwaysapps.com/yvuxeuwabq/public_html/system/Database/BaseConnection.php(666): CodeIgniter\Database\MySQLi\Connection->execute()
#2 /home/877186.cloudwaysapps.com/yvuxeuwabq/public_html/system/Database/BaseConnection.php(593): CodeIgniter\Database\BaseConnection->simpleQuery()
#3 /home/877186.cloudwaysapps.com/yvuxeuwabq/public_html/system/Database/BaseBuilder.php(1916): CodeIgniter\Database\BaseConnection->query()
#4 /home/877186.cloudwaysapps.com/yvuxeuwabq/public_html/app/Models/UserModel.php(170): CodeIgniter\Database\BaseBuilder->insert()
#5 /home/877186.cloudwaysapps.com/yvuxeuwabq/public_html/app/Controllers/Home.php(420): App\Models\UserModel->track_orders()
#6 /home/877186.cloudwaysapps.com/yvuxeuwabq/public_html/system/CodeIgniter.php(927): App\Controllers\Home->show_all_orders()
#7 /home/877186.cloudwaysapps.com/yvuxeuwabq/public_html/system/CodeIgniter.php(482): CodeIgniter\CodeIgniter->runController()
#8 /home/877186.cloudwaysapps.com/yvuxeuwabq/public_html/system/CodeIgniter.php(351): CodeIgniter\CodeIgniter->handleRequest()
#9 /home/877186.cloudwaysapps.com/yvuxeuwabq/public_html/public/index.php(67): CodeIgniter\CodeIgniter->run()
#10 {main}
CRITICAL - 2023-02-06 08:27:50 --> Call to undefined method App\Models\UserModel::get_webhook_id
in SYSTEMPATH/Model.php on line 774.
 1 APPPATH/Controllers/AppUninstallController.php(29): CodeIgniter\Model->__call()
 2 SYSTEMPATH/CodeIgniter.php(927): App\Controllers\AppUninstallController->uninstall_app()
 3 SYSTEMPATH/CodeIgniter.php(482): CodeIgniter\CodeIgniter->runController()
 4 SYSTEMPATH/CodeIgniter.php(351): CodeIgniter\CodeIgniter->handleRequest()
 5 FCPATH/index.php(67): CodeIgniter\CodeIgniter->run()
CRITICAL - 2023-02-06 08:28:52 --> Call to undefined method App\Models\UserModel::get_webhook_id
in SYSTEMPATH/Model.php on line 774.
 1 APPPATH/Controllers/AppUninstallController.php(29): CodeIgniter\Model->__call()
 2 SYSTEMPATH/CodeIgniter.php(927): App\Controllers\AppUninstallController->uninstall_app()
 3 SYSTEMPATH/CodeIgniter.php(482): CodeIgniter\CodeIgniter->runController()
 4 SYSTEMPATH/CodeIgniter.php(351): CodeIgniter\CodeIgniter->handleRequest()
 5 FCPATH/index.php(67): CodeIgniter\CodeIgniter->run()
CRITICAL - 2023-02-06 08:30:54 --> Call to undefined method App\Models\UserModel::get_webhook_id
in SYSTEMPATH/Model.php on line 774.
 1 APPPATH/Controllers/AppUninstallController.php(29): CodeIgniter\Model->__call()
 2 SYSTEMPATH/CodeIgniter.php(927): App\Controllers\AppUninstallController->uninstall_app()
 3 SYSTEMPATH/CodeIgniter.php(482): CodeIgniter\CodeIgniter->runController()
 4 SYSTEMPATH/CodeIgniter.php(351): CodeIgniter\CodeIgniter->handleRequest()
 5 FCPATH/index.php(67): CodeIgniter\CodeIgniter->run()
CRITICAL - 2023-02-06 08:32:57 --> Call to undefined method App\Models\UserModel::get_webhook_id
in SYSTEMPATH/Model.php on line 774.
 1 APPPATH/Controllers/AppUninstallController.php(29): CodeIgniter\Model->__call()
 2 SYSTEMPATH/CodeIgniter.php(927): App\Controllers\AppUninstallController->uninstall_app()
 3 SYSTEMPATH/CodeIgniter.php(482): CodeIgniter\CodeIgniter->runController()
 4 SYSTEMPATH/CodeIgniter.php(351): CodeIgniter\CodeIgniter->handleRequest()
 5 FCPATH/index.php(67): CodeIgniter\CodeIgniter->run()
CRITICAL - 2023-02-06 08:37:59 --> Call to undefined method App\Models\UserModel::get_webhook_id
in SYSTEMPATH/Model.php on line 774.
 1 APPPATH/Controllers/AppUninstallController.php(29): CodeIgniter\Model->__call()
 2 SYSTEMPATH/CodeIgniter.php(927): App\Controllers\AppUninstallController->uninstall_app()
 3 SYSTEMPATH/CodeIgniter.php(482): CodeIgniter\CodeIgniter->runController()
 4 SYSTEMPATH/CodeIgniter.php(351): CodeIgniter\CodeIgniter->handleRequest()
 5 FCPATH/index.php(67): CodeIgniter\CodeIgniter->run()
CRITICAL - 2023-02-06 09:00:00 --> Call to undefined method App\Models\UserModel::get_webhook_id
in SYSTEMPATH/Model.php on line 774.
 1 APPPATH/Controllers/AppUninstallController.php(29): CodeIgniter\Model->__call()
 2 SYSTEMPATH/CodeIgniter.php(927): App\Controllers\AppUninstallController->uninstall_app()
 3 SYSTEMPATH/CodeIgniter.php(482): CodeIgniter\CodeIgniter->runController()
 4 SYSTEMPATH/CodeIgniter.php(351): CodeIgniter\CodeIgniter->handleRequest()
 5 FCPATH/index.php(67): CodeIgniter\CodeIgniter->run()
CRITICAL - 2023-02-06 09:03:58 --> Call to undefined method App\Models\UserModel::get_webhook_id
in SYSTEMPATH/Model.php on line 774.
 1 APPPATH/Controllers/AppUninstallController.php(29): CodeIgniter\Model->__call()
 2 SYSTEMPATH/CodeIgniter.php(927): App\Controllers\AppUninstallController->uninstall_app()
 3 SYSTEMPATH/CodeIgniter.php(482): CodeIgniter\CodeIgniter->runController()
 4 SYSTEMPATH/CodeIgniter.php(351): CodeIgniter\CodeIgniter->handleRequest()
 5 FCPATH/index.php(67): CodeIgniter\CodeIgniter->run()
CRITICAL - 2023-02-06 09:30:02 --> Call to undefined method App\Models\UserModel::get_webhook_id
in SYSTEMPATH/Model.php on line 774.
 1 APPPATH/Controllers/AppUninstallController.php(29): CodeIgniter\Model->__call()
 2 SYSTEMPATH/CodeIgniter.php(927): App\Controllers\AppUninstallController->uninstall_app()
 3 SYSTEMPATH/CodeIgniter.php(482): CodeIgniter\CodeIgniter->runController()
 4 SYSTEMPATH/CodeIgniter.php(351): CodeIgniter\CodeIgniter->handleRequest()
 5 FCPATH/index.php(67): CodeIgniter\CodeIgniter->run()
CRITICAL - 2023-02-06 09:32:29 --> Call to undefined method App\Models\UserModel::get_webhook_id
in SYSTEMPATH/Model.php on line 774.
 1 APPPATH/Controllers/AppUninstallController.php(29): CodeIgniter\Model->__call()
 2 SYSTEMPATH/CodeIgniter.php(927): App\Controllers\AppUninstallController->uninstall_app()
 3 SYSTEMPATH/CodeIgniter.php(482): CodeIgniter\CodeIgniter->runController()
 4 SYSTEMPATH/CodeIgniter.php(351): CodeIgniter\CodeIgniter->handleRequest()
 5 FCPATH/index.php(67): CodeIgniter\CodeIgniter->run()
CRITICAL - 2023-02-06 09:44:10 --> Call to undefined method App\Models\UserModel::get_webhook_id
in SYSTEMPATH/Model.php on line 774.
 1 APPPATH/Controllers/AppUninstallController.php(29): CodeIgniter\Model->__call()
 2 SYSTEMPATH/CodeIgniter.php(927): App\Controllers\AppUninstallController->uninstall_app()
 3 SYSTEMPATH/CodeIgniter.php(482): CodeIgniter\CodeIgniter->runController()
 4 SYSTEMPATH/CodeIgniter.php(351): CodeIgniter\CodeIgniter->handleRequest()
 5 FCPATH/index.php(67): CodeIgniter\CodeIgniter->run()
CRITICAL - 2023-02-06 10:30:04 --> Call to undefined method App\Models\UserModel::get_webhook_id
in SYSTEMPATH/Model.php on line 774.
 1 APPPATH/Controllers/AppUninstallController.php(29): CodeIgniter\Model->__call()
 2 SYSTEMPATH/CodeIgniter.php(927): App\Controllers\AppUninstallController->uninstall_app()
 3 SYSTEMPATH/CodeIgniter.php(482): CodeIgniter\CodeIgniter->runController()
 4 SYSTEMPATH/CodeIgniter.php(351): CodeIgniter\CodeIgniter->handleRequest()
 5 FCPATH/index.php(67): CodeIgniter\CodeIgniter->run()
CRITICAL - 2023-02-06 12:30:06 --> Call to undefined method App\Models\UserModel::get_webhook_id
in SYSTEMPATH/Model.php on line 774.
 1 APPPATH/Controllers/AppUninstallController.php(29): CodeIgniter\Model->__call()
 2 SYSTEMPATH/CodeIgniter.php(927): App\Controllers\AppUninstallController->uninstall_app()
 3 SYSTEMPATH/CodeIgniter.php(482): CodeIgniter\CodeIgniter->runController()
 4 SYSTEMPATH/CodeIgniter.php(351): CodeIgniter\CodeIgniter->handleRequest()
 5 FCPATH/index.php(67): CodeIgniter\CodeIgniter->run()
CRITICAL - 2023-02-06 13:04:00 --> Call to undefined method App\Models\UserModel::get_webhook_id
in SYSTEMPATH/Model.php on line 774.
 1 APPPATH/Controllers/AppUninstallController.php(29): CodeIgniter\Model->__call()
 2 SYSTEMPATH/CodeIgniter.php(927): App\Controllers\AppUninstallController->uninstall_app()
 3 SYSTEMPATH/CodeIgniter.php(482): CodeIgniter\CodeIgniter->runController()
 4 SYSTEMPATH/CodeIgniter.php(351): CodeIgniter\CodeIgniter->handleRequest()
 5 FCPATH/index.php(67): CodeIgniter\CodeIgniter->run()
CRITICAL - 2023-02-06 13:32:31 --> Call to undefined method App\Models\UserModel::get_webhook_id
in SYSTEMPATH/Model.php on line 774.
 1 APPPATH/Controllers/AppUninstallController.php(29): CodeIgniter\Model->__call()
 2 SYSTEMPATH/CodeIgniter.php(927): App\Controllers\AppUninstallController->uninstall_app()
 3 SYSTEMPATH/CodeIgniter.php(482): CodeIgniter\CodeIgniter->runController()
 4 SYSTEMPATH/CodeIgniter.php(351): CodeIgniter\CodeIgniter->handleRequest()
 5 FCPATH/index.php(67): CodeIgniter\CodeIgniter->run()
CRITICAL - 2023-02-06 13:44:13 --> Call to undefined method App\Models\UserModel::get_webhook_id
in SYSTEMPATH/Model.php on line 774.
 1 APPPATH/Controllers/AppUninstallController.php(29): CodeIgniter\Model->__call()
 2 SYSTEMPATH/CodeIgniter.php(927): App\Controllers\AppUninstallController->uninstall_app()
 3 SYSTEMPATH/CodeIgniter.php(482): CodeIgniter\CodeIgniter->runController()
 4 SYSTEMPATH/CodeIgniter.php(351): CodeIgniter\CodeIgniter->handleRequest()
 5 FCPATH/index.php(67): CodeIgniter\CodeIgniter->run()
CRITICAL - 2023-02-06 16:30:07 --> Call to undefined method App\Models\UserModel::get_webhook_id
in SYSTEMPATH/Model.php on line 774.
 1 APPPATH/Controllers/AppUninstallController.php(29): CodeIgniter\Model->__call()
 2 SYSTEMPATH/CodeIgniter.php(927): App\Controllers\AppUninstallController->uninstall_app()
 3 SYSTEMPATH/CodeIgniter.php(482): CodeIgniter\CodeIgniter->runController()
 4 SYSTEMPATH/CodeIgniter.php(351): CodeIgniter\CodeIgniter->handleRequest()
 5 FCPATH/index.php(67): CodeIgniter\CodeIgniter->run()
CRITICAL - 2023-02-06 17:04:02 --> Call to undefined method App\Models\UserModel::get_webhook_id
in SYSTEMPATH/Model.php on line 774.
 1 APPPATH/Controllers/AppUninstallController.php(29): CodeIgniter\Model->__call()
 2 SYSTEMPATH/CodeIgniter.php(927): App\Controllers\AppUninstallController->uninstall_app()
 3 SYSTEMPATH/CodeIgniter.php(482): CodeIgniter\CodeIgniter->runController()
 4 SYSTEMPATH/CodeIgniter.php(351): CodeIgniter\CodeIgniter->handleRequest()
 5 FCPATH/index.php(67): CodeIgniter\CodeIgniter->run()
CRITICAL - 2023-02-06 17:32:33 --> Call to undefined method App\Models\UserModel::get_webhook_id
in SYSTEMPATH/Model.php on line 774.
 1 APPPATH/Controllers/AppUninstallController.php(29): CodeIgniter\Model->__call()
 2 SYSTEMPATH/CodeIgniter.php(927): App\Controllers\AppUninstallController->uninstall_app()
 3 SYSTEMPATH/CodeIgniter.php(482): CodeIgniter\CodeIgniter->runController()
 4 SYSTEMPATH/CodeIgniter.php(351): CodeIgniter\CodeIgniter->handleRequest()
 5 FCPATH/index.php(67): CodeIgniter\CodeIgniter->run()
CRITICAL - 2023-02-06 17:44:14 --> Call to undefined method App\Models\UserModel::get_webhook_id
in SYSTEMPATH/Model.php on line 774.
 1 APPPATH/Controllers/AppUninstallController.php(29): CodeIgniter\Model->__call()
 2 SYSTEMPATH/CodeIgniter.php(927): App\Controllers\AppUninstallController->uninstall_app()
 3 SYSTEMPATH/CodeIgniter.php(482): CodeIgniter\CodeIgniter->runController()
 4 SYSTEMPATH/CodeIgniter.php(351): CodeIgniter\CodeIgniter->handleRequest()
 5 FCPATH/index.php(67): CodeIgniter\CodeIgniter->run()
CRITICAL - 2023-02-06 20:30:09 --> Call to undefined method App\Models\UserModel::get_webhook_id
in SYSTEMPATH/Model.php on line 774.
 1 APPPATH/Controllers/AppUninstallController.php(29): CodeIgniter\Model->__call()
 2 SYSTEMPATH/CodeIgniter.php(927): App\Controllers\AppUninstallController->uninstall_app()
 3 SYSTEMPATH/CodeIgniter.php(482): CodeIgniter\CodeIgniter->runController()
 4 SYSTEMPATH/CodeIgniter.php(351): CodeIgniter\CodeIgniter->handleRequest()
 5 FCPATH/index.php(67): CodeIgniter\CodeIgniter->run()
CRITICAL - 2023-02-06 21:04:03 --> Call to undefined method App\Models\UserModel::get_webhook_id
in SYSTEMPATH/Model.php on line 774.
 1 APPPATH/Controllers/AppUninstallController.php(29): CodeIgniter\Model->__call()
 2 SYSTEMPATH/CodeIgniter.php(927): App\Controllers\AppUninstallController->uninstall_app()
 3 SYSTEMPATH/CodeIgniter.php(482): CodeIgniter\CodeIgniter->runController()
 4 SYSTEMPATH/CodeIgniter.php(351): CodeIgniter\CodeIgniter->handleRequest()
 5 FCPATH/index.php(67): CodeIgniter\CodeIgniter->run()
CRITICAL - 2023-02-06 21:32:34 --> Call to undefined method App\Models\UserModel::get_webhook_id
in SYSTEMPATH/Model.php on line 774.
 1 APPPATH/Controllers/AppUninstallController.php(29): CodeIgniter\Model->__call()
 2 SYSTEMPATH/CodeIgniter.php(927): App\Controllers\AppUninstallController->uninstall_app()
 3 SYSTEMPATH/CodeIgniter.php(482): CodeIgniter\CodeIgniter->runController()
 4 SYSTEMPATH/CodeIgniter.php(351): CodeIgniter\CodeIgniter->handleRequest()
 5 FCPATH/index.php(67): CodeIgniter\CodeIgniter->run()
CRITICAL - 2023-02-06 21:44:15 --> Call to undefined method App\Models\UserModel::get_webhook_id
in SYSTEMPATH/Model.php on line 774.
 1 APPPATH/Controllers/AppUninstallController.php(29): CodeIgniter\Model->__call()
 2 SYSTEMPATH/CodeIgniter.php(927): App\Controllers\AppUninstallController->uninstall_app()
 3 SYSTEMPATH/CodeIgniter.php(482): CodeIgniter\CodeIgniter->runController()
 4 SYSTEMPATH/CodeIgniter.php(351): CodeIgniter\CodeIgniter->handleRequest()
 5 FCPATH/index.php(67): CodeIgniter\CodeIgniter->run()
