CRITICAL - 2023-06-15 06:24:02 --> Invalid argument supplied for foreach()
in APPPATH/Controllers/FrontController.php on line 96.
 1 APPPATH/Controllers/FrontController.php(96): CodeIgniter\Debug\Exceptions->errorHandler(2, 'Invalid argument supplied for foreach()', 'APPPATH/Controllers/FrontController.php', 96, [...])
 2 SYSTEMPATH/CodeIgniter.php(927): App\Controllers\FrontController->create_draft_order()
 3 SYSTEMPATH/CodeIgniter.php(482): CodeIgniter\CodeIgniter->runController(Object(App\Controllers\FrontController))
 4 SYSTEMPATH/CodeIgniter.php(351): CodeIgniter\CodeIgniter->handleRequest(null, Object(Config\Cache), false)
 5 FCPATH/index.php(67): CodeIgniter\CodeIgniter->run()
CRITICAL - 2023-06-15 06:24:02 --> Invalid argument supplied for foreach()
in APPPATH/Controllers/FrontController.php on line 96.
 1 APPPATH/Controllers/FrontController.php(96): CodeIgniter\Debug\Exceptions->errorHandler(2, 'Invalid argument supplied for foreach()', 'APPPATH/Controllers/FrontController.php', 96, [...])
 2 SYSTEMPATH/CodeIgniter.php(927): App\Controllers\FrontController->create_draft_order()
 3 SYSTEMPATH/CodeIgniter.php(482): CodeIgniter\CodeIgniter->runController(Object(App\Controllers\FrontController))
 4 SYSTEMPATH/CodeIgniter.php(351): CodeIgniter\CodeIgniter->handleRequest(null, Object(Config\Cache), false)
 5 FCPATH/index.php(67): CodeIgniter\CodeIgniter->run()
CRITICAL - 2023-06-15 07:21:30 --> Invalid argument supplied for foreach()
in APPPATH/Controllers/FrontController.php on line 96.
 1 APPPATH/Controllers/FrontController.php(96): CodeIgniter\Debug\Exceptions->errorHandler(2, 'Invalid argument supplied for foreach()', 'APPPATH/Controllers/FrontController.php', 96, [...])
 2 SYSTEMPATH/CodeIgniter.php(927): App\Controllers\FrontController->create_draft_order()
 3 SYSTEMPATH/CodeIgniter.php(482): CodeIgniter\CodeIgniter->runController(Object(App\Controllers\FrontController))
 4 SYSTEMPATH/CodeIgniter.php(351): CodeIgniter\CodeIgniter->handleRequest(null, Object(Config\Cache), false)
 5 FCPATH/index.php(67): CodeIgniter\CodeIgniter->run()
CRITICAL - 2023-06-15 07:21:30 --> Invalid argument supplied for foreach()
in APPPATH/Controllers/FrontController.php on line 96.
 1 APPPATH/Controllers/FrontController.php(96): CodeIgniter\Debug\Exceptions->errorHandler(2, 'Invalid argument supplied for foreach()', 'APPPATH/Controllers/FrontController.php', 96, [...])
 2 SYSTEMPATH/CodeIgniter.php(927): App\Controllers\FrontController->create_draft_order()
 3 SYSTEMPATH/CodeIgniter.php(482): CodeIgniter\CodeIgniter->runController(Object(App\Controllers\FrontController))
 4 SYSTEMPATH/CodeIgniter.php(351): CodeIgniter\CodeIgniter->handleRequest(null, Object(Config\Cache), false)
 5 FCPATH/index.php(67): CodeIgniter\CodeIgniter->run()
CRITICAL - 2023-06-15 07:42:44 --> Invalid argument supplied for foreach()
in APPPATH/Controllers/FrontController.php on line 96.
 1 APPPATH/Controllers/FrontController.php(96): CodeIgniter\Debug\Exceptions->errorHandler(2, 'Invalid argument supplied for foreach()', 'APPPATH/Controllers/FrontController.php', 96, [...])
 2 SYSTEMPATH/CodeIgniter.php(927): App\Controllers\FrontController->create_draft_order()
 3 SYSTEMPATH/CodeIgniter.php(482): CodeIgniter\CodeIgniter->runController(Object(App\Controllers\FrontController))
 4 SYSTEMPATH/CodeIgniter.php(351): CodeIgniter\CodeIgniter->handleRequest(null, Object(Config\Cache), false)
 5 FCPATH/index.php(67): CodeIgniter\CodeIgniter->run()
CRITICAL - 2023-06-15 07:43:01 --> Invalid argument supplied for foreach()
in APPPATH/Controllers/FrontController.php on line 96.
 1 APPPATH/Controllers/FrontController.php(96): CodeIgniter\Debug\Exceptions->errorHandler(2, 'Invalid argument supplied for foreach()', 'APPPATH/Controllers/FrontController.php', 96, [...])
 2 SYSTEMPATH/CodeIgniter.php(927): App\Controllers\FrontController->create_draft_order()
 3 SYSTEMPATH/CodeIgniter.php(482): CodeIgniter\CodeIgniter->runController(Object(App\Controllers\FrontController))
 4 SYSTEMPATH/CodeIgniter.php(351): CodeIgniter\CodeIgniter->handleRequest(null, Object(Config\Cache), false)
 5 FCPATH/index.php(67): CodeIgniter\CodeIgniter->run()
CRITICAL - 2023-06-15 07:52:59 --> Invalid argument supplied for foreach()
in APPPATH/Controllers/FrontController.php on line 96.
 1 APPPATH/Controllers/FrontController.php(96): CodeIgniter\Debug\Exceptions->errorHandler(2, 'Invalid argument supplied for foreach()', 'APPPATH/Controllers/FrontController.php', 96, [...])
 2 SYSTEMPATH/CodeIgniter.php(927): App\Controllers\FrontController->create_draft_order()
 3 SYSTEMPATH/CodeIgniter.php(482): CodeIgniter\CodeIgniter->runController(Object(App\Controllers\FrontController))
 4 SYSTEMPATH/CodeIgniter.php(351): CodeIgniter\CodeIgniter->handleRequest(null, Object(Config\Cache), false)
 5 FCPATH/index.php(67): CodeIgniter\CodeIgniter->run()
CRITICAL - 2023-06-15 07:53:11 --> Invalid argument supplied for foreach()
in APPPATH/Controllers/FrontController.php on line 96.
 1 APPPATH/Controllers/FrontController.php(96): CodeIgniter\Debug\Exceptions->errorHandler(2, 'Invalid argument supplied for foreach()', 'APPPATH/Controllers/FrontController.php', 96, [...])
 2 SYSTEMPATH/CodeIgniter.php(927): App\Controllers\FrontController->create_draft_order()
 3 SYSTEMPATH/CodeIgniter.php(482): CodeIgniter\CodeIgniter->runController(Object(App\Controllers\FrontController))
 4 SYSTEMPATH/CodeIgniter.php(351): CodeIgniter\CodeIgniter->handleRequest(null, Object(Config\Cache), false)
 5 FCPATH/index.php(67): CodeIgniter\CodeIgniter->run()
