CRITICAL - 2023-05-24 00:07:34 --> Illegal string offset 'body'
in APPPATH/Controllers/AppwhookController.php on line 125.
 1 APPPATH/Controllers/AppwhookController.php(125): CodeIgniter\Debug\Exceptions->errorHandler(2, 'Illegal string offset \'body\'', 'APPPATH/Controllers/AppwhookController.php', 125, [...])
 2 SYSTEMPATH/CodeIgniter.php(927): App\Controllers\AppwhookController->auto_ordersync()
 3 SYSTEMPATH/CodeIgniter.php(482): CodeIgniter\CodeIgniter->runController(Object(App\Controllers\AppwhookController))
 4 SYSTEMPATH/CodeIgniter.php(351): CodeIgniter\CodeIgniter->handleRequest(null, Object(Config\Cache), false)
 5 FCPATH/index.php(67): CodeIgniter\CodeIgniter->run()
CRITICAL - 2023-05-24 03:52:42 --> Illegal string offset 'body'
in APPPATH/Controllers/AppwhookController.php on line 125.
 1 APPPATH/Controllers/AppwhookController.php(125): CodeIgniter\Debug\Exceptions->errorHandler(2, 'Illegal string offset \'body\'', 'APPPATH/Controllers/AppwhookController.php', 125, [...])
 2 SYSTEMPATH/CodeIgniter.php(927): App\Controllers\AppwhookController->auto_ordersync()
 3 SYSTEMPATH/CodeIgniter.php(482): CodeIgniter\CodeIgniter->runController(Object(App\Controllers\AppwhookController))
 4 SYSTEMPATH/CodeIgniter.php(351): CodeIgniter\CodeIgniter->handleRequest(null, Object(Config\Cache), false)
 5 FCPATH/index.php(67): CodeIgniter\CodeIgniter->run()
CRITICAL - 2023-05-24 04:07:37 --> Illegal string offset 'body'
in APPPATH/Controllers/AppwhookController.php on line 125.
 1 APPPATH/Controllers/AppwhookController.php(125): CodeIgniter\Debug\Exceptions->errorHandler(2, 'Illegal string offset \'body\'', 'APPPATH/Controllers/AppwhookController.php', 125, [...])
 2 SYSTEMPATH/CodeIgniter.php(927): App\Controllers\AppwhookController->auto_ordersync()
 3 SYSTEMPATH/CodeIgniter.php(482): CodeIgniter\CodeIgniter->runController(Object(App\Controllers\AppwhookController))
 4 SYSTEMPATH/CodeIgniter.php(351): CodeIgniter\CodeIgniter->handleRequest(null, Object(Config\Cache), false)
 5 FCPATH/index.php(67): CodeIgniter\CodeIgniter->run()
