CRITICAL - 2023-04-26 03:41:54 --> Call to undefined method App\Models\UserModel::get_webhook_id
in SYSTEMPATH/Model.php on line 774.
 1 APPPATH/Controllers/AppUninstallController.php(29): CodeIgniter\Model->__call('get_webhook_id', [...])
 2 SYSTEMPATH/CodeIgniter.php(927): App\Controllers\AppUninstallController->uninstall_app()
 3 SYSTEMPATH/CodeIgniter.php(482): CodeIgniter\CodeIgniter->runController(Object(App\Controllers\AppUninstallController))
 4 SYSTEMPATH/CodeIgniter.php(351): CodeIgniter\CodeIgniter->handleRequest(null, Object(Config\Cache), false)
 5 FCPATH/index.php(67): CodeIgniter\CodeIgniter->run()
CRITICAL - 2023-04-26 05:57:01 --> Invalid argument supplied for foreach()
in APPPATH/Controllers/Home.php on line 718.
 1 APPPATH/Controllers/Home.php(718): CodeIgniter\Debug\Exceptions->errorHandler(2, 'Invalid argument supplied for foreach()', 'APPPATH/Controllers/Home.php', 718, [...])
 2 SYSTEMPATH/CodeIgniter.php(927): App\Controllers\Home->show_all_orders()
 3 SYSTEMPATH/CodeIgniter.php(482): CodeIgniter\CodeIgniter->runController(Object(App\Controllers\Home))
 4 SYSTEMPATH/CodeIgniter.php(351): CodeIgniter\CodeIgniter->handleRequest(null, Object(Config\Cache), false)
 5 FCPATH/index.php(67): CodeIgniter\CodeIgniter->run()
CRITICAL - 2023-04-26 05:57:44 --> Invalid argument supplied for foreach()
in APPPATH/Controllers/Home.php on line 718.
 1 APPPATH/Controllers/Home.php(718): CodeIgniter\Debug\Exceptions->errorHandler(2, 'Invalid argument supplied for foreach()', 'APPPATH/Controllers/Home.php', 718, [...])
 2 SYSTEMPATH/CodeIgniter.php(927): App\Controllers\Home->show_all_orders()
 3 SYSTEMPATH/CodeIgniter.php(482): CodeIgniter\CodeIgniter->runController(Object(App\Controllers\Home))
 4 SYSTEMPATH/CodeIgniter.php(351): CodeIgniter\CodeIgniter->handleRequest(null, Object(Config\Cache), false)
 5 FCPATH/index.php(67): CodeIgniter\CodeIgniter->run()
CRITICAL - 2023-04-26 07:41:56 --> Call to undefined method App\Models\UserModel::get_webhook_id
in SYSTEMPATH/Model.php on line 774.
 1 APPPATH/Controllers/AppUninstallController.php(29): CodeIgniter\Model->__call('get_webhook_id', [...])
 2 SYSTEMPATH/CodeIgniter.php(927): App\Controllers\AppUninstallController->uninstall_app()
 3 SYSTEMPATH/CodeIgniter.php(482): CodeIgniter\CodeIgniter->runController(Object(App\Controllers\AppUninstallController))
 4 SYSTEMPATH/CodeIgniter.php(351): CodeIgniter\CodeIgniter->handleRequest(null, Object(Config\Cache), false)
 5 FCPATH/index.php(67): CodeIgniter\CodeIgniter->run()
ERROR - 2023-04-26 13:08:26 --> mysqli_sql_exception: Unknown column 'token' in 'field list' in /home/u834391968/domains/cgcolors.co/public_html/shopifypartialapp/system/Database/MySQLi/Connection.php:292
Stack trace:
#0 /home/u834391968/domains/cgcolors.co/public_html/shopifypartialapp/system/Database/MySQLi/Connection.php(292): mysqli->query('UPDATE `shiproc...', 0)
#1 /home/u834391968/domains/cgcolors.co/public_html/shopifypartialapp/system/Database/BaseConnection.php(666): CodeIgniter\Database\MySQLi\Connection->execute('UPDATE `shiproc...')
#2 /home/u834391968/domains/cgcolors.co/public_html/shopifypartialapp/system/Database/BaseConnection.php(593): CodeIgniter\Database\BaseConnection->simpleQuery('UPDATE `shiproc...')
#3 /home/u834391968/domains/cgcolors.co/public_html/shopifypartialapp/system/Database/BaseBuilder.php(2079): CodeIgniter\Database\BaseConnection->query('UPDATE `shiproc...', Array, false)
#4 /home/u834391968/domains/cgcolors.co/public_html/shopifypartialapp/app/Models/UserModel.php(371): CodeIgniter\Database\BaseBuilder->update(Array)
#5 /home/u834391968/domains/cgcolors.co/public_html/shopifypartialapp/app/Controllers/Home.php(1278): App\Models\UserModel->shiprocket_config_db(Array)
#6 /home/u834391968/domains/cgcolors.co/public_html/shopifypartialapp/system/CodeIgniter.php(927): App\Controllers\Home->shiprocket_config()
#7 /home/u834391968/domains/cgcolors.co/public_html/shopifypartialapp/system/CodeIgniter.php(482): CodeIgniter\CodeIgniter->runController(Object(App\Controllers\Home))
#8 /home/u834391968/domains/cgcolors.co/public_html/shopifypartialapp/system/CodeIgniter.php(351): CodeIgniter\CodeIgniter->handleRequest(NULL, Object(Config\Cache), false)
#9 /home/u834391968/domains/cgcolors.co/public_html/shopifypartialapp/public/index.php(67): CodeIgniter\CodeIgniter->run()
#10 {main}
ERROR - 2023-04-26 13:10:08 --> mysqli_sql_exception: Unknown column 'token' in 'field list' in /home/u834391968/domains/cgcolors.co/public_html/shopifypartialapp/system/Database/MySQLi/Connection.php:292
Stack trace:
#0 /home/u834391968/domains/cgcolors.co/public_html/shopifypartialapp/system/Database/MySQLi/Connection.php(292): mysqli->query('UPDATE `shiproc...', 0)
#1 /home/u834391968/domains/cgcolors.co/public_html/shopifypartialapp/system/Database/BaseConnection.php(666): CodeIgniter\Database\MySQLi\Connection->execute('UPDATE `shiproc...')
#2 /home/u834391968/domains/cgcolors.co/public_html/shopifypartialapp/system/Database/BaseConnection.php(593): CodeIgniter\Database\BaseConnection->simpleQuery('UPDATE `shiproc...')
#3 /home/u834391968/domains/cgcolors.co/public_html/shopifypartialapp/system/Database/BaseBuilder.php(2079): CodeIgniter\Database\BaseConnection->query('UPDATE `shiproc...', Array, false)
#4 /home/u834391968/domains/cgcolors.co/public_html/shopifypartialapp/app/Models/UserModel.php(371): CodeIgniter\Database\BaseBuilder->update(Array)
#5 /home/u834391968/domains/cgcolors.co/public_html/shopifypartialapp/app/Controllers/Home.php(1264): App\Models\UserModel->shiprocket_config_db(Array)
#6 /home/u834391968/domains/cgcolors.co/public_html/shopifypartialapp/system/CodeIgniter.php(927): App\Controllers\Home->shiprocket_config()
#7 /home/u834391968/domains/cgcolors.co/public_html/shopifypartialapp/system/CodeIgniter.php(482): CodeIgniter\CodeIgniter->runController(Object(App\Controllers\Home))
#8 /home/u834391968/domains/cgcolors.co/public_html/shopifypartialapp/system/CodeIgniter.php(351): CodeIgniter\CodeIgniter->handleRequest(NULL, Object(Config\Cache), false)
#9 /home/u834391968/domains/cgcolors.co/public_html/shopifypartialapp/public/index.php(67): CodeIgniter\CodeIgniter->run()
#10 {main}
