CRITICAL - 2023-03-31 10:22:43 --> Call to a member function checktokens() on null
in APPPATH/Controllers/Home.php on line 55.
 1 SYSTEMPATH/CodeIgniter.php(927): App\Controllers\Home->index()
 2 SYSTEMPATH/CodeIgniter.php(482): CodeIgniter\CodeIgniter->runController(Object(App\Controllers\Home))
 3 SYSTEMPATH/CodeIgniter.php(351): CodeIgniter\CodeIgniter->handleRequest(null, Object(Config\Cache), false)
 4 FCPATH/index.php(67): CodeIgniter\CodeIgniter->run()
CRITICAL - 2023-03-31 11:03:49 --> Illegal string offset 'body'
in APPPATH/Controllers/Home.php on line 428.
 1 APPPATH/Controllers/Home.php(428): CodeIgniter\Debug\Exceptions->errorHandler(2, 'Illegal string offset \'body\'', 'APPPATH/Controllers/Home.php', 428, [...])
 2 SYSTEMPATH/CodeIgniter.php(927): App\Controllers\Home->show_all_orders()
 3 SYSTEMPATH/CodeIgniter.php(482): CodeIgniter\CodeIgniter->runController(Object(App\Controllers\Home))
 4 SYSTEMPATH/CodeIgniter.php(351): CodeIgniter\CodeIgniter->handleRequest(null, Object(Config\Cache), false)
 5 FCPATH/index.php(67): CodeIgniter\CodeIgniter->run()
CRITICAL - 2023-03-31 11:04:06 --> Illegal string offset 'body'
in APPPATH/Controllers/Home.php on line 428.
 1 APPPATH/Controllers/Home.php(428): CodeIgniter\Debug\Exceptions->errorHandler(2, 'Illegal string offset \'body\'', 'APPPATH/Controllers/Home.php', 428, [...])
 2 SYSTEMPATH/CodeIgniter.php(927): App\Controllers\Home->show_all_orders()
 3 SYSTEMPATH/CodeIgniter.php(482): CodeIgniter\CodeIgniter->runController(Object(App\Controllers\Home))
 4 SYSTEMPATH/CodeIgniter.php(351): CodeIgniter\CodeIgniter->handleRequest(null, Object(Config\Cache), false)
 5 FCPATH/index.php(67): CodeIgniter\CodeIgniter->run()
CRITICAL - 2023-03-31 11:04:58 --> Illegal string offset 'body'
in APPPATH/Controllers/Home.php on line 428.
 1 APPPATH/Controllers/Home.php(428): CodeIgniter\Debug\Exceptions->errorHandler(2, 'Illegal string offset \'body\'', 'APPPATH/Controllers/Home.php', 428, [...])
 2 SYSTEMPATH/CodeIgniter.php(927): App\Controllers\Home->show_all_orders()
 3 SYSTEMPATH/CodeIgniter.php(482): CodeIgniter\CodeIgniter->runController(Object(App\Controllers\Home))
 4 SYSTEMPATH/CodeIgniter.php(351): CodeIgniter\CodeIgniter->handleRequest(null, Object(Config\Cache), false)
 5 FCPATH/index.php(67): CodeIgniter\CodeIgniter->run()
