CRITICAL - 2023-05-10 10:36:53 --> Call to undefined method App\Models\UserModel::get_webhook_id
in SYSTEMPATH/Model.php on line 774.
 1 APPPATH/Controllers/AppUninstallController.php(29): CodeIgniter\Model->__call('get_webhook_id', [...])
 2 SYSTEMPATH/CodeIgniter.php(927): App\Controllers\AppUninstallController->uninstall_app()
 3 SYSTEMPATH/CodeIgniter.php(482): CodeIgniter\CodeIgniter->runController(Object(App\Controllers\AppUninstallController))
 4 SYSTEMPATH/CodeIgniter.php(351): CodeIgniter\CodeIgniter->handleRequest(null, Object(Config\Cache), false)
 5 FCPATH/index.php(67): CodeIgniter\CodeIgniter->run()
CRITICAL - 2023-05-10 10:37:55 --> Call to undefined method App\Models\UserModel::get_webhook_id
in SYSTEMPATH/Model.php on line 774.
 1 APPPATH/Controllers/AppUninstallController.php(29): CodeIgniter\Model->__call('get_webhook_id', [...])
 2 SYSTEMPATH/CodeIgniter.php(927): App\Controllers\AppUninstallController->uninstall_app()
 3 SYSTEMPATH/CodeIgniter.php(482): CodeIgniter\CodeIgniter->runController(Object(App\Controllers\AppUninstallController))
 4 SYSTEMPATH/CodeIgniter.php(351): CodeIgniter\CodeIgniter->handleRequest(null, Object(Config\Cache), false)
 5 FCPATH/index.php(67): CodeIgniter\CodeIgniter->run()
CRITICAL - 2023-05-10 10:39:57 --> Call to undefined method App\Models\UserModel::get_webhook_id
in SYSTEMPATH/Model.php on line 774.
 1 APPPATH/Controllers/AppUninstallController.php(29): CodeIgniter\Model->__call('get_webhook_id', [...])
 2 SYSTEMPATH/CodeIgniter.php(927): App\Controllers\AppUninstallController->uninstall_app()
 3 SYSTEMPATH/CodeIgniter.php(482): CodeIgniter\CodeIgniter->runController(Object(App\Controllers\AppUninstallController))
 4 SYSTEMPATH/CodeIgniter.php(351): CodeIgniter\CodeIgniter->handleRequest(null, Object(Config\Cache), false)
 5 FCPATH/index.php(67): CodeIgniter\CodeIgniter->run()
CRITICAL - 2023-05-10 10:41:58 --> Call to undefined method App\Models\UserModel::get_webhook_id
in SYSTEMPATH/Model.php on line 774.
 1 APPPATH/Controllers/AppUninstallController.php(29): CodeIgniter\Model->__call('get_webhook_id', [...])
 2 SYSTEMPATH/CodeIgniter.php(927): App\Controllers\AppUninstallController->uninstall_app()
 3 SYSTEMPATH/CodeIgniter.php(482): CodeIgniter\CodeIgniter->runController(Object(App\Controllers\AppUninstallController))
 4 SYSTEMPATH/CodeIgniter.php(351): CodeIgniter\CodeIgniter->handleRequest(null, Object(Config\Cache), false)
 5 FCPATH/index.php(67): CodeIgniter\CodeIgniter->run()
CRITICAL - 2023-05-10 10:46:59 --> Call to undefined method App\Models\UserModel::get_webhook_id
in SYSTEMPATH/Model.php on line 774.
 1 APPPATH/Controllers/AppUninstallController.php(29): CodeIgniter\Model->__call('get_webhook_id', [...])
 2 SYSTEMPATH/CodeIgniter.php(927): App\Controllers\AppUninstallController->uninstall_app()
 3 SYSTEMPATH/CodeIgniter.php(482): CodeIgniter\CodeIgniter->runController(Object(App\Controllers\AppUninstallController))
 4 SYSTEMPATH/CodeIgniter.php(351): CodeIgniter\CodeIgniter->handleRequest(null, Object(Config\Cache), false)
 5 FCPATH/index.php(67): CodeIgniter\CodeIgniter->run()
CRITICAL - 2023-05-10 11:09:01 --> Call to undefined method App\Models\UserModel::get_webhook_id
in SYSTEMPATH/Model.php on line 774.
 1 APPPATH/Controllers/AppUninstallController.php(29): CodeIgniter\Model->__call('get_webhook_id', [...])
 2 SYSTEMPATH/CodeIgniter.php(927): App\Controllers\AppUninstallController->uninstall_app()
 3 SYSTEMPATH/CodeIgniter.php(482): CodeIgniter\CodeIgniter->runController(Object(App\Controllers\AppUninstallController))
 4 SYSTEMPATH/CodeIgniter.php(351): CodeIgniter\CodeIgniter->handleRequest(null, Object(Config\Cache), false)
 5 FCPATH/index.php(67): CodeIgniter\CodeIgniter->run()
CRITICAL - 2023-05-10 11:39:03 --> Call to undefined method App\Models\UserModel::get_webhook_id
in SYSTEMPATH/Model.php on line 774.
 1 APPPATH/Controllers/AppUninstallController.php(29): CodeIgniter\Model->__call('get_webhook_id', [...])
 2 SYSTEMPATH/CodeIgniter.php(927): App\Controllers\AppUninstallController->uninstall_app()
 3 SYSTEMPATH/CodeIgniter.php(482): CodeIgniter\CodeIgniter->runController(Object(App\Controllers\AppUninstallController))
 4 SYSTEMPATH/CodeIgniter.php(351): CodeIgniter\CodeIgniter->handleRequest(null, Object(Config\Cache), false)
 5 FCPATH/index.php(67): CodeIgniter\CodeIgniter->run()
CRITICAL - 2023-05-10 12:39:04 --> Call to undefined method App\Models\UserModel::get_webhook_id
in SYSTEMPATH/Model.php on line 774.
 1 APPPATH/Controllers/AppUninstallController.php(29): CodeIgniter\Model->__call('get_webhook_id', [...])
 2 SYSTEMPATH/CodeIgniter.php(927): App\Controllers\AppUninstallController->uninstall_app()
 3 SYSTEMPATH/CodeIgniter.php(482): CodeIgniter\CodeIgniter->runController(Object(App\Controllers\AppUninstallController))
 4 SYSTEMPATH/CodeIgniter.php(351): CodeIgniter\CodeIgniter->handleRequest(null, Object(Config\Cache), false)
 5 FCPATH/index.php(67): CodeIgniter\CodeIgniter->run()
CRITICAL - 2023-05-10 14:39:06 --> Call to undefined method App\Models\UserModel::get_webhook_id
in SYSTEMPATH/Model.php on line 774.
 1 APPPATH/Controllers/AppUninstallController.php(29): CodeIgniter\Model->__call('get_webhook_id', [...])
 2 SYSTEMPATH/CodeIgniter.php(927): App\Controllers\AppUninstallController->uninstall_app()
 3 SYSTEMPATH/CodeIgniter.php(482): CodeIgniter\CodeIgniter->runController(Object(App\Controllers\AppUninstallController))
 4 SYSTEMPATH/CodeIgniter.php(351): CodeIgniter\CodeIgniter->handleRequest(null, Object(Config\Cache), false)
 5 FCPATH/index.php(67): CodeIgniter\CodeIgniter->run()
CRITICAL - 2023-05-10 18:39:07 --> Call to undefined method App\Models\UserModel::get_webhook_id
in SYSTEMPATH/Model.php on line 774.
 1 APPPATH/Controllers/AppUninstallController.php(29): CodeIgniter\Model->__call('get_webhook_id', [...])
 2 SYSTEMPATH/CodeIgniter.php(927): App\Controllers\AppUninstallController->uninstall_app()
 3 SYSTEMPATH/CodeIgniter.php(482): CodeIgniter\CodeIgniter->runController(Object(App\Controllers\AppUninstallController))
 4 SYSTEMPATH/CodeIgniter.php(351): CodeIgniter\CodeIgniter->handleRequest(null, Object(Config\Cache), false)
 5 FCPATH/index.php(67): CodeIgniter\CodeIgniter->run()
CRITICAL - 2023-05-10 22:39:09 --> Call to undefined method App\Models\UserModel::get_webhook_id
in SYSTEMPATH/Model.php on line 774.
 1 APPPATH/Controllers/AppUninstallController.php(29): CodeIgniter\Model->__call('get_webhook_id', [...])
 2 SYSTEMPATH/CodeIgniter.php(927): App\Controllers\AppUninstallController->uninstall_app()
 3 SYSTEMPATH/CodeIgniter.php(482): CodeIgniter\CodeIgniter->runController(Object(App\Controllers\AppUninstallController))
 4 SYSTEMPATH/CodeIgniter.php(351): CodeIgniter\CodeIgniter->handleRequest(null, Object(Config\Cache), false)
 5 FCPATH/index.php(67): CodeIgniter\CodeIgniter->run()
